
> aisystem-backend@0.1.0 build
> nest build

node.exe : [96msrc/modules/attendance/controllers/attendance-schedules.controller.ts[0m:[93m16[0m:[93m10[0m
 - [91merror[0m[90m TS2300: [0mDuplicate identifier 'RateLimit'.
所在位置 D:\Program Files\FlyEnv-Data\env\node\npm.ps1:16 字符: 5
+     & "$basedir/node$exe"  "$basedir/node_modules/npm/bin/npm-cli.js" ...
+     ~~~~~~~~~~~~~~~~~~~~~~~~~~~~~~~~~~~~~~~~~~~~~~~~~~~~~~~~~~~~~~~~~
    + CategoryInfo          : NotSpecified: ([96msrc/module...er 'RateLimit'.:String) [], RemoteException
    + FullyQualifiedErrorId : NativeCommandError
 

[7m16[0m import { RateLimit, RateLimitType } from "../../../common/decorators/rate-limiter.decorator";
[7m  [0m [91m         ~~~~~~~~~[0m
[96msrc/modules/attendance/controllers/attendance-schedules.controller.ts[0m:[93m17[0m:[93m10[0m - [91merr
or[0m[90m TS2300: [0mDuplicate identifier 'Cache'.

[7m17[0m import { Cache } from "../../../common/decorators/cache.decorator";
[7m  [0m [91m         ~~~~~[0m
[96msrc/modules/attendance/controllers/attendance-schedules.controller.ts[0m:[93m18[0m:[93m10[0m - [91merr
or[0m[90m TS2300: [0mDuplicate identifier 'CacheEvict'.

[7m18[0m import { CacheEvict } from "../../../common/decorators/cache-evict.decorator";
[7m  [0m [91m         ~~~~~~~~~~[0m
[96msrc/modules/attendance/controllers/attendance-schedules.controller.ts[0m:[93m19[0m:[93m10[0m - [91merr
or[0m[90m TS2300: [0mDuplicate identifier 'AntiShake'.

[7m19[0m import { AntiShake } from "../../../common/decorators/antishake.decorator";
[7m  [0m [91m         ~~~~~~~~~[0m
[96msrc/modules/attendance/controllers/attendance-schedules.controller.ts[0m:[93m20[0m:[93m10[0m - [91merr
or[0m[90m TS2300: [0mDuplicate identifier 'Idempotent'.

[7m20[0m import { Idempotent } from "../../../common/decorators/idempotent.decorator";
[7m  [0m [91m         ~~~~~~~~~~[0m
[96msrc/modules/attendance/controllers/attendance-schedules.controller.ts[0m:[93m21[0m:[93m10[0m - [91merr
or[0m[90m TS2300: [0mDuplicate identifier 'QueryOptimize'.

[7m21[0m import { QueryOptimize } from "../../../common/decorators/query-optimize.decorator";
[7m  [0m [91m         ~~~~~~~~~~~~~[0m
[96msrc/modules/attendance/controllers/attendance-schedules.controller.ts[0m:[93m28[0m:[93m10[0m - [91merr
or[0m[90m TS2300: [0mDuplicate identifier 'AntiShake'.

[7m28[0m import { AntiShake } from "../../../common/decorators/antishake.decorator";
[7m  [0m [91m         ~~~~~~~~~[0m
[96msrc/modules/attendance/controllers/attendance-schedules.controller.ts[0m:[93m29[0m:[93m10[0m - [91merr
or[0m[90m TS2300: [0mDuplicate identifier 'Idempotent'.

[7m29[0m import { Idempotent } from "../../../common/decorators/idempotent.decorator";
[7m  [0m [91m         ~~~~~~~~~~[0m
[96msrc/modules/attendance/controllers/attendance-schedules.controller.ts[0m:[93m30[0m:[93m10[0m - [91merr
or[0m[90m TS2300: [0mDuplicate identifier 'RateLimit'.

[7m30[0m import { RateLimit } from "../../../common/decorators/rate-limiter.decorator";
[7m  [0m [91m         ~~~~~~~~~[0m
[96msrc/modules/attendance/controllers/attendance-schedules.controller.ts[0m:[93m31[0m:[93m10[0m - [91merr
or[0m[90m TS2300: [0mDuplicate identifier 'Cache'.

[7m31[0m import { Cache } from "../../../common/decorators/cache.decorator";
[7m  [0m [91m         ~~~~~[0m
[96msrc/modules/attendance/controllers/attendance-schedules.controller.ts[0m:[93m32[0m:[93m10[0m - [91merr
or[0m[90m TS2300: [0mDuplicate identifier 'CacheEvict'.

[7m32[0m import { CacheEvict } from "../../../common/decorators/cache-evict.decorator";
[7m  [0m [91m         ~~~~~~~~~~[0m
[96msrc/modules/attendance/controllers/attendance-schedules.controller.ts[0m:[93m33[0m:[93m10[0m - [91merr
or[0m[90m TS2300: [0mDuplicate identifier 'QueryOptimize'.

[7m33[0m import { QueryOptimize } from "../../../common/decorators/query-optimize.decorator";
[7m  [0m [91m         ~~~~~~~~~~~~~[0m
[96msrc/modules/attendance/controllers/attendance-schedules.controller.ts[0m:[93m47[0m:[93m44[0m - [91merr
or[0m[90m TS2339: [0mProperty 'listShifts' does not exist on type 'AttendanceSchedulesService'.

[7m47[0m     return this.attendanceSchedulesService.listShifts(user.sub);
[7m  [0m [91m                                           ~~~~~~~~~~[0m
[96msrc/modules/attendance/controllers/attendance-schedules.controller.ts[0m:[93m54[0m:[93m14[0m - [91merr
or[0m[90m TS2345: [0mArgument of type '{ limit: number; window: number; }' is not assignable to parameter of t
ype 'RateLimitOptions'.
  Property 'type' is missing in type '{ limit: number; window: number; }' but required in type 'RateLimitOptions'
.

[7m54[0m   @RateLimit({ limit: 10, window: 60 })
[7m  [0m [91m             ~~~~~~~~~~~~~~~~~~~~~~~~~[0m

  [96msrc/common/decorators/rate-limiter.decorator.ts[0m:[93m17[0m:[93m3[0m
    [7m17[0m   type: RateLimitType; // 闄愭祦绫诲瀷
    [7m  [0m [96m  ~~~~[0m
    'type' is declared here.
[96msrc/modules/attendance/controllers/attendance-schedules.controller.ts[0m:[93m55[0m:[93m17[0m - [91merr
or[0m[90m TS2353: [0mObject literal may only specify known properties, and 'keys' does not exist in type 'Cach
eEvictOptions'.

[7m55[0m   @CacheEvict({ keys: ["attendance:shifts:*", "attendance:schedules:*"] })
[7m  [0m [91m                ~~~~[0m
[96msrc/modules/attendance/controllers/attendance-schedules.controller.ts[0m:[93m60[0m:[93m44[0m - [91merr
or[0m[90m TS2339: [0mProperty 'createShift' does not exist on type 'AttendanceSchedulesService'.

[7m60[0m     return this.attendanceSchedulesService.createShift(user.sub, dto);
[7m  [0m [91m                                           ~~~~~~~~~~~[0m
[96msrc/modules/attendance/controllers/attendance-schedules.controller.ts[0m:[93m66[0m:[93m14[0m - [91merr
or[0m[90m TS2345: [0mArgument of type '{ limit: number; window: number; }' is not assignable to parameter of t
ype 'RateLimitOptions'.
  Property 'type' is missing in type '{ limit: number; window: number; }' but required in type 'RateLimitOptions'
.

[7m66[0m   @RateLimit({ limit: 20, window: 60 })
[7m  [0m [91m             ~~~~~~~~~~~~~~~~~~~~~~~~~[0m

  [96msrc/common/decorators/rate-limiter.decorator.ts[0m:[93m17[0m:[93m3[0m
    [7m17[0m   type: RateLimitType; // 闄愭祦绫诲瀷
    [7m  [0m [96m  ~~~~[0m
    'type' is declared here.
[96msrc/modules/attendance/controllers/attendance-schedules.controller.ts[0m:[93m67[0m:[93m17[0m - [91merr
or[0m[90m TS2353: [0mObject literal may only specify known properties, and 'keys' does not exist in type 'Cach
eEvictOptions'.

[7m67[0m   @CacheEvict({ keys: ["attendance:shifts:*", "attendance:schedules:*"] })
[7m  [0m [91m                ~~~~[0m
[96msrc/modules/attendance/controllers/attendance-schedules.controller.ts[0m:[93m73[0m:[93m44[0m - [91merr
or[0m[90m TS2339: [0mProperty 'updateShift' does not exist on type 'AttendanceSchedulesService'.

[7m73[0m     return this.attendanceSchedulesService.updateShift(user.sub, id, dto);
[7m  [0m [91m                                           ~~~~~~~~~~~[0m
[96msrc/modules/attendance/controllers/attendance-schedules.controller.ts[0m:[93m79[0m:[93m14[0m - [91merr
or[0m[90m TS2345: [0mArgument of type '{ limit: number; window: number; }' is not assignable to parameter of t
ype 'RateLimitOptions'.
  Property 'type' is missing in type '{ limit: number; window: number; }' but required in type 'RateLimitOptions'
.

[7m79[0m   @RateLimit({ limit: 10, window: 60 })
[7m  [0m [91m             ~~~~~~~~~~~~~~~~~~~~~~~~~[0m

  [96msrc/common/decorators/rate-limiter.decorator.ts[0m:[93m17[0m:[93m3[0m
    [7m17[0m   type: RateLimitType; // 闄愭祦绫诲瀷
    [7m  [0m [96m  ~~~~[0m
    'type' is declared here.
[96msrc/modules/attendance/controllers/attendance-schedules.controller.ts[0m:[93m80[0m:[93m17[0m - [91merr
or[0m[90m TS2353: [0mObject literal may only specify known properties, and 'keys' does not exist in type 'Cach
eEvictOptions'.

[7m80[0m   @CacheEvict({ keys: ["attendance:shifts:*", "attendance:schedules:*"] })
[7m  [0m [91m                ~~~~[0m
[96msrc/modules/attendance/controllers/attendance-schedules.controller.ts[0m:[93m85[0m:[93m44[0m - [91merr
or[0m[90m TS2339: [0mProperty 'removeShift' does not exist on type 'AttendanceSchedulesService'.

[7m85[0m     return this.attendanceSchedulesService.removeShift(user.sub, id);
[7m  [0m [91m                                           ~~~~~~~~~~~[0m
[96msrc/modules/attendance/controllers/attendance-schedules.controller.ts[0m:[93m90[0m:[93m14[0m - [91merr
or[0m[90m TS2345: [0mArgument of type '{ limit: number; window: number; }' is not assignable to parameter of t
ype 'RateLimitOptions'.
  Property 'type' is missing in type '{ limit: number; window: number; }' but required in type 'RateLimitOptions'
.

[7m90[0m   @RateLimit({ limit: 30, window: 60 })
[7m  [0m [91m             ~~~~~~~~~~~~~~~~~~~~~~~~~[0m

  [96msrc/common/decorators/rate-limiter.decorator.ts[0m:[93m17[0m:[93m3[0m
    [7m17[0m   type: RateLimitType; // 闄愭祦绫诲瀷
    [7m  [0m [96m  ~~~~[0m
    'type' is declared here.
[96msrc/modules/attendance/controllers/attendance-schedules.controller.ts[0m:[93m91[0m:[93m12[0m - [91merr
or[0m[90m TS2353: [0mObject literal may only specify known properties, and 'key' does not exist in type 'Cache
Options'.

[7m91[0m   @Cache({ key: "attendance:schedules:list", ttl: 300 })
[7m  [0m [91m           ~~~[0m
[96msrc/modules/attendance/controllers/attendance-schedules.controller.ts[0m:[93m97[0m:[93m44[0m - [91merr
or[0m[90m TS2339: [0mProperty 'getDashboard' does not exist on type 'AttendanceSchedulesService'.

[7m97[0m     return this.attendanceSchedulesService.getDashboard(user.sub, query);
[7m  [0m [91m                                           ~~~~~~~~~~~~[0m
[96msrc/modules/attendance/controllers/attendance-schedules.controller.ts[0m:[93m103[0m:[93m14[0m - [91mer
ror[0m[90m TS2345: [0mArgument of type '{ limit: number; window: number; }' is not assignable to parameter of 
type 'RateLimitOptions'.
  Property 'type' is missing in type '{ limit: number; window: number; }' but required in type 'RateLimitOptions'
.

[7m103[0m   @RateLimit({ limit: 10, window: 60 })
[7m   [0m [91m             ~~~~~~~~~~~~~~~~~~~~~~~~~[0m

  [96msrc/common/decorators/rate-limiter.decorator.ts[0m:[93m17[0m:[93m3[0m
    [7m17[0m   type: RateLimitType; // 闄愭祦绫诲瀷
    [7m  [0m [96m  ~~~~[0m
    'type' is declared here.
[96msrc/modules/attendance/controllers/attendance-schedules.controller.ts[0m:[93m104[0m:[93m17[0m - [91mer
ror[0m[90m TS2353: [0mObject literal may only specify known properties, and 'keys' does not exist in type 'Cac
heEvictOptions'.

[7m104[0m   @CacheEvict({ keys: ["attendance:schedules:*", "attendance:records:*"] })
[7m   [0m [91m                ~~~~[0m
[96msrc/modules/attendance/controllers/attendance-schedules.controller.ts[0m:[93m109[0m:[93m44[0m - [91mer
ror[0m[90m TS2339: [0mProperty 'saveSchedule' does not exist on type 'AttendanceSchedulesService'.

[7m109[0m     return this.attendanceSchedulesService.saveSchedule(user.sub, dto);
[7m   [0m [91m                                           ~~~~~~~~~~~~[0m
[96msrc/modules/attendance/controllers/attendance-schedules.controller.ts[0m:[93m115[0m:[93m14[0m - [91mer
ror[0m[90m TS2345: [0mArgument of type '{ limit: number; window: number; }' is not assignable to parameter of 
type 'RateLimitOptions'.
  Property 'type' is missing in type '{ limit: number; window: number; }' but required in type 'RateLimitOptions'
.

[7m115[0m   @RateLimit({ limit: 10, window: 60 })
[7m   [0m [91m             ~~~~~~~~~~~~~~~~~~~~~~~~~[0m

  [96msrc/common/decorators/rate-limiter.decorator.ts[0m:[93m17[0m:[93m3[0m
    [7m17[0m   type: RateLimitType; // 闄愭祦绫诲瀷
    [7m  [0m [96m  ~~~~[0m
    'type' is declared here.
[96msrc/modules/attendance/controllers/attendance-schedules.controller.ts[0m:[93m116[0m:[93m17[0m - [91mer
ror[0m[90m TS2353: [0mObject literal may only specify known properties, and 'keys' does not exist in type 'Cac
heEvictOptions'.

[7m116[0m   @CacheEvict({ keys: ["attendance:schedules:*", "attendance:records:*"] })
[7m   [0m [91m                ~~~~[0m
[96msrc/modules/attendance/controllers/attendance-schedules.controller.ts[0m:[93m121[0m:[93m44[0m - [91mer
ror[0m[90m TS2339: [0mProperty 'removeSchedule' does not exist on type 'AttendanceSchedulesService'.

[7m121[0m     return this.attendanceSchedulesService.removeSchedule(user.sub, id);
[7m   [0m [91m                                           ~~~~~~~~~~~~~~[0m
[96msrc/modules/attendance/controllers/attendance-schedules.controller.ts[0m:[93m127[0m:[93m14[0m - [91mer
ror[0m[90m TS2345: [0mArgument of type '{ limit: number; window: number; }' is not assignable to parameter of 
type 'RateLimitOptions'.
  Property 'type' is missing in type '{ limit: number; window: number; }' but required in type 'RateLimitOptions'
.

[7m127[0m   @RateLimit({ limit: 3, window: 60 })
[7m   [0m [91m             ~~~~~~~~~~~~~~~~~~~~~~~~[0m

  [96msrc/common/decorators/rate-limiter.decorator.ts[0m:[93m17[0m:[93m3[0m
    [7m17[0m   type: RateLimitType; // 闄愭祦绫诲瀷
    [7m  [0m [96m  ~~~~[0m
    'type' is declared here.
[96msrc/modules/attendance/controllers/attendance-schedules.controller.ts[0m:[93m128[0m:[93m17[0m - [91mer
ror[0m[90m TS2353: [0mObject literal may only specify known properties, and 'keys' does not exist in type 'Cac
heEvictOptions'.

[7m128[0m   @CacheEvict({ keys: ["attendance:schedules:*", "attendance:records:*"] })
[7m   [0m [91m                ~~~~[0m
[96msrc/modules/attendance/controllers/attendance-schedules.controller.ts[0m:[93m133[0m:[93m44[0m - [91mer
ror[0m[90m TS2339: [0mProperty 'importSchedules' does not exist on type 'AttendanceSchedulesService'.

[7m133[0m     return this.attendanceSchedulesService.importSchedules(user.sub, dto);
[7m   [0m [91m                                           ~~~~~~~~~~~~~~~[0m
[96msrc/modules/attendance/controllers/attendance-schedules.controller.ts[0m:[93m138[0m:[93m14[0m - [91mer
ror[0m[90m TS2345: [0mArgument of type '{ limit: number; window: number; }' is not assignable to parameter of 
type 'RateLimitOptions'.
  Property 'type' is missing in type '{ limit: number; window: number; }' but required in type 'RateLimitOptions'
.

[7m138[0m   @RateLimit({ limit: 5, window: 60 })
[7m   [0m [91m             ~~~~~~~~~~~~~~~~~~~~~~~~[0m

  [96msrc/common/decorators/rate-limiter.decorator.ts[0m:[93m17[0m:[93m3[0m
    [7m17[0m   type: RateLimitType; // 闄愭祦绫诲瀷
    [7m  [0m [96m  ~~~~[0m
    'type' is declared here.
[96msrc/modules/attendance/controllers/attendance-schedules.controller.ts[0m:[93m143[0m:[93m44[0m - [91mer
ror[0m[90m TS2339: [0mProperty 'exportSchedules' does not exist on type 'AttendanceSchedulesService'.

[7m143[0m     return this.attendanceSchedulesService.exportSchedules(user.sub, query);
[7m   [0m [91m                                           ~~~~~~~~~~~~~~~[0m
[96msrc/modules/attendance/controllers/attendance-schedules.controller.ts[0m:[93m148[0m:[93m14[0m - [91mer
ror[0m[90m TS2345: [0mArgument of type '{ limit: number; window: number; }' is not assignable to parameter of 
type 'RateLimitOptions'.
  Property 'type' is missing in type '{ limit: number; window: number; }' but required in type 'RateLimitOptions'
.

[7m148[0m   @RateLimit({ limit: 10, window: 60 })
[7m   [0m [91m             ~~~~~~~~~~~~~~~~~~~~~~~~~[0m

  [96msrc/common/decorators/rate-limiter.decorator.ts[0m:[93m17[0m:[93m3[0m
    [7m17[0m   type: RateLimitType; // 闄愭祦绫诲瀷
    [7m  [0m [96m  ~~~~[0m
    'type' is declared here.
[96msrc/modules/attendance/controllers/attendance-schedules.controller.ts[0m:[93m150[0m:[93m44[0m - [91mer
ror[0m[90m TS2339: [0mProperty 'getImportTemplate' does not exist on type 'AttendanceSchedulesService'.

[7m150[0m     return this.attendanceSchedulesService.getImportTemplate();
[7m   [0m [91m                                           ~~~~~~~~~~~~~~~~~[0m
[96msrc/modules/attendance/controllers/attendance-schedules.controller.ts[0m:[93m156[0m:[93m14[0m - [91mer
ror[0m[90m TS2345: [0mArgument of type '{ limit: number; window: number; }' is not assignable to parameter of 
type 'RateLimitOptions'.
  Property 'type' is missing in type '{ limit: number; window: number; }' but required in type 'RateLimitOptions'
.

[7m156[0m   @RateLimit({ limit: 10, window: 60 })
[7m   [0m [91m             ~~~~~~~~~~~~~~~~~~~~~~~~~[0m

  [96msrc/common/decorators/rate-limiter.decorator.ts[0m:[93m17[0m:[93m3[0m
    [7m17[0m   type: RateLimitType; // 闄愭祦绫诲瀷
    [7m  [0m [96m  ~~~~[0m
    'type' is declared here.
[96msrc/modules/attendance/controllers/attendance-schedules.controller.ts[0m:[93m158[0m:[93m44[0m - [91mer
ror[0m[90m TS2339: [0mProperty 'saveEmployeePreferences' does not exist on type 'AttendanceSchedulesService'.

[7m158[0m     return this.attendanceSchedulesService.saveEmployeePreferences(
[7m   [0m [91m                                           ~~~~~~~~~~~~~~~~~~~~~~~[0m
[96msrc/modules/attendance/controllers/attendance-schedules.controller.ts[0m:[93m166[0m:[93m14[0m - [91mer
ror[0m[90m TS2345: [0mArgument of type '{ limit: number; window: number; }' is not assignable to parameter of 
type 'RateLimitOptions'.
  Property 'type' is missing in type '{ limit: number; window: number; }' but required in type 'RateLimitOptions'
.

[7m166[0m   @RateLimit({ limit: 30, window: 60 })
[7m   [0m [91m             ~~~~~~~~~~~~~~~~~~~~~~~~~[0m

  [96msrc/common/decorators/rate-limiter.decorator.ts[0m:[93m17[0m:[93m3[0m
    [7m17[0m   type: RateLimitType; // 闄愭祦绫诲瀷
    [7m  [0m [96m  ~~~~[0m
    'type' is declared here.
[96msrc/modules/attendance/controllers/attendance-schedules.controller.ts[0m:[93m167[0m:[93m12[0m - [91mer
ror[0m[90m TS2353: [0mObject literal may only specify known properties, and 'key' does not exist in type 'Cach
eOptions'.

[7m167[0m   @Cache({ key: "attendance:preferences", ttl: 300 })
[7m   [0m [91m           ~~~[0m
[96msrc/modules/attendance/controllers/attendance-schedules.controller.ts[0m:[93m169[0m:[93m44[0m - [91mer
ror[0m[90m TS2339: [0mProperty 'getEmployeePreferences' does not exist on type 'AttendanceSchedulesService'.

[7m169[0m     return this.attendanceSchedulesService.getEmployeePreferences(user.sub);
[7m   [0m [91m                                           ~~~~~~~~~~~~~~~~~~~~~~[0m
[96msrc/modules/attendance/controllers/attendance-schedules.controller.ts[0m:[93m176[0m:[93m14[0m - [91mer
ror[0m[90m TS2345: [0mArgument of type '{ limit: number; window: number; }' is not assignable to parameter of 
type 'RateLimitOptions'.
  Property 'type' is missing in type '{ limit: number; window: number; }' but required in type 'RateLimitOptions'
.

[7m176[0m   @RateLimit({ limit: 10, window: 60 })
[7m   [0m [91m             ~~~~~~~~~~~~~~~~~~~~~~~~~[0m

  [96msrc/common/decorators/rate-limiter.decorator.ts[0m:[93m17[0m:[93m3[0m
    [7m17[0m   type: RateLimitType; // 闄愭祦绫诲瀷
    [7m  [0m [96m  ~~~~[0m
    'type' is declared here.
[96msrc/modules/attendance/controllers/attendance-schedules.controller.ts[0m:[93m177[0m:[93m17[0m - [91mer
ror[0m[90m TS2353: [0mObject literal may only specify known properties, and 'keys' does not exist in type 'Cac
heEvictOptions'.

[7m177[0m   @CacheEvict({ keys: ["attendance:schedules:*"] })
[7m   [0m [91m                ~~~~[0m
[96msrc/modules/attendance/controllers/attendance-schedules.controller.ts[0m:[93m182[0m:[93m44[0m - [91mer
ror[0m[90m TS2339: [0mProperty 'createChangeRequest' does not exist on type 'AttendanceSchedulesService'.

[7m182[0m     return this.attendanceSchedulesService.createChangeRequest(user.sub, body);
[7m   [0m [91m                                           ~~~~~~~~~~~~~~~~~~~[0m
[96msrc/modules/attendance/controllers/attendance-schedules.controller.ts[0m:[93m187[0m:[93m14[0m - [91mer
ror[0m[90m TS2345: [0mArgument of type '{ limit: number; window: number; }' is not assignable to parameter of 
type 'RateLimitOptions'.
  Property 'type' is missing in type '{ limit: number; window: number; }' but required in type 'RateLimitOptions'
.

[7m187[0m   @RateLimit({ limit: 30, window: 60 })
[7m   [0m [91m             ~~~~~~~~~~~~~~~~~~~~~~~~~[0m

  [96msrc/common/decorators/rate-limiter.decorator.ts[0m:[93m17[0m:[93m3[0m
    [7m17[0m   type: RateLimitType; // 闄愭祦绫诲瀷
    [7m  [0m [96m  ~~~~[0m
    'type' is declared here.
[96msrc/modules/attendance/controllers/attendance-schedules.controller.ts[0m:[93m188[0m:[93m12[0m - [91mer
ror[0m[90m TS2353: [0mObject literal may only specify known properties, and 'key' does not exist in type 'Cach
eOptions'.

[7m188[0m   @Cache({ key: "attendance:change-requests", ttl: 300 })
[7m   [0m [91m           ~~~[0m
[96msrc/modules/attendance/controllers/attendance-schedules.controller.ts[0m:[93m193[0m:[93m44[0m - [91mer
ror[0m[90m TS2339: [0mProperty 'listChangeRequests' does not exist on type 'AttendanceSchedulesService'.

[7m193[0m     return this.attendanceSchedulesService.listChangeRequests(user.sub, query);
[7m   [0m [91m                                           ~~~~~~~~~~~~~~~~~~[0m
[96msrc/modules/attendance/controllers/attendance-schedules.controller.ts[0m:[93m198[0m:[93m14[0m - [91mer
ror[0m[90m TS2345: [0mArgument of type '{ limit: number; window: number; }' is not assignable to parameter of 
type 'RateLimitOptions'.
  Property 'type' is missing in type '{ limit: number; window: number; }' but required in type 'RateLimitOptions'
.

[7m198[0m   @RateLimit({ limit: 30, window: 60 })
[7m   [0m [91m             ~~~~~~~~~~~~~~~~~~~~~~~~~[0m

  [96msrc/common/decorators/rate-limiter.decorator.ts[0m:[93m17[0m:[93m3[0m
    [7m17[0m   type: RateLimitType; // 闄愭祦绫诲瀷
    [7m  [0m [96m  ~~~~[0m
    'type' is declared here.
[96msrc/modules/attendance/controllers/attendance-schedules.controller.ts[0m:[93m199[0m:[93m12[0m - [91mer
ror[0m[90m TS2353: [0mObject literal may only specify known properties, and 'key' does not exist in type 'Cach
eOptions'.

[7m199[0m   @Cache({ key: "attendance:rules:config", ttl: 600 })
[7m   [0m [91m           ~~~[0m
[96msrc/modules/attendance/controllers/attendance-schedules.controller.ts[0m:[93m201[0m:[93m44[0m - [91mer
ror[0m[90m TS2339: [0mProperty 'getAttendanceConfig' does not exist on type 'AttendanceSchedulesService'.

[7m201[0m     return this.attendanceSchedulesService.getAttendanceConfig(user.sub);
[7m   [0m [91m                                           ~~~~~~~~~~~~~~~~~~~[0m
[96msrc/modules/attendance/controllers/attendance-schedules.controller.ts[0m:[93m207[0m:[93m14[0m - [91mer
ror[0m[90m TS2345: [0mArgument of type '{ limit: number; window: number; }' is not assignable to parameter of 
type 'RateLimitOptions'.
  Property 'type' is missing in type '{ limit: number; window: number; }' but required in type 'RateLimitOptions'
.

[7m207[0m   @RateLimit({ limit: 10, window: 60 })
[7m   [0m [91m             ~~~~~~~~~~~~~~~~~~~~~~~~~[0m

  [96msrc/common/decorators/rate-limiter.decorator.ts[0m:[93m17[0m:[93m3[0m
    [7m17[0m   type: RateLimitType; // 闄愭祦绫诲瀷
    [7m  [0m [96m  ~~~~[0m
    'type' is declared here.
[96msrc/modules/attendance/controllers/attendance-schedules.controller.ts[0m:[93m208[0m:[93m17[0m - [91mer
ror[0m[90m TS2353: [0mObject literal may only specify known properties, and 'keys' does not exist in type 'Cac
heEvictOptions'.

[7m208[0m   @CacheEvict({ keys: ["attendance:rules:*", "attendance:schedules:*"] })
[7m   [0m [91m                ~~~~[0m
[96msrc/modules/attendance/controllers/attendance-schedules.controller.ts[0m:[93m213[0m:[93m44[0m - [91mer
ror[0m[90m TS2339: [0mProperty 'saveAttendanceConfig' does not exist on type 'AttendanceSchedulesService'.

[7m213[0m     return this.attendanceSchedulesService.saveAttendanceConfig(user.sub, body);
[7m   [0m [91m                                           ~~~~~~~~~~~~~~~~~~~~[0m
[96msrc/modules/attendance/controllers/shifts.controller.ts[0m:[93m39[0m:[93m14[0m - [91merror[0m[90m TS
2345: [0mArgument of type '{ limit: number; window: number; }' is not assignable to parameter of type 'RateLimit
Options'.
  Property 'type' is missing in type '{ limit: number; window: number; }' but required in type 'RateLimitOptions'
.

[7m39[0m   @RateLimit({ limit: 10, window: 60 })
[7m  [0m [91m             ~~~~~~~~~~~~~~~~~~~~~~~~~[0m

  [96msrc/common/decorators/rate-limiter.decorator.ts[0m:[93m17[0m:[93m3[0m
    [7m17[0m   type: RateLimitType; // 闄愭祦绫诲瀷
    [7m  [0m [96m  ~~~~[0m
    'type' is declared here.
[96msrc/modules/attendance/controllers/shifts.controller.ts[0m:[93m40[0m:[93m17[0m - [91merror[0m[90m TS
2353: [0mObject literal may only specify known properties, and 'keys' does not exist in type 'CacheEvictOptions'
.

[7m40[0m   @CacheEvict({ keys: ["shifts:list:*", "shifts:detail:*"] })
[7m  [0m [91m                ~~~~[0m
[96msrc/modules/attendance/controllers/shifts.controller.ts[0m:[93m50[0m:[93m14[0m - [91merror[0m[90m TS
2345: [0mArgument of type '{ limit: number; window: number; }' is not assignable to parameter of type 'RateLimit
Options'.
  Property 'type' is missing in type '{ limit: number; window: number; }' but required in type 'RateLimitOptions'
.

[7m50[0m   @RateLimit({ limit: 30, window: 60 })
[7m  [0m [91m             ~~~~~~~~~~~~~~~~~~~~~~~~~[0m

  [96msrc/common/decorators/rate-limiter.decorator.ts[0m:[93m17[0m:[93m3[0m
    [7m17[0m   type: RateLimitType; // 闄愭祦绫诲瀷
    [7m  [0m [96m  ~~~~[0m
    'type' is declared here.
[96msrc/modules/attendance/controllers/shifts.controller.ts[0m:[93m51[0m:[93m12[0m - [91merror[0m[90m TS
2353: [0mObject literal may only specify known properties, and 'key' does not exist in type 'CacheOptions'.

[7m51[0m   @Cache({ key: "shifts:list", ttl: 600 })
[7m  [0m [91m           ~~~[0m
[96msrc/modules/attendance/controllers/shifts.controller.ts[0m:[93m69[0m:[93m14[0m - [91merror[0m[90m TS
2345: [0mArgument of type '{ limit: number; window: number; }' is not assignable to parameter of type 'RateLimit
Options'.
  Property 'type' is missing in type '{ limit: number; window: number; }' but required in type 'RateLimitOptions'
.

[7m69[0m   @RateLimit({ limit: 5, window: 60 })
[7m  [0m [91m             ~~~~~~~~~~~~~~~~~~~~~~~~[0m

  [96msrc/common/decorators/rate-limiter.decorator.ts[0m:[93m17[0m:[93m3[0m
    [7m17[0m   type: RateLimitType; // 闄愭祦绫诲瀷
    [7m  [0m [96m  ~~~~[0m
    'type' is declared here.
[96msrc/modules/attendance/controllers/shifts.controller.ts[0m:[93m79[0m:[93m14[0m - [91merror[0m[90m TS
2345: [0mArgument of type '{ limit: number; window: number; }' is not assignable to parameter of type 'RateLimit
Options'.
  Property 'type' is missing in type '{ limit: number; window: number; }' but required in type 'RateLimitOptions'
.

[7m79[0m   @RateLimit({ limit: 50, window: 60 })
[7m  [0m [91m             ~~~~~~~~~~~~~~~~~~~~~~~~~[0m

  [96msrc/common/decorators/rate-limiter.decorator.ts[0m:[93m17[0m:[93m3[0m
    [7m17[0m   type: RateLimitType; // 闄愭祦绫诲瀷
    [7m  [0m [96m  ~~~~[0m
    'type' is declared here.
[96msrc/modules/attendance/controllers/shifts.controller.ts[0m:[93m80[0m:[93m12[0m - [91merror[0m[90m TS
2353: [0mObject literal may only specify known properties, and 'key' does not exist in type 'CacheOptions'.

[7m80[0m   @Cache({ key: "shifts:detail", ttl: 300 })
[7m  [0m [91m           ~~~[0m
[96msrc/modules/attendance/controllers/shifts.controller.ts[0m:[93m92[0m:[93m14[0m - [91merror[0m[90m TS
2345: [0mArgument of type '{ limit: number; window: number; }' is not assignable to parameter of type 'RateLimit
Options'.
  Property 'type' is missing in type '{ limit: number; window: number; }' but required in type 'RateLimitOptions'
.

[7m92[0m   @RateLimit({ limit: 20, window: 60 })
[7m  [0m [91m             ~~~~~~~~~~~~~~~~~~~~~~~~~[0m

  [96msrc/common/decorators/rate-limiter.decorator.ts[0m:[93m17[0m:[93m3[0m
    [7m17[0m   type: RateLimitType; // 闄愭祦绫诲瀷
    [7m  [0m [96m  ~~~~[0m
    'type' is declared here.
[96msrc/modules/attendance/controllers/shifts.controller.ts[0m:[93m93[0m:[93m17[0m - [91merror[0m[90m TS
2353: [0mObject literal may only specify known properties, and 'keys' does not exist in type 'CacheEvictOptions'
.

[7m93[0m   @CacheEvict({ keys: ["shifts:list:*", "shifts:detail:*"] })
[7m  [0m [91m                ~~~~[0m
[96msrc/modules/attendance/controllers/shifts.controller.ts[0m:[93m105[0m:[93m14[0m - [91merror[0m[90m T
S2345: [0mArgument of type '{ limit: number; window: number; }' is not assignable to parameter of type 'RateLimi
tOptions'.
  Property 'type' is missing in type '{ limit: number; window: number; }' but required in type 'RateLimitOptions'
.

[7m105[0m   @RateLimit({ limit: 10, window: 60 })
[7m   [0m [91m             ~~~~~~~~~~~~~~~~~~~~~~~~~[0m

  [96msrc/common/decorators/rate-limiter.decorator.ts[0m:[93m17[0m:[93m3[0m
    [7m17[0m   type: RateLimitType; // 闄愭祦绫诲瀷
    [7m  [0m [96m  ~~~~[0m
    'type' is declared here.
[96msrc/modules/attendance/controllers/shifts.controller.ts[0m:[93m106[0m:[93m17[0m - [91merror[0m[90m T
S2353: [0mObject literal may only specify known properties, and 'keys' does not exist in type 'CacheEvictOptions
'.

[7m106[0m   @CacheEvict({ keys: ["shifts:list:*", "shifts:detail:*"] })
[7m   [0m [91m                ~~~~[0m
[96msrc/modules/attendance/controllers/shifts.controller.ts[0m:[93m117[0m:[93m14[0m - [91merror[0m[90m T
S2345: [0mArgument of type '{ limit: number; window: number; }' is not assignable to parameter of type 'RateLimi
tOptions'.
  Property 'type' is missing in type '{ limit: number; window: number; }' but required in type 'RateLimitOptions'
.

[7m117[0m   @RateLimit({ limit: 5, window: 60 })
[7m   [0m [91m             ~~~~~~~~~~~~~~~~~~~~~~~~[0m

  [96msrc/common/decorators/rate-limiter.decorator.ts[0m:[93m17[0m:[93m3[0m
    [7m17[0m   type: RateLimitType; // 闄愭祦绫诲瀷
    [7m  [0m [96m  ~~~~[0m
    'type' is declared here.
[96msrc/modules/attendance/controllers/shifts.controller.ts[0m:[93m118[0m:[93m17[0m - [91merror[0m[90m T
S2353: [0mObject literal may only specify known properties, and 'keys' does not exist in type 'CacheEvictOptions
'.

[7m118[0m   @CacheEvict({ keys: ["shifts:list:*", "shifts:detail:*"] })
[7m   [0m [91m                ~~~~[0m
[96msrc/modules/attendance/services/ai-schedule.service.ts[0m:[93m140[0m:[93m7[0m - [91merror[0m[90m TS2
345: [0mArgument of type '{ id: string; create_time: Date; update_time: Date; is_deleted: number; platform_id: s
tring | null; name: string; employee_no: string | null; job_no: string | null; user_id: string | null; ... 21 mor
e ...; social_security_city: string | null; }[]' is not assignable to parameter of type 'Employee[]'.
  Type '{ id: string; create_time: Date; update_time: Date; is_deleted: number; platform_id: string | null; name:
 string; employee_no: string | null; job_no: string | null; user_id: string | null; ... 21 more ...; social_secur
ity_city: string | null; }' is not assignable to type 'Employee'.
    Types of property 'department_id' are incompatible.
      Type 'string | null' is not assignable to type 'string'.
        Type 'null' is not assignable to type 'string'.

[7m140[0m       employees,
[7m   [0m [91m      ~~~~~~~~~[0m
[96msrc/modules/attendance/services/ai-schedule.service.ts[0m:[93m142[0m:[93m7[0m - [91merror[0m[90m TS2
304: [0mCannot find name 'days'.

[7m142[0m       days,
[7m   [0m [91m      ~~~~[0m
[96msrc/modules/attendance/services/ai-schedule.service.ts[0m:[93m146[0m:[93m29[0m - [91merror[0m[90m TS
2304: [0mCannot find name 'maxConsec'.

[7m146[0m         maxConsecutiveDays: maxConsec,
[7m   [0m [91m                            ~~~~~~~~~[0m
[96msrc/modules/attendance/services/ai-schedule.service.ts[0m:[93m147[0m:[93m23[0m - [91merror[0m[90m TS
2304: [0mCannot find name 'maxWeekHours'.

[7m147[0m         maxWeekHours: maxWeekHours,
[7m   [0m [91m                      ~~~~~~~~~~~~[0m
[96msrc/modules/attendance/services/ai-schedule.service.ts[0m:[93m148[0m:[93m22[0m - [91merror[0m[90m TS
2304: [0mCannot find name 'maxDayHours'.

[7m148[0m         maxDayHours: maxDayHours,
[7m   [0m [91m                     ~~~~~~~~~~~[0m
[96msrc/modules/attendance/services/ai-schedule.service.ts[0m:[93m149[0m:[93m19[0m - [91merror[0m[90m TS
2304: [0mCannot find name 'minStaff'.

[7m149[0m         minStaff: minStaff,
[7m   [0m [91m                  ~~~~~~~~[0m
[96msrc/modules/attendance/services/ai-schedule.service.ts[0m:[93m156[0m:[93m7[0m - [91merror[0m[90m TS2
345: [0mArgument of type '{ id: string; create_time: Date; update_time: Date; is_deleted: number; platform_id: s
tring | null; name: string; employee_no: string | null; job_no: string | null; user_id: string | null; ... 21 mor
e ...; social_security_city: string | null; }[]' is not assignable to parameter of type 'Employee[]'.
  Type '{ id: string; create_time: Date; update_time: Date; is_deleted: number; platform_id: string | null; name:
 string; employee_no: string | null; job_no: string | null; user_id: string | null; ... 21 more ...; social_secur
ity_city: string | null; }' is not assignable to type 'Employee'.
    Types of property 'department_id' are incompatible.
      Type 'string | null' is not assignable to type 'string'.
        Type 'null' is not assignable to type 'string'.

[7m156[0m       employees,
[7m   [0m [91m      ~~~~~~~~~[0m
[96msrc/modules/attendance/services/ai-schedule.service.ts[0m:[93m158[0m:[93m7[0m - [91merror[0m[90m TS2
304: [0mCannot find name 'days'.

[7m158[0m       days,
[7m   [0m [91m      ~~~~[0m
[96msrc/modules/attendance/services/ai-schedule.service.ts[0m:[93m162[0m:[93m29[0m - [91merror[0m[90m TS
2304: [0mCannot find name 'maxConsec'.

[7m162[0m         maxConsecutiveDays: maxConsec,
[7m   [0m [91m                            ~~~~~~~~~[0m
[96msrc/modules/attendance/services/ai-schedule.service.ts[0m:[93m163[0m:[93m23[0m - [91merror[0m[90m TS
2304: [0mCannot find name 'maxWeekHours'.

[7m163[0m         maxWeekHours: maxWeekHours,
[7m   [0m [91m                      ~~~~~~~~~~~~[0m
[96msrc/modules/attendance/services/ai-schedule.service.ts[0m:[93m164[0m:[93m22[0m - [91merror[0m[90m TS
2304: [0mCannot find name 'maxDayHours'.

[7m164[0m         maxDayHours: maxDayHours,
[7m   [0m [91m                     ~~~~~~~~~~~[0m
[96msrc/modules/attendance/services/ai-schedule.service.ts[0m:[93m165[0m:[93m19[0m - [91merror[0m[90m TS
2304: [0mCannot find name 'minStaff'.

[7m165[0m         minStaff: minStaff,
[7m   [0m [91m                  ~~~~~~~~[0m
[96msrc/modules/attendance/services/ai-schedule.service.ts[0m:[93m174[0m:[93m14[0m - [91merror[0m[90m TS
2339: [0mProperty 'buildDraftMeta' does not exist on type 'AiScheduleService'.

[7m174[0m         this.buildDraftMeta('draft-fairness', '鏂规涓€锛氬叕骞虫€т紭鍏?, 'fairness', fairnessDraft, preference
sMap, demandMap),
[7m   [0m [91m             ~~~~~~~~~~~~~~[0m
[96msrc/modules/attendance/services/ai-schedule.service.ts[0m:[93m175[0m:[93m14[0m - [91merror[0m[90m TS
2339: [0mProperty 'buildDraftMeta' does not exist on type 'AiScheduleService'.

[7m175[0m         this.buildDraftMeta('draft-coverage', '鏂规浜岋細瑕嗙洊鐜囦紭鍏?, 'coverage', coverageDraft, preferences
Map, demandMap),
[7m   [0m [91m             ~~~~~~~~~~~~~~[0m
[96msrc/modules/attendance/services/ai-schedule.service.ts[0m:[93m207[0m:[93m13[0m - [91merror[0m[90m TS
2353: [0mObject literal may only specify known properties, and 'platform_id' does not exist in type 'attendance_
scheduleWhereInput'.

[7m207[0m             platform_id: scope.platform_id as string,
[7m   [0m [91m            ~~~~~~~~~~~[0m
[96msrc/modules/attendance/services/ai-schedule.service.ts[0m:[93m247[0m:[93m13[0m - [91merror[0m[90m TS
2322: [0mType 'null' is not assignable to type 'NullableJsonNullValueInput | InputJsonValue | undefined'.

[7m247[0m             config_params: null, // 鍙互瀛樺偍鐢熸垚鏃剁殑閰嶇疆鍙傛暟
[7m   [0m [91m            ~~~~~~~~~~~~~[0m

  [96mnode_modules/.prisma/client/index.d.ts[0m:[93m128615[0m:[93m5[0m
    [7m128615[0m     config_params?: NullableJsonNullValueInput | InputJsonValue
    [7m      [0m [96m    ~~~~~~~~~~~~~[0m
    The expected type comes from property 'config_params' which is declared here on type '(Without<attendance_sch
edule_historyCreateInput, attendance_schedule_historyUncheckedCreateInput> & attendance_schedule_historyUnchecked
CreateInput) | (Without<...> & attendance_schedule_historyCreateInput)'
[96msrc/modules/attendance/services/ai-schedule.service.ts[0m:[93m349[0m:[93m18[0m - [91merror[0m[90m TS
2339: [0mProperty 'buildDraftMeta' does not exist on type 'AiScheduleService'.

[7m349[0m       meta: this.buildDraftMeta('optimized', 'AI 鏅鸿兘淇鏂规', config.priority ?? 'fairness', optimized
Data, preferencesMap),
[7m   [0m [91m                 ~~~~~~~~~~~~~~[0m
[96msrc/modules/attendance/services/ai-schedule.service.ts[0m:[93m535[0m:[93m35[0m - [91merror[0m[90m TS
2353: [0mObject literal may only specify known properties, and 'platform_id' does not exist in type 'attendance_
scheduleWhereInput'.

[7m535[0m         where: { dept_id: deptId, platform_id: scope.platform_id as string, is_deleted: 0, schedule_d
ate: { gte: start, lte: end } },
[7m   [0m [91m                                  ~~~~~~~~~~~[0m
[96msrc/modules/attendance/services/ai-schedule.service.ts[0m:[93m596[0m:[93m18[0m - [91merror[0m[90m TS
2345: [0mArgument of type 'string' is not assignable to parameter of type 'never'.

[7m596[0m       dates.push(d.toISOString().split('T')[0]);
[7m   [0m [91m                 ~~~~~~~~~~~~~~~~~~~~~~~~~~~~~[0m
[96msrc/modules/attendance/services/ai-schedule.service.ts[0m:[93m615[0m:[93m24[0m - [91merror[0m[90m TS
2345: [0mArgument of type '{ date: never; value: number; type: string; }' is not assignable to parameter of type
 'never'.

[7m615[0m       demandTrend.push({ date: dateKey, value: dayDemandSum, type: '闇€姹? });
[7m   [0m [91m                       ~~~~~~~~~~~~~~~~~~~~~~~~~~~~~~~~~~~~~~~~~~~~~~~~~~[0m
[96msrc/modules/attendance/services/ai-schedule.service.ts[0m:[93m616[0m:[93m24[0m - [91merror[0m[90m TS
2345: [0mArgument of type '{ date: never; value: number; type: string; }' is not assignable to parameter of type
 'never'.

[7m616[0m       supplyTrend.push({ date: dateKey, value: daySupplySum, type: '瀹炴帓' });
[7m   [0m [91m                       ~~~~~~~~~~~~~~~~~~~~~~~~~~~~~~~~~~~~~~~~~~~~~~~~~~[0m
[96msrc/modules/attendance/services/ai-schedule.service.ts[0m:[93m690[0m:[93m9[0m - [91merror[0m[90m TS2
353: [0mObject literal may only specify known properties, and 'platform_id' does not exist in type 'attendance_s
cheduleWhereInput'.

[7m690[0m         platform_id: scope.platform_id as string,
[7m   [0m [91m        ~~~~~~~~~~~[0m
[96msrc/modules/attendance/services/ai-schedule.service.ts[0m:[93m761[0m:[93m7[0m - [91merror[0m[90m TS2
322: [0mType '{ dept: true; }' is not assignable to type 'never'.

[7m761[0m       include: { dept: true }
[7m   [0m [91m      ~~~~~~~[0m

  [96msrc/modules/attendance/services/ai-schedule.service.ts[0m:[93m761[0m:[93m7[0m
    [7m761[0m       include: { dept: true }
    [7m   [0m [96m      ~~~~~~~~~~~~~~~~~~~~~~~[0m
    The expected type comes from property 'include' which is declared here on type '{ where: { id: string; }; inc
lude: never; }'
[96msrc/modules/attendance/services/ai-schedule.service.ts[0m:[93m786[0m:[93m41[0m - [91merror[0m[90m TS
2339: [0mProperty 'name' does not exist on type 'never'.

[7m786[0m         departmentName: employee?.dept?.name || '榛樿閮ㄩ棬',
[7m   [0m [91m                                        ~~~~[0m
[96msrc/modules/attendance/services/ai-schedule.service.ts[0m:[93m813[0m:[93m9[0m - [91merror[0m[90m TS2
322: [0mType 'string | null' is not assignable to type 'string | StringFilter<"attendance_schedule"> | undefined
'.
  Type 'null' is not assignable to type 'string | StringFilter<"attendance_schedule"> | undefined'.

[7m813[0m         shift_name: change.before_shift_name,
[7m   [0m [91m        ~~~~~~~~~~[0m
[96msrc/modules/attendance/services/ai-schedule.service.ts[0m:[93m822[0m:[93m11[0m - [91merror[0m[90m TS
2322: [0mType 'string | null' is not assignable to type 'string | StringFieldUpdateOperationsInput | undefined'.
  Type 'null' is not assignable to type 'string | StringFieldUpdateOperationsInput | undefined'.

[7m822[0m           shift_name: change.after_shift_name,
[7m   [0m [91m          ~~~~~~~~~~[0m

  [96mnode_modules/.prisma/client/index.d.ts[0m:[93m122399[0m:[93m5[0m
    [7m122399[0m     shift_name?: StringFieldUpdateOperationsInput | string
    [7m      [0m [96m    ~~~~~~~~~~[0m
    The expected type comes from property 'shift_name' which is declared here on type '(Without<attendance_schedu
leUpdateInput, attendance_scheduleUncheckedUpdateInput> & attendance_scheduleUncheckedUpdateInput) | (Without<...
> & attendance_scheduleUpdateInput)'
[96msrc/modules/attendance/services/ai-schedule.service.ts[0m:[93m836[0m:[93m11[0m - [91merror[0m[90m TS
2322: [0mType 'string | null' is not assignable to type 'string'.
  Type 'null' is not assignable to type 'string'.

[7m836[0m           shift_name: change.after_shift_name,
[7m   [0m [91m          ~~~~~~~~~~[0m

  [96mnode_modules/.prisma/client/index.d.ts[0m:[93m122373[0m:[93m5[0m
    [7m122373[0m     shift_name: string
    [7m      [0m [96m    ~~~~~~~~~~[0m
    The expected type comes from property 'shift_name' which is declared here on type '(Without<attendance_schedu
leCreateInput, attendance_scheduleUncheckedCreateInput> & attendance_scheduleUncheckedCreateInput) | (Without<...
> & attendance_scheduleCreateInput)'
[96msrc/modules/attendance/services/ai-schedule.service.ts[0m:[93m867[0m:[93m9[0m - [91merror[0m[90m TS2
353: [0mObject literal may only specify known properties, and 'employee' does not exist in type 'attendance_sche
dule_changeWhereInput'.

[7m867[0m         employee: { department_id: deptId, platform_id: scope.platform_id as string },
[7m   [0m [91m        ~~~~~~~~[0m
[96msrc/modules/attendance/services/ai-schedule.service.ts[0m:[93m937[0m:[93m15[0m - [91merror[0m[90m TS
1144: [0m'{' or ';' expected.

[7m937[0m   }ncludes(s) || s.includes(shift.name))) {
[7m   [0m [91m              ~~[0m
[96msrc/modules/attendance/services/ai-schedule.service.ts[0m:[93m937[0m:[93m18[0m - [91merror[0m[90m TS
2304: [0mCannot find name 's'.

[7m937[0m   }ncludes(s) || s.includes(shift.name))) {
[7m   [0m [91m                 ~[0m
[96msrc/modules/attendance/services/ai-schedule.service.ts[0m:[93m937[0m:[93m29[0m - [91merror[0m[90m TS
2304: [0mCannot find name 'shift'.

[7m937[0m   }ncludes(s) || s.includes(shift.name))) {
[7m   [0m [91m                            ~~~~~[0m
[96msrc/modules/attendance/services/ai-schedule.service.ts[0m:[93m937[0m:[93m40[0m - [91merror[0m[90m TS
1005: [0m';' expected.

[7m937[0m   }ncludes(s) || s.includes(shift.name))) {
[7m   [0m [91m                                       ~[0m
[96msrc/modules/attendance/services/ai-schedule.service.ts[0m:[93m937[0m:[93m41[0m - [91merror[0m[90m TS
1128: [0mDeclaration or statement expected.

[7m937[0m   }ncludes(s) || s.includes(shift.name))) {
[7m   [0m [91m                                        ~[0m
[96msrc/modules/attendance/services/ai-schedule.service.ts[0m:[93m938[0m:[93m15[0m - [91merror[0m[90m TS
2304: [0mCannot find name 'isWarning'.

[7m938[0m               isWarning = true;
[7m   [0m [91m              ~~~~~~~~~[0m
[96msrc/modules/attendance/services/ai-schedule.service.ts[0m:[93m939[0m:[93m15[0m - [91merror[0m[90m TS
2304: [0mCannot find name 'warningReason'.

[7m939[0m               warningReason = `鍛樺伐鍋忓ソ閬垮紑璇ョ彮娆★紙${shift.name}锛塦;
[7m   [0m [91m              ~~~~~~~~~~~~~[0m
[96msrc/modules/attendance/services/ai-schedule.service.ts[0m:[93m939[0m:[93m44[0m - [91merror[0m[90m TS
2304: [0mCannot find name 'shift'.

[7m939[0m               warningReason = `鍛樺伐鍋忓ソ閬垮紑璇ョ彮娆★紙${shift.name}锛塦;
[7m   [0m [91m                                           ~~~~~[0m
[96msrc/modules/attendance/services/ai-schedule.service.ts[0m:[93m941[0m:[93m11[0m - [91merror[0m[90m TS
1128: [0mDeclaration or statement expected.

[7m941[0m           }
[7m   [0m [91m          ~[0m
[96msrc/modules/attendance/services/ai-schedule.service.ts[0m:[93m943[0m:[93m11[0m - [91merror[0m[90m TS
2304: [0mCannot find name 'results'.

[7m943[0m           results.push({
[7m   [0m [91m          ~~~~~~~[0m
[96msrc/modules/attendance/services/ai-schedule.service.ts[0m:[93m944[0m:[93m26[0m - [91merror[0m[90m TS
2304: [0mCannot find name 'emp'.

[7m944[0m             employee_id: emp.id,
[7m   [0m [91m                         ~~~[0m
[96msrc/modules/attendance/services/ai-schedule.service.ts[0m:[93m945[0m:[93m28[0m - [91merror[0m[90m TS
2304: [0mCannot find name 'emp'.

[7m945[0m             employee_name: emp.name,
[7m   [0m [91m                           ~~~[0m
[96msrc/modules/attendance/services/ai-schedule.service.ts[0m:[93m946[0m:[93m28[0m - [91merror[0m[90m TS
2304: [0mCannot find name 'dateStr'.

[7m946[0m             schedule_date: dateStr,
[7m   [0m [91m                           ~~~~~~~[0m
[96msrc/modules/attendance/services/ai-schedule.service.ts[0m:[93m947[0m:[93m23[0m - [91merror[0m[90m TS
2304: [0mCannot find name 'shift'.

[7m947[0m             shift_id: shift.id,
[7m   [0m [91m                      ~~~~~[0m
[96msrc/modules/attendance/services/ai-schedule.service.ts[0m:[93m948[0m:[93m25[0m - [91merror[0m[90m TS
2304: [0mCannot find name 'shift'.

[7m948[0m             shift_name: shift.name,
[7m   [0m [91m                        ~~~~~[0m
[96msrc/modules/attendance/services/ai-schedule.service.ts[0m:[93m949[0m:[93m22[0m - [91merror[0m[90m TS
2304: [0mCannot find name 'emp'.

[7m949[0m             dept_id: emp.department_id,
[7m   [0m [91m                     ~~~[0m
[96msrc/modules/attendance/services/ai-schedule.service.ts[0m:[93m950[0m:[93m25[0m - [91merror[0m[90m TS
2304: [0mCannot find name 'isWarning'.

[7m950[0m             is_warning: isWarning,
[7m   [0m [91m                        ~~~~~~~~~[0m
[96msrc/modules/attendance/services/ai-schedule.service.ts[0m:[93m951[0m:[93m29[0m - [91merror[0m[90m TS
2304: [0mCannot find name 'warningReason'.

[7m951[0m             warning_reason: warningReason,
[7m   [0m [91m                            ~~~~~~~~~~~~~[0m
[96msrc/modules/attendance/services/ai-schedule.service.ts[0m:[93m954[0m:[93m11[0m - [91merror[0m[90m TS
2304: [0mCannot find name 'state'.

[7m954[0m           state.totalWeekHours += shiftHours;
[7m   [0m [91m          ~~~~~[0m
[96msrc/modules/attendance/services/ai-schedule.service.ts[0m:[93m954[0m:[93m35[0m - [91merror[0m[90m TS
2304: [0mCannot find name 'shiftHours'.

[7m954[0m           state.totalWeekHours += shiftHours;
[7m   [0m [91m                                  ~~~~~~~~~~[0m
[96msrc/modules/attendance/services/ai-schedule.service.ts[0m:[93m955[0m:[93m11[0m - [91merror[0m[90m TS
2304: [0mCannot find name 'state'.

[7m955[0m           state.lastScheduledDate = dateStr;
[7m   [0m [91m          ~~~~~[0m
[96msrc/modules/attendance/services/ai-schedule.service.ts[0m:[93m955[0m:[93m37[0m - [91merror[0m[90m TS
2304: [0mCannot find name 'dateStr'.

[7m955[0m           state.lastScheduledDate = dateStr;
[7m   [0m [91m                                    ~~~~~~~[0m
[96msrc/modules/attendance/services/ai-schedule.service.ts[0m:[93m956[0m:[93m11[0m - [91merror[0m[90m TS
2304: [0mCannot find name 'state'.

[7m956[0m           state.scheduledCount += 1;
[7m   [0m [91m          ~~~~~[0m
[96msrc/modules/attendance/services/ai-schedule.service.ts[0m:[93m957[0m:[93m11[0m - [91merror[0m[90m TS
2304: [0mCannot find name 'state'.

[7m957[0m           state.consecutiveDays += 1; // 杩欓噷绠€鍖栧鐞嗭紝瀹為檯鐢变簬鎸夊ぉ寰幆锛屾瘡娆℃垚鍔熷垎閰嶅氨鏄?1
[7m   [0m [91m          ~~~~~[0m
[96msrc/modules/attendance/services/ai-schedule.service.ts[0m:[93m959[0m:[93m11[0m - [91merror[0m[90m TS
2304: [0mCannot find name 'available'.

[7m959[0m           available.splice(available.indexOf(emp), 1);
[7m   [0m [91m          ~~~~~~~~~[0m
[96msrc/modules/attendance/services/ai-schedule.service.ts[0m:[93m959[0m:[93m28[0m - [91merror[0m[90m TS
2304: [0mCannot find name 'available'.

[7m959[0m           available.splice(available.indexOf(emp), 1);
[7m   [0m [91m                           ~~~~~~~~~[0m
[96msrc/modules/attendance/services/ai-schedule.service.ts[0m:[93m959[0m:[93m46[0m - [91merror[0m[90m TS
2304: [0mCannot find name 'emp'.

[7m959[0m           available.splice(available.indexOf(emp), 1);
[7m   [0m [91m                                             ~~~[0m
[96msrc/modules/attendance/services/ai-schedule.service.ts[0m:[93m960[0m:[93m11[0m - [91merror[0m[90m TS
2304: [0mCannot find name 'assigned'.

[7m960[0m           assigned++;
[7m   [0m [91m          ~~~~~~~~[0m
[96msrc/modules/attendance/services/ai-schedule.service.ts[0m:[93m961[0m:[93m9[0m - [91merror[0m[90m TS1
128: [0mDeclaration or statement expected.

[7m961[0m         }
[7m   [0m [91m        ~[0m
[96msrc/modules/attendance/services/ai-schedule.service.ts[0m:[93m963[0m:[93m13[0m - [91merror[0m[90m TS
2304: [0mCannot find name 'assigned'.

[7m963[0m         if (assigned < needCount) {
[7m   [0m [91m            ~~~~~~~~[0m
[96msrc/modules/attendance/services/ai-schedule.service.ts[0m:[93m963[0m:[93m24[0m - [91merror[0m[90m TS
2304: [0mCannot find name 'needCount'.

[7m963[0m         if (assigned < needCount) {
[7m   [0m [91m                       ~~~~~~~~~[0m
[96msrc/modules/attendance/services/ai-schedule.service.ts[0m:[93m964[0m:[93m11[0m - [91merror[0m[90m TS
2304: [0mCannot find name 'results'.

[7m964[0m           results.push({
[7m   [0m [91m          ~~~~~~~[0m
[96msrc/modules/attendance/services/ai-schedule.service.ts[0m:[93m967[0m:[93m28[0m - [91merror[0m[90m TS
2304: [0mCannot find name 'dateStr'.

[7m967[0m             schedule_date: dateStr,
[7m   [0m [91m                           ~~~~~~~[0m
[96msrc/modules/attendance/services/ai-schedule.service.ts[0m:[93m968[0m:[93m23[0m - [91merror[0m[90m TS
2304: [0mCannot find name 'shift'.

[7m968[0m             shift_id: shift.id,
[7m   [0m [91m                      ~~~~~[0m
[96msrc/modules/attendance/services/ai-schedule.service.ts[0m:[93m969[0m:[93m25[0m - [91merror[0m[90m TS
2304: [0mCannot find name 'shift'.

[7m969[0m             shift_name: shift.name,
[7m   [0m [91m                        ~~~~~[0m
[96msrc/modules/attendance/services/ai-schedule.service.ts[0m:[93m972[0m:[93m32[0m - [91merror[0m[90m TS
2304: [0mCannot find name 'shift'.

[7m972[0m             warning_reason: `${shift.name} 褰撴棩鎵€闇€ ${needCount} 浜猴紝浠呮帓鍑?${assigned} 浜篳,
[7m   [0m [91m                               ~~~~~[0m
[96msrc/modules/attendance/services/ai-schedule.service.ts[0m:[93m972[0m:[93m51[0m - [91merror[0m[90m TS
2304: [0mCannot find name 'needCount'.

[7m972[0m             warning_reason: `${shift.name} 褰撴棩鎵€闇€ ${needCount} 浜猴紝浠呮帓鍑?${assigned} 浜篳,
[7m   [0m [91m                                                  ~~~~~~~~~[0m
[96msrc/modules/attendance/services/ai-schedule.service.ts[0m:[93m972[0m:[93m70[0m - [91merror[0m[90m TS
2304: [0mCannot find name 'assigned'.

[7m972[0m             warning_reason: `${shift.name} 褰撴棩鎵€闇€ ${needCount} 浜猴紝浠呮帓鍑?${assigned} 浜篳,
[7m   [0m [91m                                                                     ~~~~~~~~[0m
[96msrc/modules/attendance/services/ai-schedule.service.ts[0m:[93m975[0m:[93m7[0m - [91merror[0m[90m TS1
128: [0mDeclaration or statement expected.

[7m975[0m       }
[7m   [0m [91m      ~[0m
[96msrc/modules/attendance/services/ai-schedule.service.ts[0m:[93m976[0m:[93m5[0m - [91merror[0m[90m TS1
128: [0mDeclaration or statement expected.

[7m976[0m     }
[7m   [0m [91m    ~[0m
[96msrc/modules/attendance/services/ai-schedule.service.ts[0m:[93m978[0m:[93m3[0m - [91merror[0m[90m TS1
128: [0mDeclaration or statement expected.

[7m978[0m   }
[7m   [0m [91m  ~[0m
[96msrc/modules/attendance/services/ai-schedule.service.ts[0m:[93m981[0m:[93m3[0m - [91merror[0m[90m TS1
128: [0mDeclaration or statement expected.

[7m981[0m   private calculateSatisfactionRate(data: ScheduleResultItem[], preferences: Map<string, SchedulePref
erence>): number {
[7m   [0m [91m  ~~~~~~~[0m
[96msrc/modules/attendance/services/ai-schedule.service.ts[0m:[93m981[0m:[93m11[0m - [91merror[0m[90m TS
2304: [0mCannot find name 'calculateSatisfactionRate'.

[7m981[0m   private calculateSatisfactionRate(data: ScheduleResultItem[], preferences: Map<string, SchedulePref
erence>): number {
[7m   [0m [91m          ~~~~~~~~~~~~~~~~~~~~~~~~~[0m
[96msrc/modules/attendance/services/ai-schedule.service.ts[0m:[93m981[0m:[93m37[0m - [91merror[0m[90m TS
2304: [0mCannot find name 'data'.

[7m981[0m   private calculateSatisfactionRate(data: ScheduleResultItem[], preferences: Map<string, SchedulePref
erence>): number {
[7m   [0m [91m                                    ~~~~[0m
[96msrc/modules/attendance/services/ai-schedule.service.ts[0m:[93m981[0m:[93m41[0m - [91merror[0m[90m TS
1005: [0m',' expected.

[7m981[0m   private calculateSatisfactionRate(data: ScheduleResultItem[], preferences: Map<string, SchedulePref
erence>): number {
[7m   [0m [91m                                        ~[0m
[96msrc/modules/attendance/services/ai-schedule.service.ts[0m:[93m981[0m:[93m43[0m - [91merror[0m[90m TS
2693: [0m'ScheduleResultItem' only refers to a type, but is being used as a value here.

[7m981[0m   private calculateSatisfactionRate(data: ScheduleResultItem[], preferences: Map<string, SchedulePref
erence>): number {
[7m   [0m [91m                                          ~~~~~~~~~~~~~~~~~~[0m
[96msrc/modules/attendance/services/ai-schedule.service.ts[0m:[93m981[0m:[93m62[0m - [91merror[0m[90m TS
1011: [0mAn element access expression should take an argument.

[7m981[0m   private calculateSatisfactionRate(data: ScheduleResultItem[], preferences: Map<string, SchedulePref
erence>): number {
[7m   [0m [91m                                                             [0m
[96msrc/modules/attendance/services/ai-schedule.service.ts[0m:[93m981[0m:[93m65[0m - [91merror[0m[90m TS
2304: [0mCannot find name 'preferences'.

[7m981[0m   private calculateSatisfactionRate(data: ScheduleResultItem[], preferences: Map<string, SchedulePref
erence>): number {
[7m   [0m [91m                                                                ~~~~~~~~~~~[0m
[96msrc/modules/attendance/services/ai-schedule.service.ts[0m:[93m981[0m:[93m76[0m - [91merror[0m[90m TS
1005: [0m',' expected.

[7m981[0m   private calculateSatisfactionRate(data: ScheduleResultItem[], preferences: Map<string, SchedulePref
erence>): number {
[7m   [0m [91m                                                                           ~[0m
[96msrc/modules/attendance/services/ai-schedule.service.ts[0m:[93m981[0m:[93m110[0m - [91merror[0m[90m T
S1005: [0m';' expected.

[7m981[0m   private calculateSatisfactionRate(data: ScheduleResultItem[], preferences: Map<string, SchedulePref
erence>): number {
[7m   [0m [91m                                                                                                
             ~[0m
[96msrc/modules/attendance/services/ai-schedule.service.ts[0m:[93m981[0m:[93m112[0m - [91merror[0m[90m T
S1434: [0mUnexpected keyword or identifier.

[7m981[0m   private calculateSatisfactionRate(data: ScheduleResultItem[], preferences: Map<string, SchedulePref
erence>): number {
[7m   [0m [91m                                                                                                
               ~~~~~~[0m
[96msrc/modules/attendance/services/ai-schedule.service.ts[0m:[93m981[0m:[93m112[0m - [91merror[0m[90m T
S2693: [0m'number' only refers to a type, but is being used as a value here.

[7m981[0m   private calculateSatisfactionRate(data: ScheduleResultItem[], preferences: Map<string, SchedulePref
erence>): number {
[7m   [0m [91m                                                                                                
               ~~~~~~[0m
[96msrc/modules/attendance/services/ai-schedule.service.ts[0m:[93m982[0m:[93m28[0m - [91merror[0m[90m TS
2304: [0mCannot find name 'data'.

[7m982[0m     const validSchedules = data.filter(d => d.employee_id !== '__shortage__');
[7m   [0m [91m                           ~~~~[0m
[96msrc/modules/attendance/services/ai-schedule.service.ts[0m:[93m988[0m:[93m20[0m - [91merror[0m[90m TS
2304: [0mCannot find name 'preferences'.

[7m988[0m       const pref = preferences.get(item.employee_id);
[7m   [0m [91m                   ~~~~~~~~~~~[0m
[96msrc/modules/attendance/services/ai-schedule.service.ts[0m:[93m1004[0m:[93m3[0m - [91merror[0m[90m TS
1128: [0mDeclaration or statement expected.

[7m1004[0m   private buildDraftMeta(
[7m    [0m [91m  ~~~~~~~[0m
[96msrc/modules/attendance/services/ai-schedule.service.ts[0m:[93m1004[0m:[93m11[0m - [91merror[0m[90m T
S2304: [0mCannot find name 'buildDraftMeta'.

[7m1004[0m   private buildDraftMeta(
[7m    [0m [91m          ~~~~~~~~~~~~~~[0m
[96msrc/modules/attendance/services/ai-schedule.service.ts[0m:[93m1005[0m:[93m5[0m - [91merror[0m[90m TS
2304: [0mCannot find name 'id'.

[7m1005[0m     id: string,
[7m    [0m [91m    ~~[0m
[96msrc/modules/attendance/services/ai-schedule.service.ts[0m:[93m1005[0m:[93m7[0m - [91merror[0m[90m TS
1005: [0m',' expected.

[7m1005[0m     id: string,
[7m    [0m [91m      ~[0m
[96msrc/modules/attendance/services/ai-schedule.service.ts[0m:[93m1005[0m:[93m9[0m - [91merror[0m[90m TS
2693: [0m'string' only refers to a type, but is being used as a value here.

[7m1005[0m     id: string,
[7m    [0m [91m        ~~~~~~[0m
[96msrc/modules/attendance/services/ai-schedule.service.ts[0m:[93m1006[0m:[93m9[0m - [91merror[0m[90m TS
1005: [0m',' expected.

[7m1006[0m     name: string,
[7m    [0m [91m        ~[0m
[96msrc/modules/attendance/services/ai-schedule.service.ts[0m:[93m1006[0m:[93m11[0m - [91merror[0m[90m T
S2693: [0m'string' only refers to a type, but is being used as a value here.

[7m1006[0m     name: string,
[7m    [0m [91m          ~~~~~~[0m
[96msrc/modules/attendance/services/ai-schedule.service.ts[0m:[93m1007[0m:[93m5[0m - [91merror[0m[90m TS
2304: [0mCannot find name 'mode'.

[7m1007[0m     mode: string,
[7m    [0m [91m    ~~~~[0m
[96msrc/modules/attendance/services/ai-schedule.service.ts[0m:[93m1007[0m:[93m9[0m - [91merror[0m[90m TS
1005: [0m',' expected.

[7m1007[0m     mode: string,
[7m    [0m [91m        ~[0m
[96msrc/modules/attendance/services/ai-schedule.service.ts[0m:[93m1007[0m:[93m11[0m - [91merror[0m[90m T
S2693: [0m'string' only refers to a type, but is being used as a value here.

[7m1007[0m     mode: string,
[7m    [0m [91m          ~~~~~~[0m
[96msrc/modules/attendance/services/ai-schedule.service.ts[0m:[93m1008[0m:[93m5[0m - [91merror[0m[90m TS
2304: [0mCannot find name 'data'.

[7m1008[0m     data: ScheduleResultItem[],
[7m    [0m [91m    ~~~~[0m
[96msrc/modules/attendance/services/ai-schedule.service.ts[0m:[93m1008[0m:[93m9[0m - [91merror[0m[90m TS
1005: [0m',' expected.

[7m1008[0m     data: ScheduleResultItem[],
[7m    [0m [91m        ~[0m
[96msrc/modules/attendance/services/ai-schedule.service.ts[0m:[93m1008[0m:[93m11[0m - [91merror[0m[90m T
S2693: [0m'ScheduleResultItem' only refers to a type, but is being used as a value here.

[7m1008[0m     data: ScheduleResultItem[],
[7m    [0m [91m          ~~~~~~~~~~~~~~~~~~[0m
[96msrc/modules/attendance/services/ai-schedule.service.ts[0m:[93m1008[0m:[93m30[0m - [91merror[0m[90m T
S1011: [0mAn element access expression should take an argument.

[7m1008[0m     data: ScheduleResultItem[],
[7m    [0m [91m                             [0m
[96msrc/modules/attendance/services/ai-schedule.service.ts[0m:[93m1009[0m:[93m5[0m - [91merror[0m[90m TS
2304: [0mCannot find name 'preferences'.

[7m1009[0m     preferences?: Map<string, SchedulePreference>,
[7m    [0m [91m    ~~~~~~~~~~~[0m
[96msrc/modules/attendance/services/ai-schedule.service.ts[0m:[93m1009[0m:[93m17[0m - [91merror[0m[90m T
S1109: [0mExpression expected.

[7m1009[0m     preferences?: Map<string, SchedulePreference>,
[7m    [0m [91m                ~[0m
[96msrc/modules/attendance/services/ai-schedule.service.ts[0m:[93m1010[0m:[93m5[0m - [91merror[0m[90m TS
2304: [0mCannot find name 'demandMap'.

[7m1010[0m     demandMap?: Map<string, number>
[7m    [0m [91m    ~~~~~~~~~[0m
[96msrc/modules/attendance/services/ai-schedule.service.ts[0m:[93m1010[0m:[93m15[0m - [91merror[0m[90m T
S1109: [0mExpression expected.

[7m1010[0m     demandMap?: Map<string, number>
[7m    [0m [91m              ~[0m
[96msrc/modules/attendance/services/ai-schedule.service.ts[0m:[93m1011[0m:[93m4[0m - [91merror[0m[90m TS
1005: [0m';' expected.

[7m1011[0m   ): ScheduleDraft {
[7m    [0m [91m   ~[0m
[96msrc/modules/attendance/services/ai-schedule.service.ts[0m:[93m1011[0m:[93m6[0m - [91merror[0m[90m TS
1434: [0mUnexpected keyword or identifier.

[7m1011[0m   ): ScheduleDraft {
[7m    [0m [91m     ~~~~~~~~~~~~~[0m
[96msrc/modules/attendance/services/ai-schedule.service.ts[0m:[93m1011[0m:[93m6[0m - [91merror[0m[90m TS
2693: [0m'ScheduleDraft' only refers to a type, but is being used as a value here.

[7m1011[0m   ): ScheduleDraft {
[7m    [0m [91m     ~~~~~~~~~~~~~[0m
[96msrc/modules/attendance/services/ai-schedule.service.ts[0m:[93m1012[0m:[93m22[0m - [91merror[0m[90m T
S2304: [0mCannot find name 'data'.

[7m1012[0m     const warnings = data.filter((d) => d.is_warning).length;
[7m    [0m [91m                     ~~~~[0m
[96msrc/modules/attendance/services/ai-schedule.service.ts[0m:[93m1013[0m:[93m19[0m - [91merror[0m[90m T
S2304: [0mCannot find name 'data'.

[7m1013[0m     const total = data.filter((d) => d.employee_id !== '__shortage__').length;
[7m    [0m [91m                  ~~~~[0m
[96msrc/modules/attendance/services/ai-schedule.service.ts[0m:[93m1018[0m:[93m9[0m - [91merror[0m[90m TS
2304: [0mCannot find name 'preferences'.

[7m1018[0m     if (preferences) {
[7m    [0m [91m        ~~~~~~~~~~~[0m
[96msrc/modules/attendance/services/ai-schedule.service.ts[0m:[93m1019[0m:[93m22[0m - [91merror[0m[90m T
S2532: [0mObject is possibly 'undefined'.

[7m1019[0m       satisfaction = this.calculateSatisfactionRate(data, preferences);
[7m    [0m [91m                     ~~~~[0m
[96msrc/modules/attendance/services/ai-schedule.service.ts[0m:[93m1019[0m:[93m53[0m - [91merror[0m[90m T
S2304: [0mCannot find name 'data'.

[7m1019[0m       satisfaction = this.calculateSatisfactionRate(data, preferences);
[7m    [0m [91m                                                    ~~~~[0m
[96msrc/modules/attendance/services/ai-schedule.service.ts[0m:[93m1019[0m:[93m59[0m - [91merror[0m[90m T
S2304: [0mCannot find name 'preferences'.

[7m1019[0m       satisfaction = this.calculateSatisfactionRate(data, preferences);
[7m    [0m [91m                                                          ~~~~~~~~~~~[0m
[96msrc/modules/attendance/services/ai-schedule.service.ts[0m:[93m1024[0m:[93m9[0m - [91merror[0m[90m TS
2304: [0mCannot find name 'demandMap'.

[7m1024[0m     if (demandMap && demandMap.size > 0) {
[7m    [0m [91m        ~~~~~~~~~[0m
[96msrc/modules/attendance/services/ai-schedule.service.ts[0m:[93m1024[0m:[93m22[0m - [91merror[0m[90m T
S2304: [0mCannot find name 'demandMap'.

[7m1024[0m     if (demandMap && demandMap.size > 0) {
[7m    [0m [91m                     ~~~~~~~~~[0m
[96msrc/modules/attendance/services/ai-schedule.service.ts[0m:[93m1027[0m:[93m7[0m - [91merror[0m[90m TS
2304: [0mCannot find name 'demandMap'.

[7m1027[0m       demandMap.forEach((v) => totalRequired += v);
[7m    [0m [91m      ~~~~~~~~~[0m
[96msrc/modules/attendance/services/ai-schedule.service.ts[0m:[93m1029[0m:[93m21[0m - [91merror[0m[90m T
S2304: [0mCannot find name 'data'.

[7m1029[0m       totalActual = data.filter(d => d.employee_id !== '__shortage__').length;
[7m    [0m [91m                    ~~~~[0m
[96msrc/modules/attendance/services/ai-schedule.service.ts[0m:[93m1044[0m:[93m3[0m - [91merror[0m[90m TS
1128: [0mDeclaration or statement expected.

[7m1044[0m   private parseShiftHours(shift: any): number {
[7m    [0m [91m  ~~~~~~~[0m
[96msrc/modules/attendance/services/ai-schedule.service.ts[0m:[93m1044[0m:[93m11[0m - [91merror[0m[90m T
S2304: [0mCannot find name 'parseShiftHours'.

[7m1044[0m   private parseShiftHours(shift: any): number {
[7m    [0m [91m          ~~~~~~~~~~~~~~~[0m
[96msrc/modules/attendance/services/ai-schedule.service.ts[0m:[93m1044[0m:[93m27[0m - [91merror[0m[90m T
S2304: [0mCannot find name 'shift'.

[7m1044[0m   private parseShiftHours(shift: any): number {
[7m    [0m [91m                          ~~~~~[0m
[96msrc/modules/attendance/services/ai-schedule.service.ts[0m:[93m1044[0m:[93m32[0m - [91merror[0m[90m T
S1005: [0m',' expected.

[7m1044[0m   private parseShiftHours(shift: any): number {
[7m    [0m [91m                               ~[0m
[96msrc/modules/attendance/services/ai-schedule.service.ts[0m:[93m1044[0m:[93m34[0m - [91merror[0m[90m T
S2693: [0m'any' only refers to a type, but is being used as a value here.

[7m1044[0m   private parseShiftHours(shift: any): number {
[7m    [0m [91m                                 ~~~[0m
[96msrc/modules/attendance/services/ai-schedule.service.ts[0m:[93m1044[0m:[93m38[0m - [91merror[0m[90m T
S1005: [0m';' expected.

[7m1044[0m   private parseShiftHours(shift: any): number {
[7m    [0m [91m                                     ~[0m
[96msrc/modules/attendance/services/ai-schedule.service.ts[0m:[93m1044[0m:[93m40[0m - [91merror[0m[90m T
S1434: [0mUnexpected keyword or identifier.

[7m1044[0m   private parseShiftHours(shift: any): number {
[7m    [0m [91m                                       ~~~~~~[0m
[96msrc/modules/attendance/services/ai-schedule.service.ts[0m:[93m1044[0m:[93m40[0m - [91merror[0m[90m T
S2693: [0m'number' only refers to a type, but is being used as a value here.

[7m1044[0m   private parseShiftHours(shift: any): number {
[7m    [0m [91m                                       ~~~~~~[0m
[96msrc/modules/attendance/services/ai-schedule.service.ts[0m:[93m1047[0m:[93m11[0m - [91merror[0m[90m T
S2304: [0mCannot find name 'shift'.

[7m1047[0m       if (shift.end_time && shift.start_time) {
[7m    [0m [91m          ~~~~~[0m
[96msrc/modules/attendance/services/ai-schedule.service.ts[0m:[93m1047[0m:[93m29[0m - [91merror[0m[90m T
S2304: [0mCannot find name 'shift'.

[7m1047[0m       if (shift.end_time && shift.start_time) {
[7m    [0m [91m                            ~~~~~[0m
[96msrc/modules/attendance/services/ai-schedule.service.ts[0m:[93m1048[0m:[93m26[0m - [91merror[0m[90m T
S2304: [0mCannot find name 'shift'.

[7m1048[0m         const [sh, sm] = shift.start_time.split(':').map(Number);
[7m    [0m [91m                         ~~~~~[0m
[96msrc/modules/attendance/services/ai-schedule.service.ts[0m:[93m1049[0m:[93m26[0m - [91merror[0m[90m T
S2304: [0mCannot find name 'shift'.

[7m1049[0m         const [eh, em] = shift.end_time.split(':').map(Number);
[7m    [0m [91m                         ~~~~~[0m
[96msrc/modules/attendance/services/ai-schedule.service.ts[0m:[93m1055[0m:[93m7[0m - [91merror[0m[90m TS
2532: [0mObject is possibly 'undefined'.

[7m1055[0m       this.logger.warn(`Failed to parse shift hours for shift ${shift?.id || 'unknown'}:`, error);
[7m    [0m [91m      ~~~~[0m
[96msrc/modules/attendance/services/ai-schedule.service.ts[0m:[93m1055[0m:[93m65[0m - [91merror[0m[90m T
S2304: [0mCannot find name 'shift'.

[7m1055[0m       this.logger.warn(`Failed to parse shift hours for shift ${shift?.id || 'unknown'}:`, error);
[7m    [0m [91m                                                                ~~~~~[0m
[96msrc/modules/attendance/services/ai-schedule.service.ts[0m:[93m1060[0m:[93m3[0m - [91merror[0m[90m TS
1128: [0mDeclaration or statement expected.

[7m1060[0m   private getDaysInBetween(start: Date, end: Date): Date[] {
[7m    [0m [91m  ~~~~~~~[0m
[96msrc/modules/attendance/services/ai-schedule.service.ts[0m:[93m1060[0m:[93m11[0m - [91merror[0m[90m T
S2304: [0mCannot find name 'getDaysInBetween'.

[7m1060[0m   private getDaysInBetween(start: Date, end: Date): Date[] {
[7m    [0m [91m          ~~~~~~~~~~~~~~~~[0m
[96msrc/modules/attendance/services/ai-schedule.service.ts[0m:[93m1060[0m:[93m28[0m - [91merror[0m[90m T
S2304: [0mCannot find name 'start'.

[7m1060[0m   private getDaysInBetween(start: Date, end: Date): Date[] {
[7m    [0m [91m                           ~~~~~[0m
[96msrc/modules/attendance/services/ai-schedule.service.ts[0m:[93m1060[0m:[93m33[0m - [91merror[0m[90m T
S1005: [0m',' expected.

[7m1060[0m   private getDaysInBetween(start: Date, end: Date): Date[] {
[7m    [0m [91m                                ~[0m
[96msrc/modules/attendance/services/ai-schedule.service.ts[0m:[93m1060[0m:[93m41[0m - [91merror[0m[90m T
S2304: [0mCannot find name 'end'.

[7m1060[0m   private getDaysInBetween(start: Date, end: Date): Date[] {
[7m    [0m [91m                                        ~~~[0m
[96msrc/modules/attendance/services/ai-schedule.service.ts[0m:[93m1060[0m:[93m44[0m - [91merror[0m[90m T
S1005: [0m',' expected.

[7m1060[0m   private getDaysInBetween(start: Date, end: Date): Date[] {
[7m    [0m [91m                                           ~[0m
[96msrc/modules/attendance/services/ai-schedule.service.ts[0m:[93m1060[0m:[93m51[0m - [91merror[0m[90m T
S1005: [0m';' expected.

[7m1060[0m   private getDaysInBetween(start: Date, end: Date): Date[] {
[7m    [0m [91m                                                  ~[0m
[96msrc/modules/attendance/services/ai-schedule.service.ts[0m:[93m1060[0m:[93m58[0m - [91merror[0m[90m T
S1011: [0mAn element access expression should take an argument.

[7m1060[0m   private getDaysInBetween(start: Date, end: Date): Date[] {
[7m    [0m [91m                                                         [0m
[96msrc/modules/attendance/services/ai-schedule.service.ts[0m:[93m1060[0m:[93m60[0m - [91merror[0m[90m T
S1005: [0m';' expected.

[7m1060[0m   private getDaysInBetween(start: Date, end: Date): Date[] {
[7m    [0m [91m                                                           ~[0m
[96msrc/modules/attendance/services/ai-schedule.service.ts[0m:[93m1062[0m:[93m30[0m - [91merror[0m[90m T
S2304: [0mCannot find name 'start'.

[7m1062[0m     const current = new Date(start);
[7m    [0m [91m                             ~~~~~[0m
[96msrc/modules/attendance/services/ai-schedule.service.ts[0m:[93m1063[0m:[93m23[0m - [91merror[0m[90m T
S2304: [0mCannot find name 'end'.

[7m1063[0m     while (current <= end) {
[7m    [0m [91m                      ~~~[0m
[96msrc/modules/attendance/services/ai-schedule.service.ts[0m:[93m1069[0m:[93m1[0m - [91merror[0m[90m TS
1128: [0mDeclaration or statement expected.

[7m1069[0m }
[7m    [0m [91m~[0m
[96msrc/modules/attendance/services/attendance-records.service.ts[0m:[93m363[0m:[93m7[0m - [91merror[0m[
90m TS2322: [0mType '{ hr_employee: { select: { id: true; name: true; employee_no: true; hr_department: { select
: { name: true; }; }; hr_position: { select: { name: true; }; }; }; }; }' is not assignable to type 'never'.

[7m363[0m       include: {
[7m   [0m [91m      ~~~~~~~[0m
[96msrc/modules/attendance/services/attendance-records.service.ts[0m:[93m411[0m:[93m7[0m - [91merror[0m[
90m TS2322: [0mType '{ hr_employee: { select: { name: true; employee_no: true; hr_department: { select: { name: 
true; }; }; }; }; }' is not assignable to type 'never'.

[7m411[0m       include: {
[7m   [0m [91m      ~~~~~~~[0m
[96msrc/modules/attendance/services/attendance-records.service.ts[0m:[93m433[0m:[93m33[0m - [91merror[0m
[90m TS2339: [0mProperty 'employee_no' does not exist on type 'never'.

[7m433[0m       鍛樺伐宸ュ彿: record.hr_employee?.employee_no || "",
[7m   [0m [91m                                ~~~~~~~~~~~[0m
[96msrc/modules/attendance/services/attendance-records.service.ts[0m:[93m434[0m:[93m33[0m - [91merror[0m
[90m TS2339: [0mProperty 'name' does not exist on type 'never'.

[7m434[0m       鍛樺伐濮撳悕: record.hr_employee?.name || "",
[7m   [0m [91m                                ~~~~[0m
[96msrc/modules/attendance/services/attendance-records.service.ts[0m:[93m435[0m:[93m31[0m - [91merror[0m
[90m TS2339: [0mProperty 'hr_department' does not exist on type 'never'.

[7m435[0m       閮ㄩ棬: record.hr_employee?.hr_department?.name || "",
[7m   [0m [91m                              ~~~~~~~~~~~~~[0m
[96msrc/modules/attendance/services/attendance-records.service.ts[0m:[93m482[0m:[93m9[0m - [91merror[0m[
90m TS2353: [0mObject literal may only specify known properties, and 'approval_status' does not exist in type '(
Without<attendance_recordUpdateManyMutationInput, attendance_recordUncheckedUpdateManyInput> & attendance_recordU
ncheckedUpdateManyInput) | (Without<...> & attendance_recordUpdateManyMutationInput)'.

[7m482[0m         approval_status: status,
[7m   [0m [91m        ~~~~~~~~~~~~~~~[0m

  [96mnode_modules/.prisma/client/index.d.ts[0m:[93m35888[0m:[93m5[0m
    [7m35888[0m     data: XOR<attendance_recordUpdateManyMutationInput, attendance_recordUncheckedUpdateManyInp
ut>
    [7m     [0m [96m    ~~~~[0m
    The expected type comes from property 'data' which is declared here on type '{ data: (Without<attendance_reco
rdUpdateManyMutationInput, attendance_recordUncheckedUpdateManyInput> & attendance_recordUncheckedUpdateManyInput
) | (Without<...> & attendance_recordUpdateManyMutationInput); where?: attendance_recordWhereInput | undefined; l
imit?: number | undefined; }'
[96msrc/modules/attendance/services/attendance-schedules.service.ts[0m:[93m46[0m:[93m14[0m - [91merror[0m
[90m TS2420: [0mClass 'AttendanceSchedulesService' incorrectly implements interface 'IAttendanceSchedulesServic
e'.
  Type 'AttendanceSchedulesService' is missing the following properties from type 'IAttendanceSchedulesService': 
getDashboard, saveSchedule, removeSchedule, importSchedules, and 2 more.

[7m46[0m export class AttendanceSchedulesService implements IAttendanceSchedulesService {
[7m  [0m [91m             ~~~~~~~~~~~~~~~~~~~~~~~~~~[0m
[96msrc/modules/attendance/services/attendance-schedules.service.ts[0m:[93m56[0m:[93m3[0m - [91merror[0m
[90m TS1068: [0mUnexpected token. A constructor, method, accessor, or property was expected.

[7m56[0m   ) {}
[7m  [0m [91m  ~[0m
[96msrc/modules/attendance/services/attendance-schedules.service.ts[0m:[93m56[0m:[93m5[0m - [91merror[0m
[90m TS1068: [0mUnexpected token. A constructor, method, accessor, or property was expected.

[7m56[0m   ) {}
[7m  [0m [91m    ~[0m
[96msrc/modules/attendance/services/attendance-schedules.service.ts[0m:[93m63[0m:[93m8[0m - [91merror[0m
[90m TS1146: [0mDeclaration expected.

[7m63[0m   async getDashboard(userId: string, query: QuerySchedulesDto) {
[7m  [0m [91m       [0m
[96msrc/modules/attendance/services/attendance-schedules.service.ts[0m:[93m63[0m:[93m9[0m - [91merror[0m
[90m TS2304: [0mCannot find name 'getDashboard'.

[7m63[0m   async getDashboard(userId: string, query: QuerySchedulesDto) {
[7m  [0m [91m        ~~~~~~~~~~~~[0m
[96msrc/modules/attendance/services/attendance-schedules.service.ts[0m:[93m63[0m:[93m22[0m - [91merror[0m
[90m TS2304: [0mCannot find name 'userId'.

[7m63[0m   async getDashboard(userId: string, query: QuerySchedulesDto) {
[7m  [0m [91m                     ~~~~~~[0m
[96msrc/modules/attendance/services/attendance-schedules.service.ts[0m:[93m63[0m:[93m28[0m - [91merror[0m
[90m TS1005: [0m',' expected.

[7m63[0m   async getDashboard(userId: string, query: QuerySchedulesDto) {
[7m  [0m [91m                           ~[0m
[96msrc/modules/attendance/services/attendance-schedules.service.ts[0m:[93m63[0m:[93m30[0m - [91merror[0m
[90m TS2693: [0m'string' only refers to a type, but is being used as a value here.

[7m63[0m   async getDashboard(userId: string, query: QuerySchedulesDto) {
[7m  [0m [91m                             ~~~~~~[0m
[96msrc/modules/attendance/services/attendance-schedules.service.ts[0m:[93m63[0m:[93m38[0m - [91merror[0m
[90m TS2304: [0mCannot find name 'query'.

[7m63[0m   async getDashboard(userId: string, query: QuerySchedulesDto) {
[7m  [0m [91m                                     ~~~~~[0m
[96msrc/modules/attendance/services/attendance-schedules.service.ts[0m:[93m63[0m:[93m43[0m - [91merror[0m
[90m TS1005: [0m',' expected.

[7m63[0m   async getDashboard(userId: string, query: QuerySchedulesDto) {
[7m  [0m [91m                                          ~[0m
[96msrc/modules/attendance/services/attendance-schedules.service.ts[0m:[93m63[0m:[93m64[0m - [91merror[0m
[90m TS1005: [0m';' expected.

[7m63[0m   async getDashboard(userId: string, query: QuerySchedulesDto) {
[7m  [0m [91m                                                               ~[0m
[96msrc/modules/attendance/services/attendance-schedules.service.ts[0m:[93m64[0m:[93m25[0m - [91merror[0m
[90m TS2532: [0mObject is possibly 'undefined'.

[7m64[0m     const scope = await this.scopeService.resolveAccess(userId);
[7m  [0m [91m                        ~~~~[0m
[96msrc/modules/attendance/services/attendance-schedules.service.ts[0m:[93m64[0m:[93m57[0m - [91merror[0m
[90m TS2304: [0mCannot find name 'userId'.

[7m64[0m     const scope = await this.scopeService.resolveAccess(userId);
[7m  [0m [91m                                                        ~~~~~~[0m
[96msrc/modules/attendance/services/attendance-schedules.service.ts[0m:[93m65[0m:[93m37[0m - [91merror[0m
[90m TS2304: [0mCannot find name 'query'.

[7m65[0m     const startDate = normalizeDate(query.start_date ?? new Date());
[7m  [0m [91m                                    ~~~~~[0m
[96msrc/modules/attendance/services/attendance-schedules.service.ts[0m:[93m67[0m:[93m7[0m - [91merror[0m
[90m TS2304: [0mCannot find name 'query'.

[7m67[0m       query.end_date ?? new Date(startDate.getTime() + 6 * 86400000),
[7m  [0m [91m      ~~~~~[0m
[96msrc/modules/attendance/services/attendance-schedules.service.ts[0m:[93m69[0m:[93m26[0m - [91merror[0m
[90m TS2304: [0mCannot find name 'query'.

[7m69[0m     const page = Number((query as any).current || 1);
[7m  [0m [91m                         ~~~~~[0m
[96msrc/modules/attendance/services/attendance-schedules.service.ts[0m:[93m70[0m:[93m30[0m - [91merror[0m
[90m TS2304: [0mCannot find name 'query'.

[7m70[0m     const pageSize = Number((query as any).pageSize || 50);
[7m  [0m [91m                             ~~~~~[0m
[96msrc/modules/attendance/services/attendance-schedules.service.ts[0m:[93m74[0m:[93m7[0m - [91merror[0m
[90m TS2304: [0mCannot find name 'query'.

[7m74[0m       query.dept_id,
[7m  [0m [91m      ~~~~~[0m
[96msrc/modules/attendance/services/attendance-schedules.service.ts[0m:[93m79[0m:[93m26[0m - [91merror[0m
[90m TS2532: [0mObject is possibly 'undefined'.

[7m79[0m     const cached = await this.redisService.get(cacheKey);
[7m  [0m [91m                         ~~~~[0m
[96msrc/modules/attendance/services/attendance-schedules.service.ts[0m:[93m84[0m:[93m32[0m - [91merror[0m
[90m TS2532: [0mObject is possibly 'undefined'.

[7m84[0m     const employeeWhere: any = this.scopeService.applyScope(
[7m  [0m [91m                               ~~~~[0m
[96msrc/modules/attendance/services/attendance-schedules.service.ts[0m:[93m88[0m:[93m13[0m - [91merror[0m
[90m TS2304: [0mCannot find name 'query'.

[7m88[0m         ...(query.keyword
[7m  [0m [91m            ~~~~~[0m
[96msrc/modules/attendance/services/attendance-schedules.service.ts[0m:[93m91[0m:[93m37[0m - [91merror[0m
[90m TS2304: [0mCannot find name 'query'.

[7m91[0m                 { name: { contains: query.keyword } },
[7m  [0m [91m                                    ~~~~~[0m
[96msrc/modules/attendance/services/attendance-schedules.service.ts[0m:[93m92[0m:[93m44[0m - [91merror[0m
[90m TS2304: [0mCannot find name 'query'.

[7m92[0m                 { employee_no: { contains: query.keyword } },
[7m  [0m [91m                                           ~~~~~[0m
[96msrc/modules/attendance/services/attendance-schedules.service.ts[0m:[93m100[0m:[93m9[0m - [91merror[0m
[90m TS2304: [0mCannot find name 'query'.

[7m100[0m     if (query.dept_id) {
[7m   [0m [91m        ~~~~~[0m
[96msrc/modules/attendance/services/attendance-schedules.service.ts[0m:[93m101[0m:[93m37[0m - [91merror[0
m[90m TS2304: [0mCannot find name 'query'.

[7m101[0m       employeeWhere.department_id = query.dept_id;
[7m   [0m [91m                                    ~~~~~[0m
[96msrc/modules/attendance/services/attendance-schedules.service.ts[0m:[93m105[0m:[93m7[0m - [91merror[0m
[90m TS2532: [0mObject is possibly 'undefined'.

[7m105[0m       this.prisma.hr_employee.findMany({
[7m   [0m [91m      ~~~~[0m
[96msrc/modules/attendance/services/attendance-schedules.service.ts[0m:[93m111[0m:[93m7[0m - [91merror[0m
[90m TS2532: [0mObject is possibly 'undefined'.

[7m111[0m       this.prisma.hr_employee.count({ where: employeeWhere }),
[7m   [0m [91m      ~~~~[0m
[96msrc/modules/attendance/services/attendance-schedules.service.ts[0m:[93m120[0m:[93m7[0m - [91merror[0m
[90m TS2532: [0mObject is possibly 'undefined'.

[7m120[0m       this.listShifts(userId),
[7m   [0m [91m      ~~~~[0m
[96msrc/modules/attendance/services/attendance-schedules.service.ts[0m:[93m120[0m:[93m23[0m - [91merror[0
m[90m TS2304: [0mCannot find name 'userId'.

[7m120[0m       this.listShifts(userId),
[7m   [0m [91m                      ~~~~~~[0m
[96msrc/modules/attendance/services/attendance-schedules.service.ts[0m:[93m121[0m:[93m7[0m - [91merror[0m
[90m TS2532: [0mObject is possibly 'undefined'.

[7m121[0m       this.prisma.attendance_schedule.findMany({
[7m   [0m [91m      ~~~~[0m
[96msrc/modules/attendance/services/attendance-schedules.service.ts[0m:[93m128[0m:[93m7[0m - [91merror[0m
[90m TS2532: [0mObject is possibly 'undefined'.

[7m128[0m       this.prisma.biz_department.findMany({
[7m   [0m [91m      ~~~~[0m
[96msrc/modules/attendance/services/attendance-schedules.service.ts[0m:[93m171[0m:[93m56[0m - [91merror[0
m[90m TS2339: [0mProperty 'shift_name' does not exist on type '{}'.

[7m171[0m         const shift = schedule ? shiftMap.get(schedule.shift_name) : null;
[7m   [0m [91m                                                       ~~~~~~~~~~[0m
[96msrc/modules/attendance/services/attendance-schedules.service.ts[0m:[93m174[0m:[93m34[0m - [91merror[0
m[90m TS2339: [0mProperty 'id' does not exist on type '{}'.

[7m174[0m           schedule_id: schedule?.id,
[7m   [0m [91m                                 ~~[0m
[96msrc/modules/attendance/services/attendance-schedules.service.ts[0m:[93m175[0m:[93m33[0m - [91merror[0
m[90m TS2339: [0mProperty 'shift_name' does not exist on type '{}'.

[7m175[0m           shift_name: schedule?.shift_name || null,
[7m   [0m [91m                                ~~~~~~~~~~[0m
[96msrc/modules/attendance/services/attendance-schedules.service.ts[0m:[93m176[0m:[93m28[0m - [91merror[0
m[90m TS2339: [0mProperty 'id' does not exist on type '{}'.

[7m176[0m           shift_id: shift?.id || null,
[7m   [0m [91m                           ~~[0m
[96msrc/modules/attendance/services/attendance-schedules.service.ts[0m:[93m177[0m:[93m32[0m - [91merror[0
m[90m TS2339: [0mProperty 'on_duty_time' does not exist on type '{}'.

[7m177[0m           on_duty_time: shift?.on_duty_time || null,
[7m   [0m [91m                               ~~~~~~~~~~~~[0m
[96msrc/modules/attendance/services/attendance-schedules.service.ts[0m:[93m178[0m:[93m33[0m - [91merror[0
m[90m TS2339: [0mProperty 'off_duty_time' does not exist on type '{}'.

[7m178[0m           off_duty_time: shift?.off_duty_time || null,
[7m   [0m [91m                                ~~~~~~~~~~~~~[0m
[96msrc/modules/attendance/services/attendance-schedules.service.ts[0m:[93m191[0m:[93m11[0m - [91merror[0
m[90m TS2532: [0mObject is possibly 'undefined'.

[7m191[0m     await this.redisService.set(cacheKey, JSON.stringify(result), 300);
[7m   [0m [91m          ~~~~[0m
[96msrc/modules/attendance/services/attendance-schedules.service.ts[0m:[93m204[0m:[93m8[0m - [91merror[0m
[90m TS1146: [0mDeclaration expected.

[7m204[0m   async saveSchedule(userId: string, dto: SaveScheduleDto) {
[7m   [0m [91m       [0m
[96msrc/modules/attendance/services/attendance-schedules.service.ts[0m:[93m204[0m:[93m9[0m - [91merror[0m
[90m TS2304: [0mCannot find name 'saveSchedule'.

[7m204[0m   async saveSchedule(userId: string, dto: SaveScheduleDto) {
[7m   [0m [91m        ~~~~~~~~~~~~[0m
[96msrc/modules/attendance/services/attendance-schedules.service.ts[0m:[93m204[0m:[93m22[0m - [91merror[0
m[90m TS2304: [0mCannot find name 'userId'.

[7m204[0m   async saveSchedule(userId: string, dto: SaveScheduleDto) {
[7m   [0m [91m                     ~~~~~~[0m
[96msrc/modules/attendance/services/attendance-schedules.service.ts[0m:[93m204[0m:[93m28[0m - [91merror[0
m[90m TS1005: [0m',' expected.

[7m204[0m   async saveSchedule(userId: string, dto: SaveScheduleDto) {
[7m   [0m [91m                           ~[0m
[96msrc/modules/attendance/services/attendance-schedules.service.ts[0m:[93m204[0m:[93m30[0m - [91merror[0
m[90m TS2693: [0m'string' only refers to a type, but is being used as a value here.

[7m204[0m   async saveSchedule(userId: string, dto: SaveScheduleDto) {
[7m   [0m [91m                             ~~~~~~[0m
[96msrc/modules/attendance/services/attendance-schedules.service.ts[0m:[93m204[0m:[93m38[0m - [91merror[0
m[90m TS2304: [0mCannot find name 'dto'.

[7m204[0m   async saveSchedule(userId: string, dto: SaveScheduleDto) {
[7m   [0m [91m                                     ~~~[0m
[96msrc/modules/attendance/services/attendance-schedules.service.ts[0m:[93m204[0m:[93m41[0m - [91merror[0
m[90m TS1005: [0m',' expected.

[7m204[0m   async saveSchedule(userId: string, dto: SaveScheduleDto) {
[7m   [0m [91m                                        ~[0m
[96msrc/modules/attendance/services/attendance-schedules.service.ts[0m:[93m204[0m:[93m60[0m - [91merror[0
m[90m TS1005: [0m';' expected.

[7m204[0m   async saveSchedule(userId: string, dto: SaveScheduleDto) {
[7m   [0m [91m                                                           ~[0m
[96msrc/modules/attendance/services/attendance-schedules.service.ts[0m:[93m205[0m:[93m25[0m - [91merror[0
m[90m TS2532: [0mObject is possibly 'undefined'.

[7m205[0m     const scope = await this.scopeService.resolveAccess(userId);
[7m   [0m [91m                        ~~~~[0m
[96msrc/modules/attendance/services/attendance-schedules.service.ts[0m:[93m205[0m:[93m57[0m - [91merror[0
m[90m TS2304: [0mCannot find name 'userId'.

[7m205[0m     const scope = await this.scopeService.resolveAccess(userId);
[7m   [0m [91m                                                        ~~~~~~[0m
[96msrc/modules/attendance/services/attendance-schedules.service.ts[0m:[93m208[0m:[93m9[0m - [91merror[0m
[90m TS2304: [0mCannot find name 'dto'.

[7m208[0m     if (dto.shift_id) {
[7m   [0m [91m        ~~~[0m
[96msrc/modules/attendance/services/attendance-schedules.service.ts[0m:[93m209[0m:[93m21[0m - [91merror[0
m[90m TS2532: [0mObject is possibly 'undefined'.

[7m209[0m       shift = await this.prisma.attendance_rule.findUnique({
[7m   [0m [91m                    ~~~~[0m
[96msrc/modules/attendance/services/attendance-schedules.service.ts[0m:[93m210[0m:[93m22[0m - [91merror[0
m[90m TS2304: [0mCannot find name 'dto'.

[7m210[0m         where: { id: dto.shift_id },
[7m   [0m [91m                     ~~~[0m
[96msrc/modules/attendance/services/attendance-schedules.service.ts[0m:[93m219[0m:[93m37[0m - [91merror[0
m[90m TS2304: [0mCannot find name 'dto'.

[7m219[0m     const employeeIds = [...new Set(dto.items.map((item) => item.employee_id))];
[7m   [0m [91m                                    ~~~[0m
[96msrc/modules/attendance/services/attendance-schedules.service.ts[0m:[93m220[0m:[93m29[0m - [91merror[0
m[90m TS2532: [0mObject is possibly 'undefined'.

[7m220[0m     const employees = await this.prisma.hr_employee.findMany({
[7m   [0m [91m                            ~~~~[0m
[96msrc/modules/attendance/services/attendance-schedules.service.ts[0m:[93m236[0m:[93m24[0m - [91merror[0
m[90m TS2304: [0mCannot find name 'dto'.

[7m236[0m     for (const item of dto.items) {
[7m   [0m [91m                       ~~~[0m
[96msrc/modules/attendance/services/attendance-schedules.service.ts[0m:[93m241[0m:[93m7[0m - [91merror[0m
[90m TS2532: [0mObject is possibly 'undefined'.

[7m241[0m       this.scopeService.assertPlatformAccess(scope, employee.platform_id);
[7m   [0m [91m      ~~~~[0m
[96msrc/modules/attendance/services/attendance-schedules.service.ts[0m:[93m241[0m:[93m53[0m - [91merror[0
m[90m TS18046: [0m'employee' is of type 'unknown'.

[7m241[0m       this.scopeService.assertPlatformAccess(scope, employee.platform_id);
[7m   [0m [91m                                                    ~~~~~~~~[0m
[96msrc/modules/attendance/services/attendance-schedules.service.ts[0m:[93m242[0m:[93m7[0m - [91merror[0m
[90m TS2532: [0mObject is possibly 'undefined'.

[7m242[0m       this.scopeService.assertDepartmentAccess(scope, employee.department_id);
[7m   [0m [91m      ~~~~[0m
[96msrc/modules/attendance/services/attendance-schedules.service.ts[0m:[93m242[0m:[93m55[0m - [91merror[0
m[90m TS18046: [0m'employee' is of type 'unknown'.

[7m242[0m       this.scopeService.assertDepartmentAccess(scope, employee.department_id);
[7m   [0m [91m                                                      ~~~~~~~~[0m
[96msrc/modules/attendance/services/attendance-schedules.service.ts[0m:[93m246[0m:[93m28[0m - [91merror[0
m[90m TS2532: [0mObject is possibly 'undefined'.

[7m246[0m     const affected = await this.prisma.$transaction(async (tx) => {
[7m   [0m [91m                           ~~~~[0m
[96msrc/modules/attendance/services/attendance-schedules.service.ts[0m:[93m248[0m:[93m30[0m - [91merror[0
m[90m TS2304: [0mCannot find name 'dto'.

[7m248[0m       const deletePromises = dto.items.map((item) => {
[7m   [0m [91m                             ~~~[0m
[96msrc/modules/attendance/services/attendance-schedules.service.ts[0m:[93m261[0m:[93m28[0m - [91merror[0
m[90m TS2304: [0mCannot find name 'dto'.

[7m261[0m         const createData = dto.items.map((item) => {
[7m   [0m [91m                           ~~~[0m
[96msrc/modules/attendance/services/attendance-schedules.service.ts[0m:[93m267[0m:[93m35[0m - [91merror[0
m[90m TS2339: [0mProperty 'platform_id' does not exist on type '{}'.

[7m267[0m             platform_id: employee.platform_id || scope.platform_id,
[7m   [0m [91m                                  ~~~~~~~~~~~[0m
[96msrc/modules/attendance/services/attendance-schedules.service.ts[0m:[93m268[0m:[93m31[0m - [91merror[0
m[90m TS2339: [0mProperty 'department_id' does not exist on type '{}'.

[7m268[0m             dept_id: employee.department_id || scope.dept_id,
[7m   [0m [91m                              ~~~~~~~~~~~~~[0m
[96msrc/modules/attendance/services/attendance-schedules.service.ts[0m:[93m279[0m:[93m11[0m - [91merror[0
m[90m TS2532: [0mObject is possibly 'undefined'.

[7m279[0m     await this.redisService.deleteByPattern(
[7m   [0m [91m          ~~~~[0m
[96msrc/modules/attendance/services/attendance-schedules.service.ts[0m:[93m286[0m:[93m8[0m - [91merror[0m
[90m TS1146: [0mDeclaration expected.

[7m286[0m   async removeSchedule(userId: string, id: string) {
[7m   [0m [91m       [0m
[96msrc/modules/attendance/services/attendance-schedules.service.ts[0m:[93m286[0m:[93m9[0m - [91merror[0m
[90m TS2304: [0mCannot find name 'removeSchedule'.

[7m286[0m   async removeSchedule(userId: string, id: string) {
[7m   [0m [91m        ~~~~~~~~~~~~~~[0m
[96msrc/modules/attendance/services/attendance-schedules.service.ts[0m:[93m286[0m:[93m24[0m - [91merror[0
m[90m TS2304: [0mCannot find name 'userId'.

[7m286[0m   async removeSchedule(userId: string, id: string) {
[7m   [0m [91m                       ~~~~~~[0m
[96msrc/modules/attendance/services/attendance-schedules.service.ts[0m:[93m286[0m:[93m30[0m - [91merror[0
m[90m TS1005: [0m',' expected.

[7m286[0m   async removeSchedule(userId: string, id: string) {
[7m   [0m [91m                             ~[0m
[96msrc/modules/attendance/services/attendance-schedules.service.ts[0m:[93m286[0m:[93m32[0m - [91merror[0
m[90m TS2693: [0m'string' only refers to a type, but is being used as a value here.

[7m286[0m   async removeSchedule(userId: string, id: string) {
[7m   [0m [91m                               ~~~~~~[0m
[96msrc/modules/attendance/services/attendance-schedules.service.ts[0m:[93m286[0m:[93m40[0m - [91merror[0
m[90m TS2304: [0mCannot find name 'id'.

[7m286[0m   async removeSchedule(userId: string, id: string) {
[7m   [0m [91m                                       ~~[0m
[96msrc/modules/attendance/services/attendance-schedules.service.ts[0m:[93m286[0m:[93m42[0m - [91merror[0
m[90m TS1005: [0m',' expected.

[7m286[0m   async removeSchedule(userId: string, id: string) {
[7m   [0m [91m                                         ~[0m
[96msrc/modules/attendance/services/attendance-schedules.service.ts[0m:[93m286[0m:[93m44[0m - [91merror[0
m[90m TS2693: [0m'string' only refers to a type, but is being used as a value here.

[7m286[0m   async removeSchedule(userId: string, id: string) {
[7m   [0m [91m                                           ~~~~~~[0m
[96msrc/modules/attendance/services/attendance-schedules.service.ts[0m:[93m286[0m:[93m52[0m - [91merror[0
m[90m TS1005: [0m';' expected.

[7m286[0m   async removeSchedule(userId: string, id: string) {
[7m   [0m [91m                                                   ~[0m
[96msrc/modules/attendance/services/attendance-schedules.service.ts[0m:[93m287[0m:[93m25[0m - [91merror[0
m[90m TS2532: [0mObject is possibly 'undefined'.

[7m287[0m     const scope = await this.scopeService.resolveAccess(userId);
[7m   [0m [91m                        ~~~~[0m
[96msrc/modules/attendance/services/attendance-schedules.service.ts[0m:[93m287[0m:[93m57[0m - [91merror[0
m[90m TS2304: [0mCannot find name 'userId'.

[7m287[0m     const scope = await this.scopeService.resolveAccess(userId);
[7m   [0m [91m                                                        ~~~~~~[0m
[96msrc/modules/attendance/services/attendance-schedules.service.ts[0m:[93m288[0m:[93m26[0m - [91merror[0
m[90m TS2532: [0mObject is possibly 'undefined'.

[7m288[0m     const result = await this.prisma.attendance_schedule.update({
[7m   [0m [91m                         ~~~~[0m
[96msrc/modules/attendance/services/attendance-schedules.service.ts[0m:[93m289[0m:[93m16[0m - [91merror[0
m[90m TS18004: [0mNo value exists in scope for the shorthand property 'id'. Either declare one or provide an in
itializer.

[7m289[0m       where: { id },
[7m   [0m [91m               ~~[0m
[96msrc/modules/attendance/services/attendance-schedules.service.ts[0m:[93m292[0m:[93m11[0m - [91merror[0
m[90m TS2532: [0mObject is possibly 'undefined'.

[7m292[0m     await this.redisService.deleteByPattern(
[7m   [0m [91m          ~~~~[0m
[96msrc/modules/attendance/services/attendance-schedules.service.ts[0m:[93m299[0m:[93m8[0m - [91merror[0m
[90m TS1146: [0mDeclaration expected.

[7m299[0m   async importSchedules(userId: string, dto: any) {
[7m   [0m [91m       [0m
[96msrc/modules/attendance/services/attendance-schedules.service.ts[0m:[93m299[0m:[93m9[0m - [91merror[0m
[90m TS2304: [0mCannot find name 'importSchedules'.

[7m299[0m   async importSchedules(userId: string, dto: any) {
[7m   [0m [91m        ~~~~~~~~~~~~~~~[0m
[96msrc/modules/attendance/services/attendance-schedules.service.ts[0m:[93m299[0m:[93m25[0m - [91merror[0
m[90m TS2304: [0mCannot find name 'userId'.

[7m299[0m   async importSchedules(userId: string, dto: any) {
[7m   [0m [91m                        ~~~~~~[0m
[96msrc/modules/attendance/services/attendance-schedules.service.ts[0m:[93m299[0m:[93m31[0m - [91merror[0
m[90m TS1005: [0m',' expected.

[7m299[0m   async importSchedules(userId: string, dto: any) {
[7m   [0m [91m                              ~[0m
[96msrc/modules/attendance/services/attendance-schedules.service.ts[0m:[93m299[0m:[93m33[0m - [91merror[0
m[90m TS2693: [0m'string' only refers to a type, but is being used as a value here.

[7m299[0m   async importSchedules(userId: string, dto: any) {
[7m   [0m [91m                                ~~~~~~[0m
[96msrc/modules/attendance/services/attendance-schedules.service.ts[0m:[93m299[0m:[93m41[0m - [91merror[0
m[90m TS2304: [0mCannot find name 'dto'.

[7m299[0m   async importSchedules(userId: string, dto: any) {
[7m   [0m [91m                                        ~~~[0m
[96msrc/modules/attendance/services/attendance-schedules.service.ts[0m:[93m299[0m:[93m44[0m - [91merror[0
m[90m TS1005: [0m',' expected.

[7m299[0m   async importSchedules(userId: string, dto: any) {
[7m   [0m [91m                                           ~[0m
[96msrc/modules/attendance/services/attendance-schedules.service.ts[0m:[93m299[0m:[93m46[0m - [91merror[0
m[90m TS2693: [0m'any' only refers to a type, but is being used as a value here.

[7m299[0m   async importSchedules(userId: string, dto: any) {
[7m   [0m [91m                                             ~~~[0m
[96msrc/modules/attendance/services/attendance-schedules.service.ts[0m:[93m299[0m:[93m51[0m - [91merror[0
m[90m TS1005: [0m';' expected.

[7m299[0m   async importSchedules(userId: string, dto: any) {
[7m   [0m [91m                                                  ~[0m
[96msrc/modules/attendance/services/attendance-schedules.service.ts[0m:[93m300[0m:[93m25[0m - [91merror[0
m[90m TS2532: [0mObject is possibly 'undefined'.

[7m300[0m     const scope = await this.scopeService.resolveAccess(userId);
[7m   [0m [91m                        ~~~~[0m
[96msrc/modules/attendance/services/attendance-schedules.service.ts[0m:[93m300[0m:[93m57[0m - [91merror[0
m[90m TS2304: [0mCannot find name 'userId'.

[7m300[0m     const scope = await this.scopeService.resolveAccess(userId);
[7m   [0m [91m                                                        ~~~~~~[0m
[96msrc/modules/attendance/services/attendance-schedules.service.ts[0m:[93m301[0m:[93m26[0m - [91merror[0
m[90m TS2532: [0mObject is possibly 'undefined'.

[7m301[0m     const result = await this.prisma.attendance_schedule.createMany({
[7m   [0m [91m                         ~~~~[0m
[96msrc/modules/attendance/services/attendance-schedules.service.ts[0m:[93m302[0m:[93m13[0m - [91merror[0
m[90m TS2304: [0mCannot find name 'dto'.

[7m302[0m       data: dto.rows,
[7m   [0m [91m            ~~~[0m
[96msrc/modules/attendance/services/attendance-schedules.service.ts[0m:[93m304[0m:[93m11[0m - [91merror[0
m[90m TS2532: [0mObject is possibly 'undefined'.

[7m304[0m     await this.redisService.deleteByPattern(
[7m   [0m [91m          ~~~~[0m
[96msrc/modules/attendance/services/attendance-schedules.service.ts[0m:[93m311[0m:[93m8[0m - [91merror[0m
[90m TS1146: [0mDeclaration expected.

[7m311[0m   async exportSchedules(_userId: string, _query: any) {
[7m   [0m [91m       [0m
[96msrc/modules/attendance/services/attendance-schedules.service.ts[0m:[93m311[0m:[93m9[0m - [91merror[0m
[90m TS2304: [0mCannot find name 'exportSchedules'.

[7m311[0m   async exportSchedules(_userId: string, _query: any) {
[7m   [0m [91m        ~~~~~~~~~~~~~~~[0m
[96msrc/modules/attendance/services/attendance-schedules.service.ts[0m:[93m311[0m:[93m25[0m - [91merror[0
m[90m TS2304: [0mCannot find name '_userId'.

[7m311[0m   async exportSchedules(_userId: string, _query: any) {
[7m   [0m [91m                        ~~~~~~~[0m
[96msrc/modules/attendance/services/attendance-schedules.service.ts[0m:[93m311[0m:[93m32[0m - [91merror[0
m[90m TS1005: [0m',' expected.

[7m311[0m   async exportSchedules(_userId: string, _query: any) {
[7m   [0m [91m                               ~[0m
[96msrc/modules/attendance/services/attendance-schedules.service.ts[0m:[93m311[0m:[93m34[0m - [91merror[0
m[90m TS2693: [0m'string' only refers to a type, but is being used as a value here.

[7m311[0m   async exportSchedules(_userId: string, _query: any) {
[7m   [0m [91m                                 ~~~~~~[0m
[96msrc/modules/attendance/services/attendance-schedules.service.ts[0m:[93m311[0m:[93m42[0m - [91merror[0
m[90m TS2304: [0mCannot find name '_query'.

[7m311[0m   async exportSchedules(_userId: string, _query: any) {
[7m   [0m [91m                                         ~~~~~~[0m
[96msrc/modules/attendance/services/attendance-schedules.service.ts[0m:[93m311[0m:[93m48[0m - [91merror[0
m[90m TS1005: [0m',' expected.

[7m311[0m   async exportSchedules(_userId: string, _query: any) {
[7m   [0m [91m                                               ~[0m
[96msrc/modules/attendance/services/attendance-schedules.service.ts[0m:[93m311[0m:[93m50[0m - [91merror[0
m[90m TS2693: [0m'any' only refers to a type, but is being used as a value here.

[7m311[0m   async exportSchedules(_userId: string, _query: any) {
[7m   [0m [91m                                                 ~~~[0m
[96msrc/modules/attendance/services/attendance-schedules.service.ts[0m:[93m311[0m:[93m55[0m - [91merror[0
m[90m TS1005: [0m';' expected.

[7m311[0m   async exportSchedules(_userId: string, _query: any) {
[7m   [0m [91m                                                      ~[0m
[96msrc/modules/attendance/services/attendance-schedules.service.ts[0m:[93m312[0m:[93m29[0m - [91merror[0
m[90m TS2532: [0mObject is possibly 'undefined'.

[7m312[0m     const dashboard = await this.getDashboard(_userId, {
[7m   [0m [91m                            ~~~~[0m
[96msrc/modules/attendance/services/attendance-schedules.service.ts[0m:[93m312[0m:[93m47[0m - [91merror[0
m[90m TS2304: [0mCannot find name '_userId'.

[7m312[0m     const dashboard = await this.getDashboard(_userId, {
[7m   [0m [91m                                              ~~~~~~~[0m
[96msrc/modules/attendance/services/attendance-schedules.service.ts[0m:[93m313[0m:[93m10[0m - [91merror[0
m[90m TS2304: [0mCannot find name '_query'.

[7m313[0m       ..._query,
[7m   [0m [91m         ~~~~~~[0m
[96msrc/modules/attendance/services/attendance-schedules.service.ts[0m:[93m335[0m:[93m3[0m - [91merror[0m
[90m TS1434: [0mUnexpected keyword or identifier.

[7m335[0m   async getImportTemplate() {
[7m   [0m [91m  ~~~~~[0m
[96msrc/modules/attendance/services/attendance-schedules.service.ts[0m:[93m335[0m:[93m3[0m - [91merror[0m
[90m TS2304: [0mCannot find name 'async'.

[7m335[0m   async getImportTemplate() {
[7m   [0m [91m  ~~~~~[0m
[96msrc/modules/attendance/services/attendance-schedules.service.ts[0m:[93m335[0m:[93m9[0m - [91merror[0m
[90m TS2304: [0mCannot find name 'getImportTemplate'.

[7m335[0m   async getImportTemplate() {
[7m   [0m [91m        ~~~~~~~~~~~~~~~~~[0m
[96msrc/modules/attendance/services/attendance-schedules.service.ts[0m:[93m335[0m:[93m29[0m - [91merror[0
m[90m TS1005: [0m';' expected.

[7m335[0m   async getImportTemplate() {
[7m   [0m [91m                            ~[0m
[96msrc/modules/attendance/services/attendance-schedules.service.ts[0m:[93m348[0m:[93m8[0m - [91merror[0m
[90m TS1146: [0mDeclaration expected.

[7m348[0m   async listShifts(userId: string) {
[7m   [0m [91m       [0m
[96msrc/modules/attendance/services/attendance-schedules.service.ts[0m:[93m348[0m:[93m9[0m - [91merror[0m
[90m TS2304: [0mCannot find name 'listShifts'.

[7m348[0m   async listShifts(userId: string) {
[7m   [0m [91m        ~~~~~~~~~~[0m
[96msrc/modules/attendance/services/attendance-schedules.service.ts[0m:[93m348[0m:[93m20[0m - [91merror[0
m[90m TS2304: [0mCannot find name 'userId'.

[7m348[0m   async listShifts(userId: string) {
[7m   [0m [91m                   ~~~~~~[0m
[96msrc/modules/attendance/services/attendance-schedules.service.ts[0m:[93m348[0m:[93m26[0m - [91merror[0
m[90m TS1005: [0m',' expected.

[7m348[0m   async listShifts(userId: string) {
[7m   [0m [91m                         ~[0m
[96msrc/modules/attendance/services/attendance-schedules.service.ts[0m:[93m348[0m:[93m28[0m - [91merror[0
m[90m TS2693: [0m'string' only refers to a type, but is being used as a value here.

[7m348[0m   async listShifts(userId: string) {
[7m   [0m [91m                           ~~~~~~[0m
[96msrc/modules/attendance/services/attendance-schedules.service.ts[0m:[93m348[0m:[93m36[0m - [91merror[0
m[90m TS1005: [0m';' expected.

[7m348[0m   async listShifts(userId: string) {
[7m   [0m [91m                                   ~[0m
[96msrc/modules/attendance/services/attendance-schedules.service.ts[0m:[93m349[0m:[93m25[0m - [91merror[0
m[90m TS2532: [0mObject is possibly 'undefined'.

[7m349[0m     const scope = await this.scopeService.resolveAccess(userId);
[7m   [0m [91m                        ~~~~[0m
[96msrc/modules/attendance/services/attendance-schedules.service.ts[0m:[93m349[0m:[93m57[0m - [91merror[0
m[90m TS2304: [0mCannot find name 'userId'.

[7m349[0m     const scope = await this.scopeService.resolveAccess(userId);
[7m   [0m [91m                                                        ~~~~~~[0m
[96msrc/modules/attendance/services/attendance-schedules.service.ts[0m:[93m361[0m:[93m8[0m - [91merror[0m
[90m TS1146: [0mDeclaration expected.

[7m361[0m   async createShift(userId: string, dto: CreateShiftDto) {
[7m   [0m [91m       [0m
[96msrc/modules/attendance/services/attendance-schedules.service.ts[0m:[93m361[0m:[93m9[0m - [91merror[0m
[90m TS2304: [0mCannot find name 'createShift'.

[7m361[0m   async createShift(userId: string, dto: CreateShiftDto) {
[7m   [0m [91m        ~~~~~~~~~~~[0m
[96msrc/modules/attendance/services/attendance-schedules.service.ts[0m:[93m361[0m:[93m21[0m - [91merror[0
m[90m TS2304: [0mCannot find name 'userId'.

[7m361[0m   async createShift(userId: string, dto: CreateShiftDto) {
[7m   [0m [91m                    ~~~~~~[0m
[96msrc/modules/attendance/services/attendance-schedules.service.ts[0m:[93m361[0m:[93m27[0m - [91merror[0
m[90m TS1005: [0m',' expected.

[7m361[0m   async createShift(userId: string, dto: CreateShiftDto) {
[7m   [0m [91m                          ~[0m
[96msrc/modules/attendance/services/attendance-schedules.service.ts[0m:[93m361[0m:[93m29[0m - [91merror[0
m[90m TS2693: [0m'string' only refers to a type, but is being used as a value here.

[7m361[0m   async createShift(userId: string, dto: CreateShiftDto) {
[7m   [0m [91m                            ~~~~~~[0m
[96msrc/modules/attendance/services/attendance-schedules.service.ts[0m:[93m361[0m:[93m37[0m - [91merror[0
m[90m TS2304: [0mCannot find name 'dto'.

[7m361[0m   async createShift(userId: string, dto: CreateShiftDto) {
[7m   [0m [91m                                    ~~~[0m
[96msrc/modules/attendance/services/attendance-schedules.service.ts[0m:[93m361[0m:[93m40[0m - [91merror[0
m[90m TS1005: [0m',' expected.

[7m361[0m   async createShift(userId: string, dto: CreateShiftDto) {
[7m   [0m [91m                                       ~[0m
[96msrc/modules/attendance/services/attendance-schedules.service.ts[0m:[93m361[0m:[93m58[0m - [91merror[0
m[90m TS1005: [0m';' expected.

[7m361[0m   async createShift(userId: string, dto: CreateShiftDto) {
[7m   [0m [91m                                                         ~[0m
[96msrc/modules/attendance/services/attendance-schedules.service.ts[0m:[93m362[0m:[93m25[0m - [91merror[0
m[90m TS2532: [0mObject is possibly 'undefined'.

[7m362[0m     const scope = await this.scopeService.resolveAccess(userId);
[7m   [0m [91m                        ~~~~[0m
[96msrc/modules/attendance/services/attendance-schedules.service.ts[0m:[93m362[0m:[93m57[0m - [91merror[0
m[90m TS2304: [0mCannot find name 'userId'.

[7m362[0m     const scope = await this.scopeService.resolveAccess(userId);
[7m   [0m [91m                                                        ~~~~~~[0m
[96msrc/modules/attendance/services/attendance-schedules.service.ts[0m:[93m363[0m:[93m26[0m - [91merror[0
m[90m TS2532: [0mObject is possibly 'undefined'.

[7m363[0m     const result = await this.prisma.attendance_rule.create({
[7m   [0m [91m                         ~~~~[0m
[96msrc/modules/attendance/services/attendance-schedules.service.ts[0m:[93m365[0m:[93m12[0m - [91merror[0
m[90m TS2304: [0mCannot find name 'dto'.

[7m365[0m         ...dto,
[7m   [0m [91m           ~~~[0m
[96msrc/modules/attendance/services/attendance-schedules.service.ts[0m:[93m370[0m:[93m11[0m - [91merror[0
m[90m TS2532: [0mObject is possibly 'undefined'.

[7m370[0m     await this.redisService.deleteByPattern(
[7m   [0m [91m          ~~~~[0m
[96msrc/modules/attendance/services/attendance-schedules.service.ts[0m:[93m377[0m:[93m8[0m - [91merror[0m
[90m TS1146: [0mDeclaration expected.

[7m377[0m   async updateShift(userId: string, id: string, dto: UpdateShiftDto) {
[7m   [0m [91m       [0m
[96msrc/modules/attendance/services/attendance-schedules.service.ts[0m:[93m377[0m:[93m9[0m - [91merror[0m
[90m TS2304: [0mCannot find name 'updateShift'.

[7m377[0m   async updateShift(userId: string, id: string, dto: UpdateShiftDto) {
[7m   [0m [91m        ~~~~~~~~~~~[0m
[96msrc/modules/attendance/services/attendance-schedules.service.ts[0m:[93m377[0m:[93m21[0m - [91merror[0
m[90m TS2304: [0mCannot find name 'userId'.

[7m377[0m   async updateShift(userId: string, id: string, dto: UpdateShiftDto) {
[7m   [0m [91m                    ~~~~~~[0m
[96msrc/modules/attendance/services/attendance-schedules.service.ts[0m:[93m377[0m:[93m27[0m - [91merror[0
m[90m TS1005: [0m',' expected.

[7m377[0m   async updateShift(userId: string, id: string, dto: UpdateShiftDto) {
[7m   [0m [91m                          ~[0m
[96msrc/modules/attendance/services/attendance-schedules.service.ts[0m:[93m377[0m:[93m29[0m - [91merror[0
m[90m TS2693: [0m'string' only refers to a type, but is being used as a value here.

[7m377[0m   async updateShift(userId: string, id: string, dto: UpdateShiftDto) {
[7m   [0m [91m                            ~~~~~~[0m
[96msrc/modules/attendance/services/attendance-schedules.service.ts[0m:[93m377[0m:[93m37[0m - [91merror[0
m[90m TS2304: [0mCannot find name 'id'.

[7m377[0m   async updateShift(userId: string, id: string, dto: UpdateShiftDto) {
[7m   [0m [91m                                    ~~[0m
[96msrc/modules/attendance/services/attendance-schedules.service.ts[0m:[93m377[0m:[93m39[0m - [91merror[0
m[90m TS1005: [0m',' expected.

[7m377[0m   async updateShift(userId: string, id: string, dto: UpdateShiftDto) {
[7m   [0m [91m                                      ~[0m
[96msrc/modules/attendance/services/attendance-schedules.service.ts[0m:[93m377[0m:[93m41[0m - [91merror[0
m[90m TS2693: [0m'string' only refers to a type, but is being used as a value here.

[7m377[0m   async updateShift(userId: string, id: string, dto: UpdateShiftDto) {
[7m   [0m [91m                                        ~~~~~~[0m
[96msrc/modules/attendance/services/attendance-schedules.service.ts[0m:[93m377[0m:[93m49[0m - [91merror[0
m[90m TS2304: [0mCannot find name 'dto'.

[7m377[0m   async updateShift(userId: string, id: string, dto: UpdateShiftDto) {
[7m   [0m [91m                                                ~~~[0m
[96msrc/modules/attendance/services/attendance-schedules.service.ts[0m:[93m377[0m:[93m52[0m - [91merror[0
m[90m TS1005: [0m',' expected.

[7m377[0m   async updateShift(userId: string, id: string, dto: UpdateShiftDto) {
[7m   [0m [91m                                                   ~[0m
[96msrc/modules/attendance/services/attendance-schedules.service.ts[0m:[93m377[0m:[93m70[0m - [91merror[0
m[90m TS1005: [0m';' expected.

[7m377[0m   async updateShift(userId: string, id: string, dto: UpdateShiftDto) {
[7m   [0m [91m                                                                     ~[0m
[96msrc/modules/attendance/services/attendance-schedules.service.ts[0m:[93m378[0m:[93m25[0m - [91merror[0
m[90m TS2532: [0mObject is possibly 'undefined'.

[7m378[0m     const scope = await this.scopeService.resolveAccess(userId);
[7m   [0m [91m                        ~~~~[0m
[96msrc/modules/attendance/services/attendance-schedules.service.ts[0m:[93m378[0m:[93m57[0m - [91merror[0
m[90m TS2304: [0mCannot find name 'userId'.

[7m378[0m     const scope = await this.scopeService.resolveAccess(userId);
[7m   [0m [91m                                                        ~~~~~~[0m
[96msrc/modules/attendance/services/attendance-schedules.service.ts[0m:[93m379[0m:[93m26[0m - [91merror[0
m[90m TS2532: [0mObject is possibly 'undefined'.

[7m379[0m     const result = await this.prisma.attendance_rule.update({
[7m   [0m [91m                         ~~~~[0m
[96msrc/modules/attendance/services/attendance-schedules.service.ts[0m:[93m380[0m:[93m16[0m - [91merror[0
m[90m TS18004: [0mNo value exists in scope for the shorthand property 'id'. Either declare one or provide an in
itializer.

[7m380[0m       where: { id },
[7m   [0m [91m               ~~[0m
[96msrc/modules/attendance/services/attendance-schedules.service.ts[0m:[93m381[0m:[93m13[0m - [91merror[0
m[90m TS2304: [0mCannot find name 'dto'.

[7m381[0m       data: dto,
[7m   [0m [91m            ~~~[0m
[96msrc/modules/attendance/services/attendance-schedules.service.ts[0m:[93m383[0m:[93m11[0m - [91merror[0
m[90m TS2532: [0mObject is possibly 'undefined'.

[7m383[0m     await this.redisService.deleteByPattern(
[7m   [0m [91m          ~~~~[0m
[96msrc/modules/attendance/services/attendance-schedules.service.ts[0m:[93m390[0m:[93m8[0m - [91merror[0m
[90m TS1146: [0mDeclaration expected.

[7m390[0m   async removeShift(userId: string, id: string) {
[7m   [0m [91m       [0m
[96msrc/modules/attendance/services/attendance-schedules.service.ts[0m:[93m390[0m:[93m9[0m - [91merror[0m
[90m TS2304: [0mCannot find name 'removeShift'.

[7m390[0m   async removeShift(userId: string, id: string) {
[7m   [0m [91m        ~~~~~~~~~~~[0m
[96msrc/modules/attendance/services/attendance-schedules.service.ts[0m:[93m390[0m:[93m21[0m - [91merror[0
m[90m TS2304: [0mCannot find name 'userId'.

[7m390[0m   async removeShift(userId: string, id: string) {
[7m   [0m [91m                    ~~~~~~[0m
[96msrc/modules/attendance/services/attendance-schedules.service.ts[0m:[93m390[0m:[93m27[0m - [91merror[0
m[90m TS1005: [0m',' expected.

[7m390[0m   async removeShift(userId: string, id: string) {
[7m   [0m [91m                          ~[0m
[96msrc/modules/attendance/services/attendance-schedules.service.ts[0m:[93m390[0m:[93m29[0m - [91merror[0
m[90m TS2693: [0m'string' only refers to a type, but is being used as a value here.

[7m390[0m   async removeShift(userId: string, id: string) {
[7m   [0m [91m                            ~~~~~~[0m
[96msrc/modules/attendance/services/attendance-schedules.service.ts[0m:[93m390[0m:[93m37[0m - [91merror[0
m[90m TS2304: [0mCannot find name 'id'.

[7m390[0m   async removeShift(userId: string, id: string) {
[7m   [0m [91m                                    ~~[0m
[96msrc/modules/attendance/services/attendance-schedules.service.ts[0m:[93m390[0m:[93m39[0m - [91merror[0
m[90m TS1005: [0m',' expected.

[7m390[0m   async removeShift(userId: string, id: string) {
[7m   [0m [91m                                      ~[0m
[96msrc/modules/attendance/services/attendance-schedules.service.ts[0m:[93m390[0m:[93m41[0m - [91merror[0
m[90m TS2693: [0m'string' only refers to a type, but is being used as a value here.

[7m390[0m   async removeShift(userId: string, id: string) {
[7m   [0m [91m                                        ~~~~~~[0m
[96msrc/modules/attendance/services/attendance-schedules.service.ts[0m:[93m390[0m:[93m49[0m - [91merror[0
m[90m TS1005: [0m';' expected.

[7m390[0m   async removeShift(userId: string, id: string) {
[7m   [0m [91m                                                ~[0m
[96msrc/modules/attendance/services/attendance-schedules.service.ts[0m:[93m391[0m:[93m25[0m - [91merror[0
m[90m TS2532: [0mObject is possibly 'undefined'.

[7m391[0m     const scope = await this.scopeService.resolveAccess(userId);
[7m   [0m [91m                        ~~~~[0m
[96msrc/modules/attendance/services/attendance-schedules.service.ts[0m:[93m391[0m:[93m57[0m - [91merror[0
m[90m TS2304: [0mCannot find name 'userId'.

[7m391[0m     const scope = await this.scopeService.resolveAccess(userId);
[7m   [0m [91m                                                        ~~~~~~[0m
[96msrc/modules/attendance/services/attendance-schedules.service.ts[0m:[93m392[0m:[93m26[0m - [91merror[0
m[90m TS2532: [0mObject is possibly 'undefined'.

[7m392[0m     const result = await this.prisma.attendance_rule.update({
[7m   [0m [91m                         ~~~~[0m
[96msrc/modules/attendance/services/attendance-schedules.service.ts[0m:[93m393[0m:[93m16[0m - [91merror[0
m[90m TS18004: [0mNo value exists in scope for the shorthand property 'id'. Either declare one or provide an in
itializer.

[7m393[0m       where: { id },
[7m   [0m [91m               ~~[0m
[96msrc/modules/attendance/services/attendance-schedules.service.ts[0m:[93m396[0m:[93m11[0m - [91merror[0
m[90m TS2532: [0mObject is possibly 'undefined'.

[7m396[0m     await this.redisService.deleteByPattern(
[7m   [0m [91m          ~~~~[0m
[96msrc/modules/attendance/services/attendance-schedules.service.ts[0m:[93m403[0m:[93m3[0m - [91merror[0m
[90m TS1434: [0mUnexpected keyword or identifier.

[7m403[0m   async saveEmployeePreferences(
[7m   [0m [91m  ~~~~~[0m
[96msrc/modules/attendance/services/attendance-schedules.service.ts[0m:[93m403[0m:[93m3[0m - [91merror[0m
[90m TS2304: [0mCannot find name 'async'.

[7m403[0m   async saveEmployeePreferences(
[7m   [0m [91m  ~~~~~[0m
[96msrc/modules/attendance/services/attendance-schedules.service.ts[0m:[93m403[0m:[93m9[0m - [91merror[0m
[90m TS2304: [0mCannot find name 'saveEmployeePreferences'.

[7m403[0m   async saveEmployeePreferences(
[7m   [0m [91m        ~~~~~~~~~~~~~~~~~~~~~~~[0m
[96msrc/modules/attendance/services/attendance-schedules.service.ts[0m:[93m404[0m:[93m5[0m - [91merror[0m
[90m TS2304: [0mCannot find name 'userId'.

[7m404[0m     userId: string,
[7m   [0m [91m    ~~~~~~[0m
[96msrc/modules/attendance/services/attendance-schedules.service.ts[0m:[93m404[0m:[93m11[0m - [91merror[0
m[90m TS1005: [0m',' expected.

[7m404[0m     userId: string,
[7m   [0m [91m          ~[0m
[96msrc/modules/attendance/services/attendance-schedules.service.ts[0m:[93m404[0m:[93m13[0m - [91merror[0
m[90m TS2693: [0m'string' only refers to a type, but is being used as a value here.

[7m404[0m     userId: string,
[7m   [0m [91m            ~~~~~~[0m
[96msrc/modules/attendance/services/attendance-schedules.service.ts[0m:[93m405[0m:[93m5[0m - [91merror[0m
[90m TS2304: [0mCannot find name 'body'.

[7m405[0m     body: {
[7m   [0m [91m    ~~~~[0m
[96msrc/modules/attendance/services/attendance-schedules.service.ts[0m:[93m405[0m:[93m9[0m - [91merror[0m
[90m TS1005: [0m',' expected.

[7m405[0m     body: {
[7m   [0m [91m        ~[0m
[96msrc/modules/attendance/services/attendance-schedules.service.ts[0m:[93m411[0m:[93m9[0m - [91merror[0m
[90m TS1005: [0m',' expected.

[7m411[0m       }>;
[7m   [0m [91m        ~[0m
[96msrc/modules/attendance/services/attendance-schedules.service.ts[0m:[93m416[0m:[93m9[0m - [91merror[0m
[90m TS1005: [0m',' expected.

[7m416[0m       }>;
[7m   [0m [91m        ~[0m
[96msrc/modules/attendance/services/attendance-schedules.service.ts[0m:[93m418[0m:[93m5[0m - [91merror[0m
[90m TS1005: [0m';' expected.

[7m418[0m   ) {
[7m   [0m [91m    ~[0m
[96msrc/modules/attendance/services/attendance-schedules.service.ts[0m:[93m419[0m:[93m25[0m - [91merror[0
m[90m TS2532: [0mObject is possibly 'undefined'.

[7m419[0m     const scope = await this.scopeService.resolveAccess(userId);
[7m   [0m [91m                        ~~~~[0m
[96msrc/modules/attendance/services/attendance-schedules.service.ts[0m:[93m419[0m:[93m57[0m - [91merror[0
m[90m TS2304: [0mCannot find name 'userId'.

[7m419[0m     const scope = await this.scopeService.resolveAccess(userId);
[7m   [0m [91m                                                        ~~~~~~[0m
[96msrc/modules/attendance/services/attendance-schedules.service.ts[0m:[93m421[0m:[93m40[0m - [91merror[0
m[90m TS2304: [0mCannot find name 'userId'.

[7m421[0m     const key = `schedule:preference:${userId}`;
[7m   [0m [91m                                       ~~~~~~[0m
[96msrc/modules/attendance/services/attendance-schedules.service.ts[0m:[93m422[0m:[93m11[0m - [91merror[0
m[90m TS2532: [0mObject is possibly 'undefined'.

[7m422[0m     await this.redisService.set(
[7m   [0m [91m          ~~~~[0m
[96msrc/modules/attendance/services/attendance-schedules.service.ts[0m:[93m425[0m:[93m18[0m - [91merror[0
m[90m TS2304: [0mCannot find name 'userId'.

[7m425[0m         user_id: userId,
[7m   [0m [91m                 ~~~~~~[0m
[96msrc/modules/attendance/services/attendance-schedules.service.ts[0m:[93m428[0m:[93m22[0m - [91merror[0
m[90m TS2304: [0mCannot find name 'body'.

[7m428[0m         preferences: body.preferences || [],
[7m   [0m [91m                     ~~~~[0m
[96msrc/modules/attendance/services/attendance-schedules.service.ts[0m:[93m429[0m:[93m24[0m - [91merror[0
m[90m TS2304: [0mCannot find name 'body'.

[7m429[0m         vacation_plan: body.vacation_plan || [],
[7m   [0m [91m                       ~~~~[0m
[96msrc/modules/attendance/services/attendance-schedules.service.ts[0m:[93m437[0m:[93m3[0m - [91merror[0m
[90m TS1434: [0mUnexpected keyword or identifier.

[7m437[0m   async getEmployeePreferences(userId: string) {
[7m   [0m [91m  ~~~~~[0m
[96msrc/modules/attendance/services/attendance-schedules.service.ts[0m:[93m437[0m:[93m3[0m - [91merror[0m
[90m TS2304: [0mCannot find name 'async'.

[7m437[0m   async getEmployeePreferences(userId: string) {
[7m   [0m [91m  ~~~~~[0m
[96msrc/modules/attendance/services/attendance-schedules.service.ts[0m:[93m437[0m:[93m9[0m - [91merror[0m
[90m TS2304: [0mCannot find name 'getEmployeePreferences'.

[7m437[0m   async getEmployeePreferences(userId: string) {
[7m   [0m [91m        ~~~~~~~~~~~~~~~~~~~~~~[0m
[96msrc/modules/attendance/services/attendance-schedules.service.ts[0m:[93m437[0m:[93m32[0m - [91merror[0
m[90m TS2304: [0mCannot find name 'userId'.

[7m437[0m   async getEmployeePreferences(userId: string) {
[7m   [0m [91m                               ~~~~~~[0m
[96msrc/modules/attendance/services/attendance-schedules.service.ts[0m:[93m437[0m:[93m38[0m - [91merror[0
m[90m TS1005: [0m',' expected.

[7m437[0m   async getEmployeePreferences(userId: string) {
[7m   [0m [91m                                     ~[0m
[96msrc/modules/attendance/services/attendance-schedules.service.ts[0m:[93m437[0m:[93m40[0m - [91merror[0
m[90m TS2693: [0m'string' only refers to a type, but is being used as a value here.

[7m437[0m   async getEmployeePreferences(userId: string) {
[7m   [0m [91m                                       ~~~~~~[0m
[96msrc/modules/attendance/services/attendance-schedules.service.ts[0m:[93m437[0m:[93m48[0m - [91merror[0
m[90m TS1005: [0m';' expected.

[7m437[0m   async getEmployeePreferences(userId: string) {
[7m   [0m [91m                                               ~[0m
[96msrc/modules/attendance/services/attendance-schedules.service.ts[0m:[93m438[0m:[93m40[0m - [91merror[0
m[90m TS2304: [0mCannot find name 'userId'.

[7m438[0m     const key = `schedule:preference:${userId}`;
[7m   [0m [91m                                       ~~~~~~[0m
[96msrc/modules/attendance/services/attendance-schedules.service.ts[0m:[93m439[0m:[93m26[0m - [91merror[0
m[90m TS2532: [0mObject is possibly 'undefined'.

[7m439[0m     const cached = await this.redisService.get(key);
[7m   [0m [91m                         ~~~~[0m
[96msrc/modules/attendance/services/attendance-schedules.service.ts[0m:[93m451[0m:[93m3[0m - [91merror[0m
[90m TS1434: [0mUnexpected keyword or identifier.

[7m451[0m   async createChangeRequest(
[7m   [0m [91m  ~~~~~[0m
[96msrc/modules/attendance/services/attendance-schedules.service.ts[0m:[93m451[0m:[93m3[0m - [91merror[0m
[90m TS2304: [0mCannot find name 'async'.

[7m451[0m   async createChangeRequest(
[7m   [0m [91m  ~~~~~[0m
[96msrc/modules/attendance/services/attendance-schedules.service.ts[0m:[93m451[0m:[93m9[0m - [91merror[0m
[90m TS2304: [0mCannot find name 'createChangeRequest'.

[7m451[0m   async createChangeRequest(
[7m   [0m [91m        ~~~~~~~~~~~~~~~~~~~[0m
[96msrc/modules/attendance/services/attendance-schedules.service.ts[0m:[93m452[0m:[93m5[0m - [91merror[0m
[90m TS2304: [0mCannot find name 'userId'.

[7m452[0m     userId: string,
[7m   [0m [91m    ~~~~~~[0m
[96msrc/modules/attendance/services/attendance-schedules.service.ts[0m:[93m452[0m:[93m11[0m - [91merror[0
m[90m TS1005: [0m',' expected.

[7m452[0m     userId: string,
[7m   [0m [91m          ~[0m
[96msrc/modules/attendance/services/attendance-schedules.service.ts[0m:[93m452[0m:[93m13[0m - [91merror[0
m[90m TS2693: [0m'string' only refers to a type, but is being used as a value here.

[7m452[0m     userId: string,
[7m   [0m [91m            ~~~~~~[0m
[96msrc/modules/attendance/services/attendance-schedules.service.ts[0m:[93m453[0m:[93m5[0m - [91merror[0m
[90m TS2304: [0mCannot find name 'body'.

[7m453[0m     body: {
[7m   [0m [91m    ~~~~[0m
[96msrc/modules/attendance/services/attendance-schedules.service.ts[0m:[93m453[0m:[93m9[0m - [91merror[0m
[90m TS1005: [0m',' expected.

[7m453[0m     body: {
[7m   [0m [91m        ~[0m
[96msrc/modules/attendance/services/attendance-schedules.service.ts[0m:[93m454[0m:[93m20[0m - [91merror[0
m[90m TS2693: [0m'string' only refers to a type, but is being used as a value here.

[7m454[0m       change_date: string;
[7m   [0m [91m                   ~~~~~~[0m
[96msrc/modules/attendance/services/attendance-schedules.service.ts[0m:[93m454[0m:[93m26[0m - [91merror[0
m[90m TS1005: [0m',' expected.

[7m454[0m       change_date: string;
[7m   [0m [91m                         ~[0m
[96msrc/modules/attendance/services/attendance-schedules.service.ts[0m:[93m455[0m:[93m27[0m - [91merror[0
m[90m TS2693: [0m'string' only refers to a type, but is being used as a value here.

[7m455[0m       before_shift_name?: string;
[7m   [0m [91m                          ~~~~~~[0m
[96msrc/modules/attendance/services/attendance-schedules.service.ts[0m:[93m455[0m:[93m33[0m - [91merror[0
m[90m TS1005: [0m',' expected.

[7m455[0m       before_shift_name?: string;
[7m   [0m [91m                                ~[0m
[96msrc/modules/attendance/services/attendance-schedules.service.ts[0m:[93m456[0m:[93m25[0m - [91merror[0
m[90m TS2693: [0m'string' only refers to a type, but is being used as a value here.

[7m456[0m       after_shift_name: string;
[7m   [0m [91m                        ~~~~~~[0m
[96msrc/modules/attendance/services/attendance-schedules.service.ts[0m:[93m456[0m:[93m31[0m - [91merror[0
m[90m TS1005: [0m',' expected.

[7m456[0m       after_shift_name: string;
[7m   [0m [91m                              ~[0m
[96msrc/modules/attendance/services/attendance-schedules.service.ts[0m:[93m457[0m:[93m15[0m - [91merror[0
m[90m TS2693: [0m'string' only refers to a type, but is being used as a value here.

[7m457[0m       reason: string;
[7m   [0m [91m              ~~~~~~[0m
[96msrc/modules/attendance/services/attendance-schedules.service.ts[0m:[93m457[0m:[93m21[0m - [91merror[0
m[90m TS1005: [0m',' expected.

[7m457[0m       reason: string;
[7m   [0m [91m                    ~[0m
[96msrc/modules/attendance/services/attendance-schedules.service.ts[0m:[93m458[0m:[93m28[0m - [91merror[0
m[90m TS2693: [0m'string' only refers to a type, but is being used as a value here.

[7m458[0m       target_employee_id?: string;
[7m   [0m [91m                           ~~~~~~[0m
[96msrc/modules/attendance/services/attendance-schedules.service.ts[0m:[93m458[0m:[93m34[0m - [91merror[0
m[90m TS1005: [0m',' expected.

[7m458[0m       target_employee_id?: string;
[7m   [0m [91m                                 ~[0m
[96msrc/modules/attendance/services/attendance-schedules.service.ts[0m:[93m460[0m:[93m5[0m - [91merror[0m
[90m TS1005: [0m';' expected.

[7m460[0m   ) {
[7m   [0m [91m    ~[0m
[96msrc/modules/attendance/services/attendance-schedules.service.ts[0m:[93m461[0m:[93m25[0m - [91merror[0
m[90m TS2532: [0mObject is possibly 'undefined'.

[7m461[0m     const scope = await this.scopeService.resolveAccess(userId);
[7m   [0m [91m                        ~~~~[0m
[96msrc/modules/attendance/services/attendance-schedules.service.ts[0m:[93m461[0m:[93m57[0m - [91merror[0
m[90m TS2304: [0mCannot find name 'userId'.

[7m461[0m     const scope = await this.scopeService.resolveAccess(userId);
[7m   [0m [91m                                                        ~~~~~~[0m
[96msrc/modules/attendance/services/attendance-schedules.service.ts[0m:[93m464[0m:[93m28[0m - [91merror[0
m[90m TS2532: [0mObject is possibly 'undefined'.

[7m464[0m     const employee = await this.prisma.hr_employee.findFirst({
[7m   [0m [91m                           ~~~~[0m
[96msrc/modules/attendance/services/attendance-schedules.service.ts[0m:[93m465[0m:[93m25[0m - [91merror[0
m[90m TS2304: [0mCannot find name 'userId'.

[7m465[0m       where: { user_id: userId, is_deleted: 0 },
[7m   [0m [91m                        ~~~~~~[0m
[96msrc/modules/attendance/services/attendance-schedules.service.ts[0m:[93m468[0m:[93m26[0m - [91merror[0
m[90m TS2532: [0mObject is possibly 'undefined'.

[7m468[0m     const record = await this.scheduleChangeDelegate().create(
[7m   [0m [91m                         ~~~~[0m
[96msrc/modules/attendance/services/attendance-schedules.service.ts[0m:[93m471[0m:[93m40[0m - [91merror[0
m[90m TS2304: [0mCannot find name 'userId'.

[7m471[0m           employee_id: employee?.id || userId,
[7m   [0m [91m                                       ~~~~~~[0m
[96msrc/modules/attendance/services/attendance-schedules.service.ts[0m:[93m472[0m:[93m38[0m - [91merror[0
m[90m TS2304: [0mCannot find name 'body'.

[7m472[0m           change_date: normalizeDate(body.change_date),
[7m   [0m [91m                                     ~~~~[0m
[96msrc/modules/attendance/services/attendance-schedules.service.ts[0m:[93m473[0m:[93m30[0m - [91merror[0
m[90m TS2304: [0mCannot find name 'body'.

[7m473[0m           before_shift_name: body.before_shift_name,
[7m   [0m [91m                             ~~~~[0m
[96msrc/modules/attendance/services/attendance-schedules.service.ts[0m:[93m474[0m:[93m29[0m - [91merror[0
m[90m TS2304: [0mCannot find name 'body'.

[7m474[0m           after_shift_name: body.after_shift_name,
[7m   [0m [91m                            ~~~~[0m
[96msrc/modules/attendance/services/attendance-schedules.service.ts[0m:[93m475[0m:[93m19[0m - [91merror[0
m[90m TS2304: [0mCannot find name 'body'.

[7m475[0m           reason: body.reason,
[7m   [0m [91m                  ~~~~[0m
[96msrc/modules/attendance/services/attendance-schedules.service.ts[0m:[93m486[0m:[93m3[0m - [91merror[0m
[90m TS1434: [0mUnexpected keyword or identifier.

[7m486[0m   async listChangeRequests(
[7m   [0m [91m  ~~~~~[0m
[96msrc/modules/attendance/services/attendance-schedules.service.ts[0m:[93m486[0m:[93m3[0m - [91merror[0m
[90m TS2304: [0mCannot find name 'async'.

[7m486[0m   async listChangeRequests(
[7m   [0m [91m  ~~~~~[0m
[96msrc/modules/attendance/services/attendance-schedules.service.ts[0m:[93m486[0m:[93m9[0m - [91merror[0m
[90m TS2304: [0mCannot find name 'listChangeRequests'.

[7m486[0m   async listChangeRequests(
[7m   [0m [91m        ~~~~~~~~~~~~~~~~~~[0m
[96msrc/modules/attendance/services/attendance-schedules.service.ts[0m:[93m487[0m:[93m5[0m - [91merror[0m
[90m TS2304: [0mCannot find name 'userId'.

[7m487[0m     userId: string,
[7m   [0m [91m    ~~~~~~[0m
[96msrc/modules/attendance/services/attendance-schedules.service.ts[0m:[93m487[0m:[93m11[0m - [91merror[0
m[90m TS1005: [0m',' expected.

[7m487[0m     userId: string,
[7m   [0m [91m          ~[0m
[96msrc/modules/attendance/services/attendance-schedules.service.ts[0m:[93m487[0m:[93m13[0m - [91merror[0
m[90m TS2693: [0m'string' only refers to a type, but is being used as a value here.

[7m487[0m     userId: string,
[7m   [0m [91m            ~~~~~~[0m
[96msrc/modules/attendance/services/attendance-schedules.service.ts[0m:[93m488[0m:[93m5[0m - [91merror[0m
[90m TS2304: [0mCannot find name 'query'.

[7m488[0m     query: { dept_id?: string; status?: string },
[7m   [0m [91m    ~~~~~[0m
[96msrc/modules/attendance/services/attendance-schedules.service.ts[0m:[93m488[0m:[93m10[0m - [91merror[0
m[90m TS1005: [0m',' expected.

[7m488[0m     query: { dept_id?: string; status?: string },
[7m   [0m [91m         ~[0m
[96msrc/modules/attendance/services/attendance-schedules.service.ts[0m:[93m488[0m:[93m24[0m - [91merror[0
m[90m TS2693: [0m'string' only refers to a type, but is being used as a value here.

[7m488[0m     query: { dept_id?: string; status?: string },
[7m   [0m [91m                       ~~~~~~[0m
[96msrc/modules/attendance/services/attendance-schedules.service.ts[0m:[93m488[0m:[93m30[0m - [91merror[0
m[90m TS1005: [0m',' expected.

[7m488[0m     query: { dept_id?: string; status?: string },
[7m   [0m [91m                             ~[0m
[96msrc/modules/attendance/services/attendance-schedules.service.ts[0m:[93m488[0m:[93m41[0m - [91merror[0
m[90m TS2693: [0m'string' only refers to a type, but is being used as a value here.

[7m488[0m     query: { dept_id?: string; status?: string },
[7m   [0m [91m                                        ~~~~~~[0m
[96msrc/modules/attendance/services/attendance-schedules.service.ts[0m:[93m489[0m:[93m5[0m - [91merror[0m
[90m TS1005: [0m';' expected.

[7m489[0m   ) {
[7m   [0m [91m    ~[0m
[96msrc/modules/attendance/services/attendance-schedules.service.ts[0m:[93m490[0m:[93m25[0m - [91merror[0
m[90m TS2532: [0mObject is possibly 'undefined'.

[7m490[0m     const scope = await this.scopeService.resolveAccess(userId);
[7m   [0m [91m                        ~~~~[0m
[96msrc/modules/attendance/services/attendance-schedules.service.ts[0m:[93m490[0m:[93m57[0m - [91merror[0
m[90m TS2304: [0mCannot find name 'userId'.

[7m490[0m     const scope = await this.scopeService.resolveAccess(userId);
[7m   [0m [91m                                                        ~~~~~~[0m
[96msrc/modules/attendance/services/attendance-schedules.service.ts[0m:[93m491[0m:[93m24[0m - [91merror[0
m[90m TS2532: [0mObject is possibly 'undefined'.

[7m491[0m     const where: any = this.scopeService.applyScope(
[7m   [0m [91m                       ~~~~[0m
[96msrc/modules/attendance/services/attendance-schedules.service.ts[0m:[93m496[0m:[93m9[0m - [91merror[0m
[90m TS2304: [0mCannot find name 'query'.

[7m496[0m     if (query.dept_id) where.dept_id = query.dept_id;
[7m   [0m [91m        ~~~~~[0m
[96msrc/modules/attendance/services/attendance-schedules.service.ts[0m:[93m496[0m:[93m40[0m - [91merror[0
m[90m TS2304: [0mCannot find name 'query'.

[7m496[0m     if (query.dept_id) where.dept_id = query.dept_id;
[7m   [0m [91m                                       ~~~~~[0m
[96msrc/modules/attendance/services/attendance-schedules.service.ts[0m:[93m497[0m:[93m9[0m - [91merror[0m
[90m TS2304: [0mCannot find name 'query'.

[7m497[0m     if (query.status) where.status = query.status;
[7m   [0m [91m        ~~~~~[0m
[96msrc/modules/attendance/services/attendance-schedules.service.ts[0m:[93m497[0m:[93m38[0m - [91merror[0
m[90m TS2304: [0mCannot find name 'query'.

[7m497[0m     if (query.status) where.status = query.status;
[7m   [0m [91m                                     ~~~~~[0m
[96msrc/modules/attendance/services/attendance-schedules.service.ts[0m:[93m509[0m:[93m3[0m - [91merror[0m
[90m TS1434: [0mUnexpected keyword or identifier.

[7m509[0m   async getAttendanceConfig(userId: string) {
[7m   [0m [91m  ~~~~~[0m
[96msrc/modules/attendance/services/attendance-schedules.service.ts[0m:[93m509[0m:[93m3[0m - [91merror[0m
[90m TS2304: [0mCannot find name 'async'.

[7m509[0m   async getAttendanceConfig(userId: string) {
[7m   [0m [91m  ~~~~~[0m
[96msrc/modules/attendance/services/attendance-schedules.service.ts[0m:[93m509[0m:[93m9[0m - [91merror[0m
[90m TS2304: [0mCannot find name 'getAttendanceConfig'.

[7m509[0m   async getAttendanceConfig(userId: string) {
[7m   [0m [91m        ~~~~~~~~~~~~~~~~~~~[0m
[96msrc/modules/attendance/services/attendance-schedules.service.ts[0m:[93m509[0m:[93m29[0m - [91merror[0
m[90m TS2304: [0mCannot find name 'userId'.

[7m509[0m   async getAttendanceConfig(userId: string) {
[7m   [0m [91m                            ~~~~~~[0m
[96msrc/modules/attendance/services/attendance-schedules.service.ts[0m:[93m509[0m:[93m35[0m - [91merror[0
m[90m TS1005: [0m',' expected.

[7m509[0m   async getAttendanceConfig(userId: string) {
[7m   [0m [91m                                  ~[0m
[96msrc/modules/attendance/services/attendance-schedules.service.ts[0m:[93m509[0m:[93m37[0m - [91merror[0
m[90m TS2693: [0m'string' only refers to a type, but is being used as a value here.

[7m509[0m   async getAttendanceConfig(userId: string) {
[7m   [0m [91m                                    ~~~~~~[0m
[96msrc/modules/attendance/services/attendance-schedules.service.ts[0m:[93m509[0m:[93m45[0m - [91merror[0
m[90m TS1005: [0m';' expected.

[7m509[0m   async getAttendanceConfig(userId: string) {
[7m   [0m [91m                                            ~[0m
[96msrc/modules/attendance/services/attendance-schedules.service.ts[0m:[93m510[0m:[93m25[0m - [91merror[0
m[90m TS2532: [0mObject is possibly 'undefined'.

[7m510[0m     const scope = await this.scopeService.resolveAccess(userId);
[7m   [0m [91m                        ~~~~[0m
[96msrc/modules/attendance/services/attendance-schedules.service.ts[0m:[93m510[0m:[93m57[0m - [91merror[0
m[90m TS2304: [0mCannot find name 'userId'.

[7m510[0m     const scope = await this.scopeService.resolveAccess(userId);
[7m   [0m [91m                                                        ~~~~~~[0m
[96msrc/modules/attendance/services/attendance-schedules.service.ts[0m:[93m512[0m:[93m26[0m - [91merror[0
m[90m TS2532: [0mObject is possibly 'undefined'.

[7m512[0m     const cached = await this.redisService.get(key);
[7m   [0m [91m                         ~~~~[0m
[96msrc/modules/attendance/services/attendance-schedules.service.ts[0m:[93m535[0m:[93m3[0m - [91merror[0m
[90m TS1434: [0mUnexpected keyword or identifier.

[7m535[0m   async saveAttendanceConfig(userId: string, config: any) {
[7m   [0m [91m  ~~~~~[0m
[96msrc/modules/attendance/services/attendance-schedules.service.ts[0m:[93m535[0m:[93m3[0m - [91merror[0m
[90m TS2304: [0mCannot find name 'async'.

[7m535[0m   async saveAttendanceConfig(userId: string, config: any) {
[7m   [0m [91m  ~~~~~[0m
[96msrc/modules/attendance/services/attendance-schedules.service.ts[0m:[93m535[0m:[93m9[0m - [91merror[0m
[90m TS2304: [0mCannot find name 'saveAttendanceConfig'.

[7m535[0m   async saveAttendanceConfig(userId: string, config: any) {
[7m   [0m [91m        ~~~~~~~~~~~~~~~~~~~~[0m
[96msrc/modules/attendance/services/attendance-schedules.service.ts[0m:[93m535[0m:[93m30[0m - [91merror[0
m[90m TS2304: [0mCannot find name 'userId'.

[7m535[0m   async saveAttendanceConfig(userId: string, config: any) {
[7m   [0m [91m                             ~~~~~~[0m
[96msrc/modules/attendance/services/attendance-schedules.service.ts[0m:[93m535[0m:[93m36[0m - [91merror[0
m[90m TS1005: [0m',' expected.

[7m535[0m   async saveAttendanceConfig(userId: string, config: any) {
[7m   [0m [91m                                   ~[0m
[96msrc/modules/attendance/services/attendance-schedules.service.ts[0m:[93m535[0m:[93m38[0m - [91merror[0
m[90m TS2693: [0m'string' only refers to a type, but is being used as a value here.

[7m535[0m   async saveAttendanceConfig(userId: string, config: any) {
[7m   [0m [91m                                     ~~~~~~[0m
[96msrc/modules/attendance/services/attendance-schedules.service.ts[0m:[93m535[0m:[93m46[0m - [91merror[0
m[90m TS2304: [0mCannot find name 'config'.

[7m535[0m   async saveAttendanceConfig(userId: string, config: any) {
[7m   [0m [91m                                             ~~~~~~[0m
[96msrc/modules/attendance/services/attendance-schedules.service.ts[0m:[93m535[0m:[93m52[0m - [91merror[0
m[90m TS1005: [0m',' expected.

[7m535[0m   async saveAttendanceConfig(userId: string, config: any) {
[7m   [0m [91m                                                   ~[0m
[96msrc/modules/attendance/services/attendance-schedules.service.ts[0m:[93m535[0m:[93m54[0m - [91merror[0
m[90m TS2693: [0m'any' only refers to a type, but is being used as a value here.

[7m535[0m   async saveAttendanceConfig(userId: string, config: any) {
[7m   [0m [91m                                                     ~~~[0m
[96msrc/modules/attendance/services/attendance-schedules.service.ts[0m:[93m535[0m:[93m59[0m - [91merror[0
m[90m TS1005: [0m';' expected.

[7m535[0m   async saveAttendanceConfig(userId: string, config: any) {
[7m   [0m [91m                                                          ~[0m
[96msrc/modules/attendance/services/attendance-schedules.service.ts[0m:[93m536[0m:[93m25[0m - [91merror[0
m[90m TS2532: [0mObject is possibly 'undefined'.

[7m536[0m     const scope = await this.scopeService.resolveAccess(userId);
[7m   [0m [91m                        ~~~~[0m
[96msrc/modules/attendance/services/attendance-schedules.service.ts[0m:[93m536[0m:[93m57[0m - [91merror[0
m[90m TS2304: [0mCannot find name 'userId'.

[7m536[0m     const scope = await this.scopeService.resolveAccess(userId);
[7m   [0m [91m                                                        ~~~~~~[0m
[96msrc/modules/attendance/services/attendance-schedules.service.ts[0m:[93m538[0m:[93m11[0m - [91merror[0
m[90m TS2532: [0mObject is possibly 'undefined'.

[7m538[0m     await this.redisService.set(key, JSON.stringify(config), 86400 * 365);
[7m   [0m [91m          ~~~~[0m
[96msrc/modules/attendance/services/attendance-schedules.service.ts[0m:[93m538[0m:[93m53[0m - [91merror[0
m[90m TS2304: [0mCannot find name 'config'.

[7m538[0m     await this.redisService.set(key, JSON.stringify(config), 86400 * 365);
[7m   [0m [91m                                                    ~~~~~~[0m
[96msrc/modules/attendance/services/attendance-schedules.service.ts[0m:[93m541[0m:[93m1[0m - [91merror[0m
[90m TS1128: [0mDeclaration or statement expected.

[7m541[0m }
[7m   [0m [91m~[0m
[96msrc/modules/attendance/services/coverage.service.ts[0m:[93m185[0m:[93m9[0m - [91merror[0m[90m TS2322
: [0mType '{ windows: Record<string, unknown>[]; total_minutes: number; }' is not assignable to type 'NullableJs
onNullValueInput | InputJsonValue | undefined'.
  Types of property 'windows' are incompatible.
    Type 'Record<string, unknown>[]' is not assignable to type 'InputJsonValue | null | undefined'.
      Type 'Record<string, unknown>[]' is not assignable to type 'InputJsonObject'.
        Index signature for type 'string' is missing in type 'Record<string, unknown>[]'.

[7m185[0m         missing_details: {
[7m   [0m [91m        ~~~~~~~~~~~~~~~[0m

  [96mnode_modules/.prisma/client/index.d.ts[0m:[93m127004[0m:[93m5[0m
    [7m127004[0m     missing_details?: NullableJsonNullValueInput | InputJsonValue
    [7m      [0m [96m    ~~~~~~~~~~~~~~~[0m
    The expected type comes from property 'missing_details' which is declared here on type '(Without<attendance_c
overage_checkCreateInput, attendance_coverage_checkUncheckedCreateInput> & attendance_coverage_checkUncheckedCrea
teInput) | (Without<...> & attendance_coverage_checkCreateInput)'
[96msrc/modules/attendance/services/coverage.service.ts[0m:[93m189[0m:[93m9[0m - [91merror[0m[90m TS2322
: [0mType '{ windows: Record<string, unknown>[]; total_minutes: number; matched_schedules: TimeRange[]; }' is no
t assignable to type 'NullableJsonNullValueInput | InputJsonValue | undefined'.
  Types of property 'windows' are incompatible.
    Type 'Record<string, unknown>[]' is not assignable to type 'InputJsonValue | null | undefined'.
      Type 'Record<string, unknown>[]' is not assignable to type 'InputJsonObject'.
        Index signature for type 'string' is missing in type 'Record<string, unknown>[]'.

[7m189[0m         overlapping_details: {
[7m   [0m [91m        ~~~~~~~~~~~~~~~~~~~[0m

  [96mnode_modules/.prisma/client/index.d.ts[0m:[93m127005[0m:[93m5[0m
    [7m127005[0m     overlapping_details?: NullableJsonNullValueInput | InputJsonValue
    [7m      [0m [96m    ~~~~~~~~~~~~~~~~~~~[0m
    The expected type comes from property 'overlapping_details' which is declared here on type '(Without<attendan
ce_coverage_checkCreateInput, attendance_coverage_checkUncheckedCreateInput> & attendance_coverage_checkUnchecked
CreateInput) | (Without<...> & attendance_coverage_checkCreateInput)'
[96msrc/modules/attendance/services/coverage.service.ts[0m:[93m214[0m:[93m13[0m - [91merror[0m[90m TS233
9: [0mProperty 'check_date' does not exist on type '{ is_deleted: number; }'.

[7m214[0m       where.check_date = {
[7m   [0m [91m            ~~~~~~~~~~[0m
[96msrc/modules/attendance/services/employee-schedule.service.ts[0m:[93m305[0m:[93m7[0m - [91merror[0m[9
0m TS2322: [0mType '{ hr_employee: { select: { name: true; }; }; }' is not assignable to type 'never'.

[7m305[0m       include: {
[7m   [0m [91m      ~~~~~~~[0m
[96msrc/modules/attendance/services/employee-schedule.service.ts[0m:[93m325[0m:[93m9[0m - [91merror[0m[9
0m TS2353: [0mObject literal may only specify known properties, and 'platform_id' does not exist in type 'attend
ance_scheduleWhereInput'.

[7m325[0m         platform_id: scope.platform_id as string,
[7m   [0m [91m        ~~~~~~~~~~~[0m

  [96mnode_modules/.prisma/client/index.d.ts[0m:[93m36867[0m:[93m5[0m
    [7m36867[0m     where?: attendance_scheduleWhereInput
    [7m     [0m [96m    ~~~~~[0m
    The expected type comes from property 'where' which is declared here on type '{ data: (Without<attendance_sch
eduleUpdateManyMutationInput, attendance_scheduleUncheckedUpdateManyInput> & attendance_scheduleUncheckedUpdateMa
nyInput) | (Without<...> & attendance_scheduleUpdateManyMutationInput); where?: attendance_scheduleWhereInput | u
ndefined; limit?: number | undefined; }'
[96msrc/modules/attendance/services/employee-schedule.service.ts[0m:[93m328[0m:[93m9[0m - [91merror[0m[9
0m TS2322: [0mType 'string | null' is not assignable to type 'string | StringFieldUpdateOperationsInput | undefi
ned'.
  Type 'null' is not assignable to type 'string | StringFieldUpdateOperationsInput | undefined'.

[7m328[0m         shift_name: change.after_shift_name,
[7m   [0m [91m        ~~~~~~~~~~[0m

  [96mnode_modules/.prisma/client/index.d.ts[0m:[93m122438[0m:[93m5[0m
    [7m122438[0m     shift_name?: StringFieldUpdateOperationsInput | string
    [7m      [0m [96m    ~~~~~~~~~~[0m
    The expected type comes from property 'shift_name' which is declared here on type '(Without<attendance_schedu
leUpdateManyMutationInput, attendance_scheduleUncheckedUpdateManyInput> & attendance_scheduleUncheckedUpdateManyI
nput) | (Without<...> & attendance_scheduleUpdateManyMutationInput)'
[96msrc/modules/attendance/services/schedule-async.service.ts[0m:[93m143[0m:[93m26[0m - [91merror[0m[90m
 TS2339: [0mProperty 'sendToUser' does not exist on type 'RealtimeService'.

[7m143[0m     this.realtimeService.sendToUser(userId, 'schedule:job:complete', {
[7m   [0m [91m                         ~~~~~~~~~~[0m
[96msrc/modules/attendance/services/schedule-async.service.ts[0m:[93m170[0m:[93m26[0m - [91merror[0m[90m
 TS2339: [0mProperty 'sendToUser' does not exist on type 'RealtimeService'.

[7m170[0m     this.realtimeService.sendToUser(userId, 'schedule:job:failed', {
[7m   [0m [91m                         ~~~~~~~~~~[0m
[96msrc/modules/attendance/services/schedule-incremental.service.ts[0m:[93m77[0m:[93m11[0m - [91merror[0m
[90m TS2353: [0mObject literal may only specify known properties, and 'platform_id' does not exist in type '(Wi
thout<attendance_scheduleCreateInput, attendance_scheduleUncheckedCreateInput> & attendance_scheduleUncheckedCrea
teInput) | (Without<...> & attendance_scheduleCreateInput)'.

[7m77[0m           platform_id: employee?.platform_id || '',
[7m  [0m [91m          ~~~~~~~~~~~[0m

  [96mnode_modules/.prisma/client/index.d.ts[0m:[93m36820[0m:[93m5[0m
    [7m36820[0m     data: XOR<attendance_scheduleCreateInput, attendance_scheduleUncheckedCreateInput>
    [7m     [0m [96m    ~~~~[0m
    The expected type comes from property 'data' which is declared here on type '{ select?: attendance_scheduleSe
lect<DefaultArgs> | null | undefined; omit?: attendance_scheduleOmit<DefaultArgs> | null | undefined; data: (With
out<...> & attendance_scheduleUncheckedCreateInput) | (Without<...> & attendance_scheduleCreateInput); }'
[96msrc/modules/attendance/services/schedule-incremental.service.ts[0m:[93m116[0m:[93m24[0m - [91merror[0
m[90m TS2345: [0mArgument of type '{ conflicts: string[]; employee_id: string; date: string; shift_name: string
; }' is not assignable to parameter of type 'never'.

[7m116[0m         conflicts.push({
[7m   [0m [91m                       ~[0m
[7m117[0m           ...update,
[7m   [0m [91m~~~~~~~~~~~~~~~~~~~~[0m
[7m118[0m           conflicts: itemConflicts,
[7m   [0m [91m~~~~~~~~~~~~~~~~~~~~~~~~~~~~~~~~~~~[0m
[7m119[0m         });
[7m   [0m [91m~~~~~~~~~[0m
[96msrc/modules/attendance/services/schedule-incremental.service.ts[0m:[93m161[0m:[93m15[0m - [91merror[0
m[90m TS2353: [0mObject literal may only specify known properties, and 'platform_id' does not exist in type '(W
ithout<attendance_scheduleCreateInput, attendance_scheduleUncheckedCreateInput> & attendance_scheduleUncheckedCre
ateInput) | (Without<...> & attendance_scheduleCreateInput)'.

[7m161[0m               platform_id: employee?.platform_id || '',
[7m   [0m [91m              ~~~~~~~~~~~[0m

  [96mnode_modules/.prisma/client/index.d.ts[0m:[93m36820[0m:[93m5[0m
    [7m36820[0m     data: XOR<attendance_scheduleCreateInput, attendance_scheduleUncheckedCreateInput>
    [7m     [0m [96m    ~~~~[0m
    The expected type comes from property 'data' which is declared here on type '{ select?: attendance_scheduleSe
lect<DefaultArgs> | null | undefined; omit?: attendance_scheduleOmit<DefaultArgs> | null | undefined; data: (With
out<...> & attendance_scheduleUncheckedCreateInput) | (Without<...> & attendance_scheduleCreateInput); }'
[96msrc/modules/attendance/services/schedule-incremental.service.ts[0m:[93m167[0m:[93m22[0m - [91merror[0
m[90m TS2345: [0mArgument of type '{ employee_id: string; date: string; success: boolean; }' is not assignable 
to parameter of type 'never'.

[7m167[0m         results.push({
[7m   [0m [91m                     ~[0m
[7m168[0m           employee_id: update.employee_id,
[7m   [0m [91m~~~~~~~~~~~~~~~~~~~~~~~~~~~~~~~~~~~~~~~~~~[0m
[7m...[0m 
[7m170[0m           success: true,
[7m   [0m [91m~~~~~~~~~~~~~~~~~~~~~~~~[0m
[7m171[0m         });
[7m   [0m [91m~~~~~~~~~[0m
[96msrc/modules/attendance/services/schedule-incremental.service.ts[0m:[93m228[0m:[93m19[0m - [91merror[0
m[90m TS2345: [0mArgument of type '{ date: string; shift_name: string; required: number; current: number; gap: 
number; }' is not assignable to parameter of type 'never'.

[7m228[0m         gaps.push({
[7m   [0m [91m                  ~[0m
[7m229[0m           date: dateStr,
[7m   [0m [91m~~~~~~~~~~~~~~~~~~~~~~~~[0m
[7m...[0m 
[7m233[0m           gap: demand.required_count - currentCount,
[7m   [0m [91m~~~~~~~~~~~~~~~~~~~~~~~~~~~~~~~~~~~~~~~~~~~~~~~~~~~~[0m
[7m234[0m         });
[7m   [0m [91m~~~~~~~~~[0m
[96msrc/modules/attendance/services/schedule-incremental.service.ts[0m:[93m264[0m:[93m13[0m - [91merror[0
m[90m TS2339: [0mProperty 'date' does not exist on type 'never'.

[7m264[0m         gap.date,
[7m   [0m [91m            ~~~~[0m
[96msrc/modules/attendance/services/schedule-incremental.service.ts[0m:[93m265[0m:[93m13[0m - [91merror[0
m[90m TS2339: [0mProperty 'shift_name' does not exist on type 'never'.

[7m265[0m         gap.shift_name,
[7m   [0m [91m            ~~~~~~~~~~[0m
[96msrc/modules/attendance/services/schedule-incremental.service.ts[0m:[93m266[0m:[93m13[0m - [91merror[0
m[90m TS2339: [0mProperty 'gap' does not exist on type 'never'.

[7m266[0m         gap.gap,
[7m   [0m [91m            ~~~[0m
[96msrc/modules/attendance/services/schedule-incremental.service.ts[0m:[93m273[0m:[93m20[0m - [91merror[0
m[90m TS2345: [0mArgument of type '{ employee_id: string; employee_name: string; date: any; shift_name: any; sc
ore: number; }' is not assignable to parameter of type 'never'.

[7m273[0m         fills.push({
[7m   [0m [91m                   ~[0m
[7m274[0m           employee_id: candidate.id,
[7m   [0m [91m~~~~~~~~~~~~~~~~~~~~~~~~~~~~~~~~~~~~[0m
[7m...[0m 
[7m278[0m           score: candidate.score,
[7m   [0m [91m~~~~~~~~~~~~~~~~~~~~~~~~~~~~~~~~~[0m
[7m279[0m         });
[7m   [0m [91m~~~~~~~~~[0m
[96msrc/modules/attendance/services/schedule-incremental.service.ts[0m:[93m276[0m:[93m21[0m - [91merror[0
m[90m TS2339: [0mProperty 'date' does not exist on type 'never'.

[7m276[0m           date: gap.date,
[7m   [0m [91m                    ~~~~[0m
[96msrc/modules/attendance/services/schedule-incremental.service.ts[0m:[93m277[0m:[93m27[0m - [91merror[0
m[90m TS2339: [0mProperty 'shift_name' does not exist on type 'never'.

[7m277[0m           shift_name: gap.shift_name,
[7m   [0m [91m                          ~~~~~~~~~~[0m
[96msrc/modules/attendance/services/schedule-incremental.service.ts[0m:[93m286[0m:[93m24[0m - [91merror[0
m[90m TS2339: [0mProperty 'employee_id' does not exist on type 'never'.

[7m286[0m         employee_id: f.employee_id,
[7m   [0m [91m                       ~~~~~~~~~~~[0m
[96msrc/modules/attendance/services/schedule-incremental.service.ts[0m:[93m287[0m:[93m17[0m - [91merror[0
m[90m TS2339: [0mProperty 'date' does not exist on type 'never'.

[7m287[0m         date: f.date,
[7m   [0m [91m                ~~~~[0m
[96msrc/modules/attendance/services/schedule-incremental.service.ts[0m:[93m288[0m:[93m23[0m - [91merror[0
m[90m TS2339: [0mProperty 'shift_name' does not exist on type 'never'.

[7m288[0m         shift_name: f.shift_name,
[7m   [0m [91m                      ~~~~~~~~~~[0m
[96msrc/modules/attendance/services/schedule-incremental.service.ts[0m:[93m439[0m:[93m23[0m - [91merror[0
m[90m TS2345: [0mArgument of type '{ id: any; name: any; score: number; }' is not assignable to parameter of ty
pe 'never'.

[7m439[0m       candidates.push({
[7m   [0m [91m                      ~[0m
[7m440[0m         id: emp.id,
[7m   [0m [91m~~~~~~~~~~~~~~~~~~~[0m
[7m...[0m 
[7m442[0m         score: Math.max(0, Math.min(100, score)),
[7m   [0m [91m~~~~~~~~~~~~~~~~~~~~~~~~~~~~~~~~~~~~~~~~~~~~~~~~~[0m
[7m443[0m       });
[7m   [0m [91m~~~~~~~[0m
[96msrc/modules/attendance/services/schedule-incremental.service.ts[0m:[93m448[0m:[93m25[0m - [91merror[0
m[90m TS2339: [0mProperty 'score' does not exist on type 'never'.

[7m448[0m       .sort((a, b) => b.score - a.score)
[7m   [0m [91m                        ~~~~~[0m
[96msrc/modules/attendance/services/schedule-incremental.service.ts[0m:[93m448[0m:[93m35[0m - [91merror[0
m[90m TS2339: [0mProperty 'score' does not exist on type 'never'.

[7m448[0m       .sort((a, b) => b.score - a.score)
[7m   [0m [91m                                  ~~~~~[0m
[96msrc/modules/attendance/services/schedule-ml.service.ts[0m:[93m130[0m:[93m28[0m - [91merror[0m[90m TS
2345: [0mArgument of type '{ date: string; shift_name: string; predicted_demand: number | undefined; confidence:
 number | undefined; }' is not assignable to parameter of type 'never'.

[7m130[0m           predictions.push({
[7m   [0m [91m                           ~[0m
[7m131[0m             date: dateStr,
[7m   [0m [91m~~~~~~~~~~~~~~~~~~~~~~~~~~[0m
[7m...[0m 
[7m134[0m             confidence: prediction.confidence,
[7m   [0m [91m~~~~~~~~~~~~~~~~~~~~~~~~~~~~~~~~~~~~~~~~~~~~~~[0m
[7m135[0m           });
[7m   [0m [91m~~~~~~~~~~~[0m
[96msrc/modules/attendance/services/schedule-multi-objective.service.ts[0m:[93m88[0m:[93m9[0m - [91merror
[0m[90m TS2345: [0mArgument of type '{ id: string; create_time: Date; update_time: Date; is_deleted: number; pl
atform_id: string | null; name: string; employee_no: string | null; job_no: string | null; user_id: string | null
; ... 21 more ...; social_security_city: string | null; }[]' is not assignable to parameter of type 'Employee[]'.
  Type '{ id: string; create_time: Date; update_time: Date; is_deleted: number; platform_id: string | null; name:
 string; employee_no: string | null; job_no: string | null; user_id: string | null; ... 21 more ...; social_secur
ity_city: string | null; }' is not assignable to type 'Employee'.
    Types of property 'department_id' are incompatible.
      Type 'string | null' is not assignable to type 'string'.
        Type 'null' is not assignable to type 'string'.

[7m88[0m         employees,
[7m  [0m [91m        ~~~~~~~~~[0m
[96msrc/modules/attendance/services/schedule-multi-objective.service.ts[0m:[93m91[0m:[93m16[0m - [91merror
[0m[90m TS2339: [0mProperty 'priority' does not exist on type 'never'.

[7m91[0m         params.priority,
[7m  [0m [91m               ~~~~~~~~[0m
[96msrc/modules/attendance/services/schedule-multi-objective.service.ts[0m:[93m107[0m:[93m22[0m - [91merro
r[0m[90m TS2345: [0mArgument of type '{ id: string; params: never; scheduleData: ScheduleResultItem[]; objecti
ves: { fairness: number; coverage: number; satisfaction: number; cost: number; compliance: number; }; totalScore:
 number; }' is not assignable to parameter of type 'never'.

[7m107[0m       solutions.push({
[7m   [0m [91m                     ~[0m
[7m108[0m         id: `solution-${solutions.length + 1}`,
[7m   [0m [91m~~~~~~~~~~~~~~~~~~~~~~~~~~~~~~~~~~~~~~~~~~~~~~~[0m
[7m...[0m 
[7m112[0m         totalScore: this.calculateTotalScore(objectives, config.weights || {}),
[7m   [0m [91m~~~~~~~~~~~~~~~~~~~~~~~~~~~~~~~~~~~~~~~~~~~~~~~~~~~~~~~~~~~~~~~~~~~~~~~~~~~~~~~[0m
[7m113[0m       });
[7m   [0m [91m~~~~~~~[0m
[96msrc/modules/attendance/services/schedule-multi-objective.service.ts[0m:[93m184[0m:[93m29[0m - [91merro
r[0m[90m TS2345: [0mArgument of type '{ priority: string; maxConsecutiveDays: number; maxWeekHours: number; ma
xDayHours: any; minStaff: any; }' is not assignable to parameter of type 'never'.

[7m184[0m           combinations.push({
[7m   [0m [91m                            ~[0m
[7m185[0m             priority,
[7m   [0m [91m~~~~~~~~~~~~~~~~~~~~~[0m
[7m...[0m 
[7m189[0m             minStaff: baseConfig.min_staff_per_shift || 1,
[7m   [0m [91m~~~~~~~~~~~~~~~~~~~~~~~~~~~~~~~~~~~~~~~~~~~~~~~~~~~~~~~~~~[0m
[7m190[0m           });
[7m   [0m [91m~~~~~~~~~~~[0m
[96msrc/modules/attendance/services/schedule-multi-objective.service.ts[0m:[93m386[0m:[93m26[0m - [91merro
r[0m[90m TS2345: [0mArgument of type 'any' is not assignable to parameter of type 'never'.

[7m386[0m         paretoFront.push(solution);
[7m   [0m [91m                         ~~~~~~~~[0m
[96msrc/modules/attendance/services/schedule-prediction.service.ts[0m:[93m76[0m:[93m26[0m - [91merror[0m
[90m TS2345: [0mArgument of type '{ predicted_demand: number; confidence_score: number; based_on_history_count: 
number; avg_historical_demand: null; trend_factor: null; prediction_model: string; prediction_params: { ...; }; p
latform_id: string; dept_id: string; predict_date: Date; shift_name: string; } | { ...; }' is not assignable to p
arameter of type 'never'.
  Type '{ predicted_demand: number; confidence_score: number; based_on_history_count: number; avg_historical_dema
nd: null; trend_factor: null; prediction_model: string; prediction_params: { reason: string; same_day_count?: und
efined; overall_avg?: undefined; }; platform_id: string; dept_id: string; predict_date: Date; shift...' is not as
signable to type 'never'.

[7m 76[0m         predictions.push({
[7m   [0m [91m                         ~[0m
[7m 77[0m           platform_id: platformId,
[7m   [0m [91m~~~~~~~~~~~~~~~~~~~~~~~~~~~~~~~~~~[0m
[7m...[0m 
[7m 81[0m           ...prediction,
[7m   [0m [91m~~~~~~~~~~~~~~~~~~~~~~~~[0m
[7m 82[0m         });
[7m   [0m [91m~~~~~~~~~[0m
[96msrc/modules/attendance/services/schedule-prediction.service.ts[0m:[93m92[0m:[93m17[0m - [91merror[0m
[90m TS2339: [0mProperty 'predict_date' does not exist on type 'never'.

[7m92[0m         date: p.predict_date.toISOString().split('T')[0],
[7m  [0m [91m                ~~~~~~~~~~~~[0m
[96msrc/modules/attendance/services/schedule-prediction.service.ts[0m:[93m93[0m:[93m23[0m - [91merror[0m
[90m TS2339: [0mProperty 'shift_name' does not exist on type 'never'.

[7m93[0m         shift_name: p.shift_name,
[7m  [0m [91m                      ~~~~~~~~~~[0m
[96msrc/modules/attendance/services/schedule-prediction.service.ts[0m:[93m94[0m:[93m29[0m - [91merror[0m
[90m TS2339: [0mProperty 'predicted_demand' does not exist on type 'never'.

[7m94[0m         predicted_demand: p.predicted_demand,
[7m  [0m [91m                            ~~~~~~~~~~~~~~~~[0m
[96msrc/modules/attendance/services/schedule-prediction.service.ts[0m:[93m95[0m:[93m29[0m - [91merror[0m
[90m TS2339: [0mProperty 'confidence_score' does not exist on type 'never'.

[7m95[0m         confidence_score: p.confidence_score,
[7m  [0m [91m                            ~~~~~~~~~~~~~~~~[0m
[96msrc/modules/attendance/services/schedule-realtime.service.ts[0m:[93m38[0m:[93m9[0m - [91merror[0m[90
m TS2353: [0mObject literal may only specify known properties, and 'platform_id' does not exist in type 'attenda
nce_scheduleWhereInput'.

[7m38[0m         platform_id: platformId,
[7m  [0m [91m        ~~~~~~~~~~~[0m
[96msrc/modules/attendance/services/schedule-realtime.service.ts[0m:[93m98[0m:[93m9[0m - [91merror[0m[90
m TS2353: [0mObject literal may only specify known properties, and 'platform_id' does not exist in type 'attenda
nce_scheduleWhereInput'.

[7m98[0m         platform_id: platformId,
[7m  [0m [91m        ~~~~~~~~~~~[0m
[96msrc/modules/attendance/services/schedule-realtime.service.ts[0m:[93m177[0m:[93m24[0m - [91merror[0m[
90m TS2339: [0mProperty 'id' does not exist on type 'never'.

[7m177[0m       employee_id: emp.id,
[7m   [0m [91m                       ~~[0m
[96msrc/modules/attendance/services/schedule-realtime.service.ts[0m:[93m178[0m:[93m26[0m - [91merror[0m[
90m TS2339: [0mProperty 'name' does not exist on type 'never'.

[7m178[0m       employee_name: emp.name,
[7m   [0m [91m                         ~~~~[0m
[96msrc/modules/attendance/services/schedule-realtime.service.ts[0m:[93m179[0m:[93m18[0m - [91merror[0m[
90m TS2339: [0mProperty 'score' does not exist on type 'never'.

[7m179[0m       score: emp.score,
[7m   [0m [91m                 ~~~~~[0m
[96msrc/modules/attendance/services/schedule-realtime.service.ts[0m:[93m180[0m:[93m20[0m - [91merror[0m[
90m TS2339: [0mProperty 'reasons' does not exist on type 'never'.

[7m180[0m       reasons: emp.reasons,
[7m   [0m [91m                   ~~~~~~~[0m
[96msrc/modules/attendance/services/schedule-realtime.service.ts[0m:[93m181[0m:[93m25[0m - [91merror[0m[
90m TS2339: [0mProperty 'availability' does not exist on type 'never'.

[7m181[0m       availability: emp.availability,
[7m   [0m [91m                        ~~~~~~~~~~~~[0m
[96msrc/modules/attendance/services/schedule-realtime.service.ts[0m:[93m204[0m:[93m26[0m - [91merror[0m[
90m TS2339: [0mProperty 'sendToUser' does not exist on type 'RealtimeService'.

[7m204[0m     this.realtimeService.sendToUser(employeeId, "schedule:changed", {
[7m   [0m [91m                         ~~~~~~~~~~[0m
[96msrc/modules/attendance/services/schedule-realtime.service.ts[0m:[93m270[0m:[93m24[0m - [91merror[0m[
90m TS2345: [0mArgument of type '{ type: string; employee_id: any; shift_name: any; severity: string; }' is not 
assignable to parameter of type 'never'.

[7m270[0m         anomalies.push({
[7m   [0m [91m                       ~[0m
[7m271[0m           type: "absent",
[7m   [0m [91m~~~~~~~~~~~~~~~~~~~~~~~~~[0m
[7m...[0m 
[7m274[0m           severity: "high",
[7m   [0m [91m~~~~~~~~~~~~~~~~~~~~~~~~~~~[0m
[7m275[0m         });
[7m   [0m [91m~~~~~~~~~[0m
[96msrc/modules/attendance/services/schedule-realtime.service.ts[0m:[93m282[0m:[93m24[0m - [91merror[0m[
90m TS2345: [0mArgument of type '{ type: string; employee_id: any; shift_name: any; severity: string; }' is not 
assignable to parameter of type 'never'.

[7m282[0m         anomalies.push({
[7m   [0m [91m                       ~[0m
[7m283[0m           type: "late",
[7m   [0m [91m~~~~~~~~~~~~~~~~~~~~~~~[0m
[7m...[0m 
[7m286[0m           severity: "medium",
[7m   [0m [91m~~~~~~~~~~~~~~~~~~~~~~~~~~~~~[0m
[7m287[0m         });
[7m   [0m [91m~~~~~~~~~[0m
[96msrc/modules/attendance/services/schedule-realtime.service.ts[0m:[93m301[0m:[93m24[0m - [91merror[0m[
90m TS2345: [0mArgument of type '{ type: string; shift_name: string; current_count: number; required_count: numb
er; severity: string; }' is not assignable to parameter of type 'never'.

[7m301[0m         anomalies.push({
[7m   [0m [91m                       ~[0m
[7m302[0m           type: "understaffed",
[7m   [0m [91m~~~~~~~~~~~~~~~~~~~~~~~~~~~~~~~[0m
[7m...[0m 
[7m306[0m           severity: "high",
[7m   [0m [91m~~~~~~~~~~~~~~~~~~~~~~~~~~~[0m
[7m307[0m         });
[7m   [0m [91m~~~~~~~~~[0m
[96msrc/modules/attendance/services/schedule-realtime.service.ts[0m:[93m328[0m:[93m26[0m - [91merror[0m[
90m TS2345: [0mArgument of type '{ type: string; priority: string; action: string; employee_id: any; shift_name:
 any; }' is not assignable to parameter of type 'never'.

[7m328[0m         suggestions.push({
[7m   [0m [91m                         ~[0m
[7m329[0m           type: "replacement",
[7m   [0m [91m~~~~~~~~~~~~~~~~~~~~~~~~~~~~~~[0m
[7m...[0m 
[7m333[0m           shift_name: anomaly.shift_name,
[7m   [0m [91m~~~~~~~~~~~~~~~~~~~~~~~~~~~~~~~~~~~~~~~~~[0m
[7m334[0m         });
[7m   [0m [91m~~~~~~~~~[0m
[96msrc/modules/attendance/services/schedule-realtime.service.ts[0m:[93m336[0m:[93m26[0m - [91merror[0m[
90m TS2345: [0mArgument of type '{ type: string; priority: string; action: string; shift_name: any; gap: number;
 }' is not assignable to parameter of type 'never'.

[7m336[0m         suggestions.push({
[7m   [0m [91m                         ~[0m
[7m337[0m           type: "supplement",
[7m   [0m [91m~~~~~~~~~~~~~~~~~~~~~~~~~~~~~[0m
[7m...[0m 
[7m341[0m           gap: anomaly.required_count - anomaly.current_count,
[7m   [0m [91m~~~~~~~~~~~~~~~~~~~~~~~~~~~~~~~~~~~~~~~~~~~~~~~~~~~~~~~~~~~~~~[0m
[7m342[0m         });
[7m   [0m [91m~~~~~~~~~[0m
[96msrc/modules/attendance/services/schedule-realtime.service.ts[0m:[93m344[0m:[93m26[0m - [91merror[0m[
90m TS2345: [0mArgument of type '{ type: string; priority: string; action: string; employee_id: any; }' is not a
ssignable to parameter of type 'never'.

[7m344[0m         suggestions.push({
[7m   [0m [91m                         ~[0m
[7m345[0m           type: "reminder",
[7m   [0m [91m~~~~~~~~~~~~~~~~~~~~~~~~~~~[0m
[7m...[0m 
[7m348[0m           employee_id: anomaly.employee_id,
[7m   [0m [91m~~~~~~~~~~~~~~~~~~~~~~~~~~~~~~~~~~~~~~~~~~~[0m
[7m349[0m         });
[7m   [0m [91m~~~~~~~~~[0m
[96msrc/modules/attendance/services/schedule-realtime.service.ts[0m:[93m398[0m:[93m26[0m - [91merror[0m[
90m TS2345: [0mArgument of type '{ scheduleId: any; employeeId: any; reason: string; absentCount: number; priori
ty: string; }' is not assignable to parameter of type 'never'.

[7m398[0m         adjustments.push({
[7m   [0m [91m                         ~[0m
[7m399[0m           scheduleId: schedule.id,
[7m   [0m [91m~~~~~~~~~~~~~~~~~~~~~~~~~~~~~~~~~~[0m
[7m...[0m 
[7m403[0m           priority: absentCount > 10 ? "high" : "medium",
[7m   [0m [91m~~~~~~~~~~~~~~~~~~~~~~~~~~~~~~~~~~~~~~~~~~~~~~~~~~~~~~~~~[0m
[7m404[0m         });
[7m   [0m [91m~~~~~~~~~[0m
[96msrc/modules/attendance/services/schedule-realtime.service.ts[0m:[93m433[0m:[93m9[0m - [91merror[0m[9
0m TS2353: [0mObject literal may only specify known properties, and 'platform_id' does not exist in type 'attend
ance_scheduleWhereInput'.

[7m433[0m         platform_id: platformId,
[7m   [0m [91m        ~~~~~~~~~~~[0m
[96msrc/modules/attendance/services/schedule-realtime.service.ts[0m:[93m484[0m:[93m22[0m - [91merror[0m[
90m TS2345: [0mArgument of type '"鏈湀鎺掔彮杈冨皯"' is not assignable to parameter of type 'never'.

[7m484[0m         reasons.push("鏈湀鎺掔彮杈冨皯");
[7m   [0m [91m                     ~~~~~~~~[0m
[96msrc/modules/attendance/services/schedule-realtime.service.ts[0m:[93m487[0m:[93m22[0m - [91merror[0m[
90m TS2345: [0mArgument of type '"鏈湀鎺掔彮杈冨"' is not assignable to parameter of type 'never'.

[7m487[0m         reasons.push("鏈湀鎺掔彮杈冨");
[7m   [0m [91m                     ~~~~~~~~[0m
[96msrc/modules/attendance/services/schedule-realtime.service.ts[0m:[93m497[0m:[93m11[0m - [91merror[0m[
90m TS2322: [0mType 'string' is not assignable to type 'number | IntFilter<"attendance_schedule"> | undefined'.

[7m497[0m           status: "absent",
[7m   [0m [91m          ~~~~~~[0m
[96msrc/modules/attendance/services/schedule-realtime.service.ts[0m:[93m504[0m:[93m22[0m - [91merror[0m[
90m TS2345: [0mArgument of type '"杩戞湡鍑哄嫟鑹ソ"' is not assignable to parameter of type 'never'.

[7m504[0m         reasons.push("杩戞湡鍑哄嫟鑹ソ");
[7m   [0m [91m                     ~~~~~~~~[0m
[96msrc/modules/attendance/services/schedule-realtime.service.ts[0m:[93m507[0m:[93m22[0m - [91merror[0m[
90m TS2345: [0mArgument of type '"杩戞湡缂哄嫟杈冨"' is not assignable to parameter of type 'never'.

[7m507[0m         reasons.push("杩戞湡缂哄嫟杈冨");
[7m   [0m [91m                     ~~~~~~~~[0m
[96msrc/modules/attendance/services/schedule-realtime.service.ts[0m:[93m513[0m:[93m22[0m - [91merror[0m[
90m TS2345: [0mArgument of type '"鍚岄儴闂ㄥ憳宸?' is not assignable to parameter of type 'never'.

[7m513[0m         reasons.push("鍚岄儴闂ㄥ憳宸?);
[7m   [0m [91m                     ~~~~~~~[0m
[96msrc/modules/attendance/services/schedule-realtime.service.ts[0m:[93m516[0m:[93m19[0m - [91merror[0m[
90m TS2345: [0mArgument of type 'any' is not assignable to parameter of type 'never'.

[7m516[0m       ranked.push({
[7m   [0m [91m                  ~[0m
[7m517[0m         ...emp,
[7m   [0m [91m~~~~~~~~~~~~~~~[0m
[7m...[0m 
[7m520[0m         availability: "available",
[7m   [0m [91m~~~~~~~~~~~~~~~~~~~~~~~~~~~~~~~~~~[0m
[7m521[0m       });
[7m   [0m [91m~~~~~~~[0m
[96msrc/modules/attendance/services/schedule-realtime.service.ts[0m:[93m524[0m:[93m36[0m - [91merror[0m[
90m TS2339: [0mProperty 'score' does not exist on type 'never'.

[7m524[0m     return ranked.sort((a, b) => b.score - a.score);
[7m   [0m [91m                                   ~~~~~[0m
[96msrc/modules/attendance/services/schedule-realtime.service.ts[0m:[93m524[0m:[93m46[0m - [91merror[0m[
90m TS2339: [0mProperty 'score' does not exist on type 'never'.

[7m524[0m     return ranked.sort((a, b) => b.score - a.score);
[7m   [0m [91m                                             ~~~~~[0m
[96msrc/modules/attendance/services/schedule-recommendation.service.ts[0m:[93m327[0m:[93m30[0m - [91merror
[0m[90m TS2345: [0mArgument of type '{ date: string; shift_name: string; recommended_count: number; confidence
: string; }' is not assignable to parameter of type 'never'.

[7m327[0m         recommendations.push({
[7m   [0m [91m                             ~[0m
[7m328[0m           date: dateStr,
[7m   [0m [91m~~~~~~~~~~~~~~~~~~~~~~~~[0m
[7m...[0m 
[7m332[0m             stats.count >= 4 ? "high" : stats.count >= 2 ? "medium" : "low",
[7m   [0m [91m~~~~~~~~~~~~~~~~~~~~~~~~~~~~~~~~~~~~~~~~~~~~~~~~~~~~~~~~~~~~~~~~~~~~~~~~~~~~[0m
[7m333[0m         });
[7m   [0m [91m~~~~~~~~~[0m
[96msrc/modules/attendance/services/shift-cache.service.ts[0m:[93m85[0m:[93m50[0m - [91merror[0m[90m TS1
8046: [0m'error' is of type 'unknown'.

[7m85[0m       this.logger.error(`Failed to get shifts: ${error.message}`);
[7m  [0m [91m                                                 ~~~~~[0m
[96msrc/modules/attendance/services/shift-cache.service.ts[0m:[93m136[0m:[93m55[0m - [91merror[0m[90m TS
18046: [0m'error' is of type 'unknown'.

[7m136[0m       this.logger.error(`Failed to get shift by id: ${error.message}`);
[7m   [0m [91m                                                      ~~~~~[0m
[96msrc/modules/attendance/services/shift-cache.service.ts[0m:[93m157[0m:[93m57[0m - [91merror[0m[90m TS
18046: [0m'error' is of type 'unknown'.

[7m157[0m       this.logger.error(`Failed to get shifts by ids: ${error.message}`);
[7m   [0m [91m                                                        ~~~~~[0m
[96msrc/modules/attendance/services/shift-cache.service.ts[0m:[93m168[0m:[93m39[0m - [91merror[0m[90m TS
2339: [0mProperty 'getClient' does not exist on type 'RedisService'.

[7m168[0m       const redis = this.redisService.getClient();
[7m   [0m [91m                                      ~~~~~~~~~[0m
[96msrc/modules/attendance/services/shift-cache.service.ts[0m:[93m178[0m:[93m56[0m - [91merror[0m[90m TS
18046: [0m'error' is of type 'unknown'.

[7m178[0m       this.logger.error(`Failed to clear dept cache: ${error.message}`);
[7m   [0m [91m                                                       ~~~~~[0m
[96msrc/modules/attendance/services/shift-cache.service.ts[0m:[93m202[0m:[93m57[0m - [91merror[0m[90m TS
18046: [0m'error' is of type 'unknown'.

[7m202[0m       this.logger.error(`Failed to clear shift cache: ${error.message}`);
[7m   [0m [91m                                                        ~~~~~[0m
[96msrc/modules/attendance/services/shift-cache.service.ts[0m:[93m211[0m:[93m39[0m - [91merror[0m[90m TS
2339: [0mProperty 'getClient' does not exist on type 'RedisService'.

[7m211[0m       const redis = this.redisService.getClient();
[7m   [0m [91m                                      ~~~~~~~~~[0m
[96msrc/modules/attendance/services/shift-cache.service.ts[0m:[93m219[0m:[93m55[0m - [91merror[0m[90m TS
18046: [0m'error' is of type 'unknown'.

[7m219[0m       this.logger.error(`Failed to clear all cache: ${error.message}`);
[7m   [0m [91m                                                      ~~~~~[0m
[96msrc/modules/attendance/services/shifts.service.ts[0m:[93m183[0m:[93m19[0m - [91merror[0m[90m TS2339:
 [0mProperty 'code' does not exist on type '{ id: string; create_time: Date; update_time: Date; is_deleted: numb
er; platform_id: string | null; dept_id: string | null; name: string; status: number; on_duty_time: string; ... 5
 more ...; opacity: number; }'.

[7m183[0m       鐝缂栫爜: shift.code,
[7m   [0m [91m                  ~~~~[0m
[96msrc/modules/attendance/services/shifts.service.ts[0m:[93m184[0m:[93m19[0m - [91merror[0m[90m TS2339:
 [0mProperty 'start_time' does not exist on type '{ id: string; create_time: Date; update_time: Date; is_deleted
: number; platform_id: string | null; dept_id: string | null; name: string; status: number; on_duty_time: string;
 ... 5 more ...; opacity: number; }'.

[7m184[0m       涓婄彮鏃堕棿: shift.start_time,
[7m   [0m [91m                  ~~~~~~~~~~[0m
[96msrc/modules/attendance/services/shifts.service.ts[0m:[93m185[0m:[93m19[0m - [91merror[0m[90m TS2339:
 [0mProperty 'end_time' does not exist on type '{ id: string; create_time: Date; update_time: Date; is_deleted: 
number; platform_id: string | null; dept_id: string | null; name: string; status: number; on_duty_time: string; .
.. 5 more ...; opacity: number; }'.

[7m185[0m       涓嬬彮鏃堕棿: shift.end_time,
[7m   [0m [91m                  ~~~~~~~~[0m
[96msrc/modules/attendance/services/shifts.service.ts[0m:[93m186[0m:[93m19[0m - [91merror[0m[90m TS2339:
 [0mProperty 'work_hours' does not exist on type '{ id: string; create_time: Date; update_time: Date; is_deleted
: number; platform_id: string | null; dept_id: string | null; name: string; status: number; on_duty_time: string;
 ... 5 more ...; opacity: number; }'.

[7m186[0m       宸ヤ綔鏃堕暱: shift.work_hours ? `${shift.work_hours}灏忔椂` : "",
[7m   [0m [91m                  ~~~~~~~~~~[0m
[96msrc/modules/attendance/services/shifts.service.ts[0m:[93m186[0m:[93m41[0m - [91merror[0m[90m TS2339:
 [0mProperty 'work_hours' does not exist on type '{ id: string; create_time: Date; update_time: Date; is_deleted
: number; platform_id: string | null; dept_id: string | null; name: string; status: number; on_duty_time: string;
 ... 5 more ...; opacity: number; }'.

[7m186[0m       宸ヤ綔鏃堕暱: shift.work_hours ? `${shift.work_hours}灏忔椂` : "",
[7m   [0m [91m                                        ~~~~~~~~~~[0m
[96msrc/modules/attendance/workers/attendance.worker.ts[0m:[93m30[0m:[93m13[0m - [91merror[0m[90m TS1345
: [0mAn expression of type 'void' cannot be tested for truthiness.

[7m30[0m         if (updatedRecord) {
[7m  [0m [91m            ~~~~~~~~~~~~~[0m
[96msrc/modules/attendance/workers/attendance.worker.ts[0m:[93m32[0m:[93m47[0m - [91merror[0m[90m TS2339
: [0mProperty 'attendance_date' does not exist on type 'never'.

[7m32[0m           const date = new Date(updatedRecord.attendance_date);
[7m  [0m [91m                                              ~~~~~~~~~~~~~~~[0m
[96msrc/modules/attendance/workers/attendance.worker.ts[0m:[93m35[0m:[93m72[0m - [91merror[0m[90m TS2339
: [0mProperty 'employee_id' does not exist on type 'never'.

[7m35[0m           await this.recordsService.updateMonthlySummary(updatedRecord.employee_id, month);
[7m  [0m [91m                                                                       ~~~~~~~~~~~[0m
[96msrc/modules/attendance/workers/attendance.worker.ts[0m:[93m36[0m:[93m59[0m - [91merror[0m[90m TS2339
: [0mProperty 'employee_id' does not exist on type 'never'.

[7m36[0m           this.logger.debug(`[V5.0] 宸叉洿鏂板憳宸?${updatedRecord.employee_id} 鍦?${month} 鐨勬湀搴︽眹鎬诲揩鐓);
[7m  [0m [91m                                                          ~~~~~~~~~~~[0m
[96msrc/modules/attendance/workers/attendance.worker.ts[0m:[93m42[0m:[93m62[0m - [91merror[0m[90m TS1804
6: [0m'error' is of type 'unknown'.

[7m42[0m       this.logger.error(`[Worker Error] 浠诲姟 ${job.id} 鎵ц澶辫触: ${error.message}`, error.stack);
[7m  [0m [91m                                                             ~~~~~[0m
[96msrc/modules/attendance/workers/attendance.worker.ts[0m:[93m42[0m:[93m79[0m - [91merror[0m[90m TS1804
6: [0m'error' is of type 'unknown'.

[7m42[0m       this.logger.error(`[Worker Error] 浠诲姟 ${job.id} 鎵ц澶辫触: ${error.message}`, error.stack);
[7m  [0m [91m                                                                              ~~~~~[0m
[96msrc/modules/attendance/workers/schedule-async.worker.ts[0m:[93m36[0m:[93m62[0m - [91merror[0m[90m TS
18046: [0m'error' is of type 'unknown'.

[7m36[0m       this.logger.error(`[Worker Error] 浠诲姟 ${job.id} 鎵ц澶辫触: ${error.message}`, error.stack);
[7m  [0m [91m                                                             ~~~~~[0m
[96msrc/modules/attendance/workers/schedule-async.worker.ts[0m:[93m36[0m:[93m79[0m - [91merror[0m[90m TS
18046: [0m'error' is of type 'unknown'.

[7m36[0m       this.logger.error(`[Worker Error] 浠诲姟 ${job.id} 鎵ц澶辫触: ${error.message}`, error.stack);
[7m  [0m [91m                                                                              ~~~~~[0m
[96msrc/modules/attendance/workers/schedule-async.worker.ts[0m:[93m120[0m:[93m7[0m - [91merror[0m[90m TS
2345: [0mArgument of type '{ id: string; create_time: Date; update_time: Date; is_deleted: number; platform_id: 
string | null; name: string; employee_no: string | null; job_no: string | null; user_id: string | null; ... 21 mo
re ...; social_security_city: string | null; }[]' is not assignable to parameter of type 'Employee[]'.
  Type '{ id: string; create_time: Date; update_time: Date; is_deleted: number; platform_id: string | null; name:
 string; employee_no: string | null; job_no: string | null; user_id: string | null; ... 21 more ...; social_secur
ity_city: string | null; }' is not assignable to type 'Employee'.
    Types of property 'department_id' are incompatible.
      Type 'string | null' is not assignable to type 'string'.
        Type 'null' is not assignable to type 'string'.

[7m120[0m       employees,
[7m   [0m [91m      ~~~~~~~~~[0m
[96msrc/modules/attendance/workers/schedule-async.worker.ts[0m:[93m186[0m:[93m9[0m - [91merror[0m[90m TS
2322: [0mType 'ScheduleResultItem[]' is not assignable to type 'NullableJsonNullValueInput | InputJsonValue | un
defined'.
  Type 'ScheduleResultItem[]' is not assignable to type 'InputJsonObject'.
    Index signature for type 'string' is missing in type 'ScheduleResultItem[]'.

[7m186[0m         schedule_data: scheduleData,
[7m   [0m [91m        ~~~~~~~~~~~~~[0m

  [96mnode_modules/.prisma/client/index.d.ts[0m:[93m128614[0m:[93m5[0m
    [7m128614[0m     schedule_data?: NullableJsonNullValueInput | InputJsonValue
    [7m      [0m [96m    ~~~~~~~~~~~~~[0m
    The expected type comes from property 'schedule_data' which is declared here on type '(Without<attendance_sch
edule_historyCreateInput, attendance_schedule_historyUncheckedCreateInput> & attendance_schedule_historyUnchecked
CreateInput) | (Without<...> & attendance_schedule_historyCreateInput)'
[96msrc/modules/auth/controllers/register.controller.ts[0m:[93m63[0m:[93m17[0m - [91merror[0m[90m TS2353
: [0mObject literal may only specify known properties, and 'window' does not exist in type 'IdempotentOptions'.

[7m63[0m   @Idempotent({ window: 300, keyFields: ["phone"] })
[7m  [0m [91m                ~~~~~~[0m
[96msrc/modules/auth/controllers/register.controller.ts[0m:[93m110[0m:[93m17[0m - [91merror[0m[90m TS235
3: [0mObject literal may only specify known properties, and 'window' does not exist in type 'IdempotentOptions'.

[7m110[0m   @Idempotent({ window: 300, keyFields: ["id", "status"] })
[7m   [0m [91m                ~~~~~~[0m
[96msrc/modules/auth/controllers/register.controller.ts[0m:[93m127[0m:[93m17[0m - [91merror[0m[90m TS235
3: [0mObject literal may only specify known properties, and 'window' does not exist in type 'IdempotentOptions'.

[7m127[0m   @Idempotent({ window: 300, keyFields: ["ids", "status"] })
[7m   [0m [91m                ~~~~~~[0m
[96msrc/modules/auth/services/auth.service.ts[0m:[93m143[0m:[93m47[0m - [91merror[0m[90m TS2769: [0mNo 
overload matches this call.
  Overload 1 of 3, '(payload: string, options?: Omit<JwtSignOptions, keyof SignOptions> | undefined): Promise<str
ing>', gave the following error.
    Argument of type '{ sub: string; username: string; platform_id: string | null; dept_id: string | null; shop_i
d: string | null; }' is not assignable to parameter of type 'string'.
  Overload 2 of 3, '(payload: Buffer<ArrayBufferLike>, options?: JwtSignOptions | undefined): Promise<string>', g
ave the following error.
    Object literal may only specify known properties, and 'sub' does not exist in type 'Buffer<ArrayBufferLike>'.
  Overload 3 of 3, '(payload: { sub: string; username: string; platform_id: string | null; dept_id: string | null
; shop_id: string | null; }, options?: JwtSignOptions | undefined): Promise<...>', gave the following error.
    Type 'string | null' is not assignable to type 'number | StringValue | undefined'.
      Type 'null' is not assignable to type 'number | StringValue | undefined'.

[7m143[0m     const accessToken = await this.jwtService.signAsync(
[7m   [0m [91m                                              ~~~~~~~~~[0m

[96msrc/modules/auth/services/register.service.ts[0m:[93m10[0m:[93m23[0m - [91merror[0m[90m TS2305: [0m
Module '"../dto/register.dto"' has no exported member 'SendCodeDto'.

[7m10[0m import { RegisterDto, SendCodeDto } from "../dto/register.dto";
[7m  [0m [91m                      ~~~~~~~~~~~[0m
[96msrc/modules/exam/controllers/exam.controller.ts[0m:[93m41[0m:[93m14[0m - [91merror[0m[90m TS2345: [
0mArgument of type '{ limit: number; window: number; }' is not assignable to parameter of type 'RateLimitOptions'
.
  Property 'type' is missing in type '{ limit: number; window: number; }' but required in type 'RateLimitOptions'
.

[7m41[0m   @RateLimit({ limit: 30, window: 60 })
[7m  [0m [91m             ~~~~~~~~~~~~~~~~~~~~~~~~~[0m

  [96msrc/common/decorators/rate-limiter.decorator.ts[0m:[93m17[0m:[93m3[0m
    [7m17[0m   type: RateLimitType; // 闄愭祦绫诲瀷
    [7m  [0m [96m  ~~~~[0m
    'type' is declared here.
[96msrc/modules/exam/controllers/exam.controller.ts[0m:[93m42[0m:[93m12[0m - [91merror[0m[90m TS2353: [
0mObject literal may only specify known properties, and 'key' does not exist in type 'CacheOptions'.

[7m42[0m   @Cache({ key: "exam:papers", ttl: 600 })
[7m  [0m [91m           ~~~[0m
[96msrc/modules/exam/controllers/exam.controller.ts[0m:[93m56[0m:[93m14[0m - [91merror[0m[90m TS2345: [
0mArgument of type '{ limit: number; window: number; }' is not assignable to parameter of type 'RateLimitOptions'
.
  Property 'type' is missing in type '{ limit: number; window: number; }' but required in type 'RateLimitOptions'
.

[7m56[0m   @RateLimit({ limit: 50, window: 60 })
[7m  [0m [91m             ~~~~~~~~~~~~~~~~~~~~~~~~~[0m

  [96msrc/common/decorators/rate-limiter.decorator.ts[0m:[93m17[0m:[93m3[0m
    [7m17[0m   type: RateLimitType; // 闄愭祦绫诲瀷
    [7m  [0m [96m  ~~~~[0m
    'type' is declared here.
[96msrc/modules/exam/controllers/exam.controller.ts[0m:[93m57[0m:[93m12[0m - [91merror[0m[90m TS2353: [
0mObject literal may only specify known properties, and 'key' does not exist in type 'CacheOptions'.

[7m57[0m   @Cache({ key: "exam:paper:detail", ttl: 600 })
[7m  [0m [91m           ~~~[0m
[96msrc/modules/exam/controllers/exam.controller.ts[0m:[93m70[0m:[93m14[0m - [91merror[0m[90m TS2345: [
0mArgument of type '{ limit: number; window: number; }' is not assignable to parameter of type 'RateLimitOptions'
.
  Property 'type' is missing in type '{ limit: number; window: number; }' but required in type 'RateLimitOptions'
.

[7m70[0m   @RateLimit({ limit: 10, window: 60 })
[7m  [0m [91m             ~~~~~~~~~~~~~~~~~~~~~~~~~[0m

  [96msrc/common/decorators/rate-limiter.decorator.ts[0m:[93m17[0m:[93m3[0m
    [7m17[0m   type: RateLimitType; // 闄愭祦绫诲瀷
    [7m  [0m [96m  ~~~~[0m
    'type' is declared here.
[96msrc/modules/exam/controllers/exam.controller.ts[0m:[93m71[0m:[93m17[0m - [91merror[0m[90m TS2353: [
0mObject literal may only specify known properties, and 'keys' does not exist in type 'CacheEvictOptions'.

[7m71[0m   @CacheEvict({ keys: ["exam:papers:*"] })
[7m  [0m [91m                ~~~~[0m
[96msrc/modules/exam/controllers/exam.controller.ts[0m:[93m85[0m:[93m14[0m - [91merror[0m[90m TS2345: [
0mArgument of type '{ limit: number; window: number; }' is not assignable to parameter of type 'RateLimitOptions'
.
  Property 'type' is missing in type '{ limit: number; window: number; }' but required in type 'RateLimitOptions'
.

[7m85[0m   @RateLimit({ limit: 20, window: 60 })
[7m  [0m [91m             ~~~~~~~~~~~~~~~~~~~~~~~~~[0m

  [96msrc/common/decorators/rate-limiter.decorator.ts[0m:[93m17[0m:[93m3[0m
    [7m17[0m   type: RateLimitType; // 闄愭祦绫诲瀷
    [7m  [0m [96m  ~~~~[0m
    'type' is declared here.
[96msrc/modules/exam/controllers/exam.controller.ts[0m:[93m86[0m:[93m17[0m - [91merror[0m[90m TS2353: [
0mObject literal may only specify known properties, and 'keys' does not exist in type 'CacheEvictOptions'.

[7m86[0m   @CacheEvict({ keys: ["exam:papers:*"] })
[7m  [0m [91m                ~~~~[0m
[96msrc/modules/exam/controllers/exam.controller.ts[0m:[93m102[0m:[93m14[0m - [91merror[0m[90m TS2345: 
[0mArgument of type '{ limit: number; window: number; }' is not assignable to parameter of type 'RateLimitOptions
'.
  Property 'type' is missing in type '{ limit: number; window: number; }' but required in type 'RateLimitOptions'
.

[7m102[0m   @RateLimit({ limit: 30, window: 60 })
[7m   [0m [91m             ~~~~~~~~~~~~~~~~~~~~~~~~~[0m

  [96msrc/common/decorators/rate-limiter.decorator.ts[0m:[93m17[0m:[93m3[0m
    [7m17[0m   type: RateLimitType; // 闄愭祦绫诲瀷
    [7m  [0m [96m  ~~~~[0m
    'type' is declared here.
[96msrc/modules/exam/controllers/exam.controller.ts[0m:[93m103[0m:[93m12[0m - [91merror[0m[90m TS2353: 
[0mObject literal may only specify known properties, and 'key' does not exist in type 'CacheOptions'.

[7m103[0m   @Cache({ key: "exam:plans", ttl: 300 })
[7m   [0m [91m           ~~~[0m
[96msrc/modules/exam/controllers/exam.controller.ts[0m:[93m114[0m:[93m14[0m - [91merror[0m[90m TS2345: 
[0mArgument of type '{ limit: number; window: number; }' is not assignable to parameter of type 'RateLimitOptions
'.
  Property 'type' is missing in type '{ limit: number; window: number; }' but required in type 'RateLimitOptions'
.

[7m114[0m   @RateLimit({ limit: 50, window: 60 })
[7m   [0m [91m             ~~~~~~~~~~~~~~~~~~~~~~~~~[0m

  [96msrc/common/decorators/rate-limiter.decorator.ts[0m:[93m17[0m:[93m3[0m
    [7m17[0m   type: RateLimitType; // 闄愭祦绫诲瀷
    [7m  [0m [96m  ~~~~[0m
    'type' is declared here.
[96msrc/modules/exam/controllers/exam.controller.ts[0m:[93m115[0m:[93m12[0m - [91merror[0m[90m TS2353: 
[0mObject literal may only specify known properties, and 'key' does not exist in type 'CacheOptions'.

[7m115[0m   @Cache({ key: "exam:plan:detail", ttl: 300 })
[7m   [0m [91m           ~~~[0m
[96msrc/modules/exam/controllers/exam.controller.ts[0m:[93m126[0m:[93m14[0m - [91merror[0m[90m TS2345: 
[0mArgument of type '{ limit: number; window: number; }' is not assignable to parameter of type 'RateLimitOptions
'.
  Property 'type' is missing in type '{ limit: number; window: number; }' but required in type 'RateLimitOptions'
.

[7m126[0m   @RateLimit({ limit: 30, window: 60 })
[7m   [0m [91m             ~~~~~~~~~~~~~~~~~~~~~~~~~[0m

  [96msrc/common/decorators/rate-limiter.decorator.ts[0m:[93m17[0m:[93m3[0m
    [7m17[0m   type: RateLimitType; // 闄愭祦绫诲瀷
    [7m  [0m [96m  ~~~~[0m
    'type' is declared here.
[96msrc/modules/exam/controllers/exam.controller.ts[0m:[93m127[0m:[93m12[0m - [91merror[0m[90m TS2353: 
[0mObject literal may only specify known properties, and 'key' does not exist in type 'CacheOptions'.

[7m127[0m   @Cache({ key: "exam:plan:score-distribution", ttl: 600 })
[7m   [0m [91m           ~~~[0m
[96msrc/modules/exam/controllers/exam.controller.ts[0m:[93m138[0m:[93m14[0m - [91merror[0m[90m TS2345: 
[0mArgument of type '{ limit: number; window: number; }' is not assignable to parameter of type 'RateLimitOptions
'.
  Property 'type' is missing in type '{ limit: number; window: number; }' but required in type 'RateLimitOptions'
.

[7m138[0m   @RateLimit({ limit: 30, window: 60 })
[7m   [0m [91m             ~~~~~~~~~~~~~~~~~~~~~~~~~[0m

  [96msrc/common/decorators/rate-limiter.decorator.ts[0m:[93m17[0m:[93m3[0m
    [7m17[0m   type: RateLimitType; // 闄愭祦绫诲瀷
    [7m  [0m [96m  ~~~~[0m
    'type' is declared here.
[96msrc/modules/exam/controllers/exam.controller.ts[0m:[93m139[0m:[93m12[0m - [91merror[0m[90m TS2353: 
[0mObject literal may only specify known properties, and 'key' does not exist in type 'CacheOptions'.

[7m139[0m   @Cache({ key: "exam:plan:dept-comparison", ttl: 600 })
[7m   [0m [91m           ~~~[0m
[96msrc/modules/exam/controllers/exam.controller.ts[0m:[93m152[0m:[93m14[0m - [91merror[0m[90m TS2345: 
[0mArgument of type '{ limit: number; window: number; }' is not assignable to parameter of type 'RateLimitOptions
'.
  Property 'type' is missing in type '{ limit: number; window: number; }' but required in type 'RateLimitOptions'
.

[7m152[0m   @RateLimit({ limit: 10, window: 60 })
[7m   [0m [91m             ~~~~~~~~~~~~~~~~~~~~~~~~~[0m

  [96msrc/common/decorators/rate-limiter.decorator.ts[0m:[93m17[0m:[93m3[0m
    [7m17[0m   type: RateLimitType; // 闄愭祦绫诲瀷
    [7m  [0m [96m  ~~~~[0m
    'type' is declared here.
[96msrc/modules/exam/controllers/exam.controller.ts[0m:[93m153[0m:[93m17[0m - [91merror[0m[90m TS2353: 
[0mObject literal may only specify known properties, and 'keys' does not exist in type 'CacheEvictOptions'.

[7m153[0m   @CacheEvict({ keys: ["exam:plans:*", "exam:my:*"] })
[7m   [0m [91m                ~~~~[0m
[96msrc/modules/exam/controllers/exam.controller.ts[0m:[93m163[0m:[93m14[0m - [91merror[0m[90m TS2345: 
[0mArgument of type '{ limit: number; window: number; }' is not assignable to parameter of type 'RateLimitOptions
'.
  Property 'type' is missing in type '{ limit: number; window: number; }' but required in type 'RateLimitOptions'
.

[7m163[0m   @RateLimit({ limit: 30, window: 60 })
[7m   [0m [91m             ~~~~~~~~~~~~~~~~~~~~~~~~~[0m

  [96msrc/common/decorators/rate-limiter.decorator.ts[0m:[93m17[0m:[93m3[0m
    [7m17[0m   type: RateLimitType; // 闄愭祦绫诲瀷
    [7m  [0m [96m  ~~~~[0m
    'type' is declared here.
[96msrc/modules/exam/controllers/exam.controller.ts[0m:[93m164[0m:[93m12[0m - [91merror[0m[90m TS2353: 
[0mObject literal may only specify known properties, and 'key' does not exist in type 'CacheOptions'.

[7m164[0m   @Cache({ key: "exam:my:list", ttl: 300 })
[7m   [0m [91m           ~~~[0m
[96msrc/modules/exam/controllers/exam.controller.ts[0m:[93m175[0m:[93m14[0m - [91merror[0m[90m TS2345: 
[0mArgument of type '{ limit: number; window: number; }' is not assignable to parameter of type 'RateLimitOptions
'.
  Property 'type' is missing in type '{ limit: number; window: number; }' but required in type 'RateLimitOptions'
.

[7m175[0m   @RateLimit({ limit: 30, window: 60 })
[7m   [0m [91m             ~~~~~~~~~~~~~~~~~~~~~~~~~[0m

  [96msrc/common/decorators/rate-limiter.decorator.ts[0m:[93m17[0m:[93m3[0m
    [7m17[0m   type: RateLimitType; // 闄愭祦绫诲瀷
    [7m  [0m [96m  ~~~~[0m
    'type' is declared here.
[96msrc/modules/exam/controllers/exam.controller.ts[0m:[93m176[0m:[93m12[0m - [91merror[0m[90m TS2353: 
[0mObject literal may only specify known properties, and 'key' does not exist in type 'CacheOptions'.

[7m176[0m   @Cache({ key: "exam:my:stats", ttl: 600 })
[7m   [0m [91m           ~~~[0m
[96msrc/modules/exam/controllers/exam.controller.ts[0m:[93m184[0m:[93m14[0m - [91merror[0m[90m TS2345: 
[0mArgument of type '{ limit: number; window: number; }' is not assignable to parameter of type 'RateLimitOptions
'.
  Property 'type' is missing in type '{ limit: number; window: number; }' but required in type 'RateLimitOptions'
.

[7m184[0m   @RateLimit({ limit: 50, window: 60 })
[7m   [0m [91m             ~~~~~~~~~~~~~~~~~~~~~~~~~[0m

  [96msrc/common/decorators/rate-limiter.decorator.ts[0m:[93m17[0m:[93m3[0m
    [7m17[0m   type: RateLimitType; // 闄愭祦绫诲瀷
    [7m  [0m [96m  ~~~~[0m
    'type' is declared here.
[96msrc/modules/exam/controllers/exam.controller.ts[0m:[93m185[0m:[93m12[0m - [91merror[0m[90m TS2353: 
[0mObject literal may only specify known properties, and 'key' does not exist in type 'CacheOptions'.

[7m185[0m   @Cache({ key: "exam:my:active", ttl: 60 })
[7m   [0m [91m           ~~~[0m
[96msrc/modules/exam/controllers/exam.controller.ts[0m:[93m192[0m:[93m14[0m - [91merror[0m[90m TS2345: 
[0mArgument of type '{ limit: number; window: number; }' is not assignable to parameter of type 'RateLimitOptions
'.
  Property 'type' is missing in type '{ limit: number; window: number; }' but required in type 'RateLimitOptions'
.

[7m192[0m   @RateLimit({ limit: 50, window: 60 })
[7m   [0m [91m             ~~~~~~~~~~~~~~~~~~~~~~~~~[0m

  [96msrc/common/decorators/rate-limiter.decorator.ts[0m:[93m17[0m:[93m3[0m
    [7m17[0m   type: RateLimitType; // 闄愭祦绫诲瀷
    [7m  [0m [96m  ~~~~[0m
    'type' is declared here.
[96msrc/modules/exam/controllers/exam.controller.ts[0m:[93m193[0m:[93m12[0m - [91merror[0m[90m TS2353: 
[0mObject literal may only specify known properties, and 'key' does not exist in type 'CacheOptions'.

[7m193[0m   @Cache({ key: "exam:my:detail", ttl: 300 })
[7m   [0m [91m           ~~~[0m
[96msrc/modules/exam/controllers/exam.controller.ts[0m:[93m206[0m:[93m14[0m - [91merror[0m[90m TS2345: 
[0mArgument of type '{ limit: number; window: number; }' is not assignable to parameter of type 'RateLimitOptions
'.
  Property 'type' is missing in type '{ limit: number; window: number; }' but required in type 'RateLimitOptions'
.

[7m206[0m   @RateLimit({ limit: 10, window: 60 })
[7m   [0m [91m             ~~~~~~~~~~~~~~~~~~~~~~~~~[0m

  [96msrc/common/decorators/rate-limiter.decorator.ts[0m:[93m17[0m:[93m3[0m
    [7m17[0m   type: RateLimitType; // 闄愭祦绫诲瀷
    [7m  [0m [96m  ~~~~[0m
    'type' is declared here.
[96msrc/modules/exam/controllers/exam.controller.ts[0m:[93m207[0m:[93m17[0m - [91merror[0m[90m TS2353: 
[0mObject literal may only specify known properties, and 'keys' does not exist in type 'CacheEvictOptions'.

[7m207[0m   @CacheEvict({ keys: ["exam:my:*", "exam:results:*"] })
[7m   [0m [91m                ~~~~[0m
[96msrc/modules/exam/controllers/exam.controller.ts[0m:[93m218[0m:[93m14[0m - [91merror[0m[90m TS2345: 
[0mArgument of type '{ limit: number; window: number; }' is not assignable to parameter of type 'RateLimitOptions
'.
  Property 'type' is missing in type '{ limit: number; window: number; }' but required in type 'RateLimitOptions'
.

[7m218[0m   @RateLimit({ limit: 30, window: 60 })
[7m   [0m [91m             ~~~~~~~~~~~~~~~~~~~~~~~~~[0m

  [96msrc/common/decorators/rate-limiter.decorator.ts[0m:[93m17[0m:[93m3[0m
    [7m17[0m   type: RateLimitType; // 闄愭祦绫诲瀷
    [7m  [0m [96m  ~~~~[0m
    'type' is declared here.
[96msrc/modules/exam/controllers/exam.controller.ts[0m:[93m219[0m:[93m12[0m - [91merror[0m[90m TS2353: 
[0mObject literal may only specify known properties, and 'key' does not exist in type 'CacheOptions'.

[7m219[0m   @Cache({ key: "exam:results", ttl: 300 })
[7m   [0m [91m           ~~~[0m
[96msrc/modules/exam/controllers/exam.controller.ts[0m:[93m231[0m:[93m14[0m - [91merror[0m[90m TS2345: 
[0mArgument of type '{ limit: number; window: number; }' is not assignable to parameter of type 'RateLimitOptions
'.
  Property 'type' is missing in type '{ limit: number; window: number; }' but required in type 'RateLimitOptions'
.

[7m231[0m   @RateLimit({ limit: 20, window: 60 })
[7m   [0m [91m             ~~~~~~~~~~~~~~~~~~~~~~~~~[0m

  [96msrc/common/decorators/rate-limiter.decorator.ts[0m:[93m17[0m:[93m3[0m
    [7m17[0m   type: RateLimitType; // 闄愭祦绫诲瀷
    [7m  [0m [96m  ~~~~[0m
    'type' is declared here.
[96msrc/modules/exam/controllers/exam.controller.ts[0m:[93m232[0m:[93m17[0m - [91merror[0m[90m TS2353: 
[0mObject literal may only specify known properties, and 'keys' does not exist in type 'CacheEvictOptions'.

[7m232[0m   @CacheEvict({ keys: ["exam:results:*", "exam:my:*"] })
[7m   [0m [91m                ~~~~[0m
[96msrc/modules/exam/controllers/exam.controller.ts[0m:[93m244[0m:[93m14[0m - [91merror[0m[90m TS2345: 
[0mArgument of type '{ limit: number; window: number; }' is not assignable to parameter of type 'RateLimitOptions
'.
  Property 'type' is missing in type '{ limit: number; window: number; }' but required in type 'RateLimitOptions'
.

[7m244[0m   @RateLimit({ limit: 20, window: 60 })
[7m   [0m [91m             ~~~~~~~~~~~~~~~~~~~~~~~~~[0m

  [96msrc/common/decorators/rate-limiter.decorator.ts[0m:[93m17[0m:[93m3[0m
    [7m17[0m   type: RateLimitType; // 闄愭祦绫诲瀷
    [7m  [0m [96m  ~~~~[0m
    'type' is declared here.
[96msrc/modules/exam/controllers/exam.controller.ts[0m:[93m245[0m:[93m17[0m - [91merror[0m[90m TS2353: 
[0mObject literal may only specify known properties, and 'keys' does not exist in type 'CacheEvictOptions'.

[7m245[0m   @CacheEvict({ keys: ["exam:results:*", "exam:my:*"] })
[7m   [0m [91m                ~~~~[0m
[96msrc/modules/exam/controllers/exam.controller.ts[0m:[93m256[0m:[93m14[0m - [91merror[0m[90m TS2345: 
[0mArgument of type '{ limit: number; window: number; }' is not assignable to parameter of type 'RateLimitOptions
'.
  Property 'type' is missing in type '{ limit: number; window: number; }' but required in type 'RateLimitOptions'
.

[7m256[0m   @RateLimit({ limit: 30, window: 60 })
[7m   [0m [91m             ~~~~~~~~~~~~~~~~~~~~~~~~~[0m

  [96msrc/common/decorators/rate-limiter.decorator.ts[0m:[93m17[0m:[93m3[0m
    [7m17[0m   type: RateLimitType; // 闄愭祦绫诲瀷
    [7m  [0m [96m  ~~~~[0m
    'type' is declared here.
[96msrc/modules/exam/controllers/exam.controller.ts[0m:[93m257[0m:[93m12[0m - [91merror[0m[90m TS2353: 
[0mObject literal may only specify known properties, and 'key' does not exist in type 'CacheOptions'.

[7m257[0m   @Cache({ key: "exam:results:summary", ttl: 600 })
[7m   [0m [91m           ~~~[0m
[96msrc/modules/exam/controllers/exam.controller.ts[0m:[93m268[0m:[93m14[0m - [91merror[0m[90m TS2345: 
[0mArgument of type '{ limit: number; window: number; }' is not assignable to parameter of type 'RateLimitOptions
'.
  Property 'type' is missing in type '{ limit: number; window: number; }' but required in type 'RateLimitOptions'
.

[7m268[0m   @RateLimit({ limit: 30, window: 60 })
[7m   [0m [91m             ~~~~~~~~~~~~~~~~~~~~~~~~~[0m

  [96msrc/common/decorators/rate-limiter.decorator.ts[0m:[93m17[0m:[93m3[0m
    [7m17[0m   type: RateLimitType; // 闄愭祦绫诲瀷
    [7m  [0m [96m  ~~~~[0m
    'type' is declared here.
[96msrc/modules/exam/controllers/exam.controller.ts[0m:[93m269[0m:[93m12[0m - [91merror[0m[90m TS2353: 
[0mObject literal may only specify known properties, and 'key' does not exist in type 'CacheOptions'.

[7m269[0m   @Cache({ key: "exam:results:question-stats", ttl: 600 })
[7m   [0m [91m           ~~~[0m
[96msrc/modules/exam/controllers/exam.controller.ts[0m:[93m281[0m:[93m14[0m - [91merror[0m[90m TS2345: 
[0mArgument of type '{ limit: number; window: number; }' is not assignable to parameter of type 'RateLimitOptions
'.
  Property 'type' is missing in type '{ limit: number; window: number; }' but required in type 'RateLimitOptions'
.

[7m281[0m   @RateLimit({ limit: 5, window: 60 })
[7m   [0m [91m             ~~~~~~~~~~~~~~~~~~~~~~~~[0m

  [96msrc/common/decorators/rate-limiter.decorator.ts[0m:[93m17[0m:[93m3[0m
    [7m17[0m   type: RateLimitType; // 闄愭祦绫诲瀷
    [7m  [0m [96m  ~~~~[0m
    'type' is declared here.
[96msrc/modules/exam/controllers/exam.controller.ts[0m:[93m282[0m:[93m17[0m - [91merror[0m[90m TS2353: 
[0mObject literal may only specify known properties, and 'keys' does not exist in type 'CacheEvictOptions'.

[7m282[0m   @CacheEvict({ keys: ["exam:results:*", "exam:my:*"] })
[7m   [0m [91m                ~~~~[0m
[96msrc/modules/exam/controllers/exam.controller.ts[0m:[93m296[0m:[93m14[0m - [91merror[0m[90m TS2345: 
[0mArgument of type '{ limit: number; window: number; }' is not assignable to parameter of type 'RateLimitOptions
'.
  Property 'type' is missing in type '{ limit: number; window: number; }' but required in type 'RateLimitOptions'
.

[7m296[0m   @RateLimit({ limit: 5, window: 60 })
[7m   [0m [91m             ~~~~~~~~~~~~~~~~~~~~~~~~[0m

  [96msrc/common/decorators/rate-limiter.decorator.ts[0m:[93m17[0m:[93m3[0m
    [7m17[0m   type: RateLimitType; // 闄愭祦绫诲瀷
    [7m  [0m [96m  ~~~~[0m
    'type' is declared here.
[96msrc/modules/exam/services/exam.service.ts[0m:[93m98[0m:[93m5[0m - [91merror[0m[90m TS2353: [0mObjec
t literal may only specify known properties, and 'prefix' does not exist in type 'CacheEvictOptions'.

[7m98[0m     prefix: ["exam:papers", "exam:paper"],
[7m  [0m [91m    ~~~~~~[0m
[96msrc/modules/exam/services/exam.service.ts[0m:[93m107[0m:[93m5[0m - [91merror[0m[90m TS2353: [0mObje
ct literal may only specify known properties, and 'prefix' does not exist in type 'CacheEvictOptions'.

[7m107[0m     prefix: ["exam:papers", "exam:paper"],
[7m   [0m [91m    ~~~~~~[0m
[96msrc/modules/exam/services/exam.service.ts[0m:[93m206[0m:[93m5[0m - [91merror[0m[90m TS2353: [0mObje
ct literal may only specify known properties, and 'prefix' does not exist in type 'CacheEvictOptions'.

[7m206[0m     prefix: "exam:plans",
[7m   [0m [91m    ~~~~~~[0m
[96msrc/modules/exam/services/exam.service.ts[0m:[93m577[0m:[93m5[0m - [91merror[0m[90m TS2353: [0mObje
ct literal may only specify known properties, and 'prefix' does not exist in type 'CacheEvictOptions'.

[7m577[0m     prefix: "exam:my",
[7m   [0m [91m    ~~~~~~[0m
[96msrc/modules/finance/controllers/finance.controller.ts[0m:[93m45[0m:[93m32[0m - [91merror[0m[90m TS25
51: [0mProperty 'getReimbursement' does not exist on type 'FinanceService'. Did you mean 'createReimbursement'?

[7m45[0m     return this.financeService.getReimbursement(user.sub, id);
[7m  [0m [91m                               ~~~~~~~~~~~~~~~~[0m

  [96msrc/modules/finance/services/finance.service.ts[0m:[93m222[0m:[93m9[0m
    [7m222[0m   async createReimbursement(userId: string, dto: CreateReimbursementDto) {
    [7m   [0m [96m        ~~~~~~~~~~~~~~~~~~~[0m
    'createReimbursement' is declared here.
[96msrc/modules/finance/controllers/finance.controller.ts[0m:[93m102[0m:[93m32[0m - [91merror[0m[90m TS2
339: [0mProperty 'getPurchase' does not exist on type 'FinanceService'.

[7m102[0m     return this.financeService.getPurchase(user.sub, id);
[7m   [0m [91m                               ~~~~~~~~~~~[0m
[96msrc/modules/finance/controllers/finance.controller.ts[0m:[93m234[0m:[93m46[0m - [91merror[0m[90m TS2
551: [0mProperty 'exportReimbursements' does not exist on type 'FinanceService'. Did you mean 'listReimbursement
s'?

[7m234[0m     const buffer = await this.financeService.exportReimbursements(
[7m   [0m [91m                                             ~~~~~~~~~~~~~~~~~~~~[0m

  [96msrc/modules/finance/services/finance.service.ts[0m:[93m121[0m:[93m9[0m
    [7m121[0m   async listReimbursements(userId: string, params: any) {
    [7m   [0m [96m        ~~~~~~~~~~~~~~~~~~[0m
    'listReimbursements' is declared here.
[96msrc/modules/finance/controllers/finance.controller.ts[0m:[93m257[0m:[93m46[0m - [91merror[0m[90m TS2
339: [0mProperty 'exportPurchases' does not exist on type 'FinanceService'.

[7m257[0m     const buffer = await this.financeService.exportPurchases(user.sub, query);
[7m   [0m [91m                                             ~~~~~~~~~~~~~~~[0m
[96msrc/modules/finance/controllers/finance.controller.ts[0m:[93m277[0m:[93m46[0m - [91merror[0m[90m TS2
339: [0mProperty 'exportCashRecords' does not exist on type 'FinanceService'.

[7m277[0m     const buffer = await this.financeService.exportCashRecords(user.sub, query);
[7m   [0m [91m                                             ~~~~~~~~~~~~~~~~~[0m
[96msrc/modules/finance/services/finance.service.ts[0m:[93m163[0m:[93m5[0m - [91merror[0m[90m TS2353: [
0mObject literal may only specify known properties, and 'prefix' does not exist in type 'CacheEvictOptions'.

[7m163[0m     prefix: ["finance:purchases", "finance:cash-records"],
[7m   [0m [91m    ~~~~~~[0m
[96msrc/modules/finance/services/finance.service.ts[0m:[93m219[0m:[93m5[0m - [91merror[0m[90m TS2353: [
0mObject literal may only specify known properties, and 'prefix' does not exist in type 'CacheEvictOptions'.

[7m219[0m     prefix: ["finance:reimbursements", "finance:cash-records"],
[7m   [0m [91m    ~~~~~~[0m
[96msrc/modules/finance/services/finance.service.ts[0m:[93m274[0m:[93m17[0m - [91merror[0m[90m TS2353: 
[0mObject literal may only specify known properties, and 'prefix' does not exist in type 'CacheEvictOptions'.

[7m274[0m   @CacheEvict({ prefix: ["finance:reimbursements"], pattern: "*" })
[7m   [0m [91m                ~~~~~~[0m
[96msrc/modules/finance/services/finance.service.ts[0m:[93m303[0m:[93m5[0m - [91merror[0m[90m TS2353: [
0mObject literal may only specify known properties, and 'prefix' does not exist in type 'CacheEvictOptions'.

[7m303[0m     prefix: [
[7m   [0m [91m    ~~~~~~[0m
[96msrc/modules/finance/services/finance.service.ts[0m:[93m366[0m:[93m5[0m - [91merror[0m[90m TS2353: [
0mObject literal may only specify known properties, and 'prefix' does not exist in type 'CacheEvictOptions'.

[7m366[0m     prefix: [
[7m   [0m [91m    ~~~~~~[0m
[96msrc/modules/finance/services/finance.service.ts[0m:[93m389[0m:[93m5[0m - [91merror[0m[90m TS2353: [
0mObject literal may only specify known properties, and 'prefix' does not exist in type 'CacheEvictOptions'.

[7m389[0m     prefix: [
[7m   [0m [91m    ~~~~~~[0m
[96msrc/modules/finance/services/finance.service.ts[0m:[93m839[0m:[93m8[0m - [91merror[0m[90m TS1146: [
0mDeclaration expected.

[7m839[0m   async getReimbursement(userId: string, id: string) {
[7m   [0m [91m       [0m
[96msrc/modules/finance/services/finance.service.ts[0m:[93m839[0m:[93m9[0m - [91merror[0m[90m TS2304: [
0mCannot find name 'getReimbursement'.

[7m839[0m   async getReimbursement(userId: string, id: string) {
[7m   [0m [91m        ~~~~~~~~~~~~~~~~[0m
[96msrc/modules/finance/services/finance.service.ts[0m:[93m839[0m:[93m26[0m - [91merror[0m[90m TS2304: 
[0mCannot find name 'userId'.

[7m839[0m   async getReimbursement(userId: string, id: string) {
[7m   [0m [91m                         ~~~~~~[0m
[96msrc/modules/finance/services/finance.service.ts[0m:[93m839[0m:[93m32[0m - [91merror[0m[90m TS1005: 
[0m',' expected.

[7m839[0m   async getReimbursement(userId: string, id: string) {
[7m   [0m [91m                               ~[0m
[96msrc/modules/finance/services/finance.service.ts[0m:[93m839[0m:[93m34[0m - [91merror[0m[90m TS2693: 
[0m'string' only refers to a type, but is being used as a value here.

[7m839[0m   async getReimbursement(userId: string, id: string) {
[7m   [0m [91m                                 ~~~~~~[0m
[96msrc/modules/finance/services/finance.service.ts[0m:[93m839[0m:[93m42[0m - [91merror[0m[90m TS2304: 
[0mCannot find name 'id'.

[7m839[0m   async getReimbursement(userId: string, id: string) {
[7m   [0m [91m                                         ~~[0m
[96msrc/modules/finance/services/finance.service.ts[0m:[93m839[0m:[93m44[0m - [91merror[0m[90m TS1005: 
[0m',' expected.

[7m839[0m   async getReimbursement(userId: string, id: string) {
[7m   [0m [91m                                           ~[0m
[96msrc/modules/finance/services/finance.service.ts[0m:[93m839[0m:[93m46[0m - [91merror[0m[90m TS2693: 
[0m'string' only refers to a type, but is being used as a value here.

[7m839[0m   async getReimbursement(userId: string, id: string) {
[7m   [0m [91m                                             ~~~~~~[0m
[96msrc/modules/finance/services/finance.service.ts[0m:[93m839[0m:[93m54[0m - [91merror[0m[90m TS1005: 
[0m';' expected.

[7m839[0m   async getReimbursement(userId: string, id: string) {
[7m   [0m [91m                                                     ~[0m
[96msrc/modules/finance/services/finance.service.ts[0m:[93m840[0m:[93m25[0m - [91merror[0m[90m TS2532: 
[0mObject is possibly 'undefined'.

[7m840[0m     const scope = await this.scopeService.resolveAccess(userId);
[7m   [0m [91m                        ~~~~[0m
[96msrc/modules/finance/services/finance.service.ts[0m:[93m840[0m:[93m57[0m - [91merror[0m[90m TS2304: 
[0mCannot find name 'userId'.

[7m840[0m     const scope = await this.scopeService.resolveAccess(userId);
[7m   [0m [91m                                                        ~~~~~~[0m
[96msrc/modules/finance/services/finance.service.ts[0m:[93m842[0m:[93m33[0m - [91merror[0m[90m TS2532: 
[0mObject is possibly 'undefined'.

[7m842[0m     const reimbursement = await this.prisma.fin_reimbursement.findUnique({
[7m   [0m [91m                                ~~~~[0m
[96msrc/modules/finance/services/finance.service.ts[0m:[93m843[0m:[93m16[0m - [91merror[0m[90m TS18004: 
[0mNo value exists in scope for the shorthand property 'id'. Either declare one or provide an initializer.

[7m843[0m       where: { id },
[7m   [0m [91m               ~~[0m
[96msrc/modules/finance/services/finance.service.ts[0m:[93m858[0m:[93m5[0m - [91merror[0m[90m TS2532: [
0mObject is possibly 'undefined'.

[7m858[0m     this.scopeService.assertPlatformAccess(scope, reimbursement.platform_id);
[7m   [0m [91m    ~~~~[0m
[96msrc/modules/finance/services/finance.service.ts[0m:[93m859[0m:[93m5[0m - [91merror[0m[90m TS2532: [
0mObject is possibly 'undefined'.

[7m859[0m     this.scopeService.assertDepartmentAccess(scope, reimbursement.dept_id);
[7m   [0m [91m    ~~~~[0m
[96msrc/modules/finance/services/finance.service.ts[0m:[93m873[0m:[93m8[0m - [91merror[0m[90m TS1146: [
0mDeclaration expected.

[7m873[0m   async getPurchase(userId: string, id: string) {
[7m   [0m [91m       [0m
[96msrc/modules/finance/services/finance.service.ts[0m:[93m873[0m:[93m9[0m - [91merror[0m[90m TS2304: [
0mCannot find name 'getPurchase'.

[7m873[0m   async getPurchase(userId: string, id: string) {
[7m   [0m [91m        ~~~~~~~~~~~[0m
[96msrc/modules/finance/services/finance.service.ts[0m:[93m873[0m:[93m21[0m - [91merror[0m[90m TS2304: 
[0mCannot find name 'userId'.

[7m873[0m   async getPurchase(userId: string, id: string) {
[7m   [0m [91m                    ~~~~~~[0m
[96msrc/modules/finance/services/finance.service.ts[0m:[93m873[0m:[93m27[0m - [91merror[0m[90m TS1005: 
[0m',' expected.

[7m873[0m   async getPurchase(userId: string, id: string) {
[7m   [0m [91m                          ~[0m
[96msrc/modules/finance/services/finance.service.ts[0m:[93m873[0m:[93m29[0m - [91merror[0m[90m TS2693: 
[0m'string' only refers to a type, but is being used as a value here.

[7m873[0m   async getPurchase(userId: string, id: string) {
[7m   [0m [91m                            ~~~~~~[0m
[96msrc/modules/finance/services/finance.service.ts[0m:[93m873[0m:[93m37[0m - [91merror[0m[90m TS2304: 
[0mCannot find name 'id'.

[7m873[0m   async getPurchase(userId: string, id: string) {
[7m   [0m [91m                                    ~~[0m
[96msrc/modules/finance/services/finance.service.ts[0m:[93m873[0m:[93m39[0m - [91merror[0m[90m TS1005: 
[0m',' expected.

[7m873[0m   async getPurchase(userId: string, id: string) {
[7m   [0m [91m                                      ~[0m
[96msrc/modules/finance/services/finance.service.ts[0m:[93m873[0m:[93m41[0m - [91merror[0m[90m TS2693: 
[0m'string' only refers to a type, but is being used as a value here.

[7m873[0m   async getPurchase(userId: string, id: string) {
[7m   [0m [91m                                        ~~~~~~[0m
[96msrc/modules/finance/services/finance.service.ts[0m:[93m873[0m:[93m49[0m - [91merror[0m[90m TS1005: 
[0m';' expected.

[7m873[0m   async getPurchase(userId: string, id: string) {
[7m   [0m [91m                                                ~[0m
[96msrc/modules/finance/services/finance.service.ts[0m:[93m874[0m:[93m25[0m - [91merror[0m[90m TS2532: 
[0mObject is possibly 'undefined'.

[7m874[0m     const scope = await this.scopeService.resolveAccess(userId);
[7m   [0m [91m                        ~~~~[0m
[96msrc/modules/finance/services/finance.service.ts[0m:[93m874[0m:[93m57[0m - [91merror[0m[90m TS2304: 
[0mCannot find name 'userId'.

[7m874[0m     const scope = await this.scopeService.resolveAccess(userId);
[7m   [0m [91m                                                        ~~~~~~[0m
[96msrc/modules/finance/services/finance.service.ts[0m:[93m876[0m:[93m28[0m - [91merror[0m[90m TS2532: 
[0mObject is possibly 'undefined'.

[7m876[0m     const purchase = await this.prisma.fin_purchase.findUnique({
[7m   [0m [91m                           ~~~~[0m
[96msrc/modules/finance/services/finance.service.ts[0m:[93m877[0m:[93m16[0m - [91merror[0m[90m TS18004: 
[0mNo value exists in scope for the shorthand property 'id'. Either declare one or provide an initializer.

[7m877[0m       where: { id },
[7m   [0m [91m               ~~[0m
[96msrc/modules/finance/services/finance.service.ts[0m:[93m884[0m:[93m5[0m - [91merror[0m[90m TS2532: [
0mObject is possibly 'undefined'.

[7m884[0m     this.scopeService.assertPlatformAccess(scope, purchase.platform_id);
[7m   [0m [91m    ~~~~[0m
[96msrc/modules/finance/services/finance.service.ts[0m:[93m885[0m:[93m5[0m - [91merror[0m[90m TS2532: [
0mObject is possibly 'undefined'.

[7m885[0m     this.scopeService.assertDepartmentAccess(scope, purchase.dept_id);
[7m   [0m [91m    ~~~~[0m
[96msrc/modules/finance/services/finance.service.ts[0m:[93m893[0m:[93m3[0m - [91merror[0m[90m TS1434: [
0mUnexpected keyword or identifier.

[7m893[0m   async exportReimbursements(userId: string, params: any): Promise<Buffer> {
[7m   [0m [91m  ~~~~~[0m
[96msrc/modules/finance/services/finance.service.ts[0m:[93m893[0m:[93m3[0m - [91merror[0m[90m TS2304: [
0mCannot find name 'async'.

[7m893[0m   async exportReimbursements(userId: string, params: any): Promise<Buffer> {
[7m   [0m [91m  ~~~~~[0m
[96msrc/modules/finance/services/finance.service.ts[0m:[93m893[0m:[93m9[0m - [91merror[0m[90m TS2304: [
0mCannot find name 'exportReimbursements'.

[7m893[0m   async exportReimbursements(userId: string, params: any): Promise<Buffer> {
[7m   [0m [91m        ~~~~~~~~~~~~~~~~~~~~[0m
[96msrc/modules/finance/services/finance.service.ts[0m:[93m893[0m:[93m30[0m - [91merror[0m[90m TS2304: 
[0mCannot find name 'userId'.

[7m893[0m   async exportReimbursements(userId: string, params: any): Promise<Buffer> {
[7m   [0m [91m                             ~~~~~~[0m
[96msrc/modules/finance/services/finance.service.ts[0m:[93m893[0m:[93m36[0m - [91merror[0m[90m TS1005: 
[0m',' expected.

[7m893[0m   async exportReimbursements(userId: string, params: any): Promise<Buffer> {
[7m   [0m [91m                                   ~[0m
[96msrc/modules/finance/services/finance.service.ts[0m:[93m893[0m:[93m38[0m - [91merror[0m[90m TS2693: 
[0m'string' only refers to a type, but is being used as a value here.

[7m893[0m   async exportReimbursements(userId: string, params: any): Promise<Buffer> {
[7m   [0m [91m                                     ~~~~~~[0m
[96msrc/modules/finance/services/finance.service.ts[0m:[93m893[0m:[93m46[0m - [91merror[0m[90m TS2304: 
[0mCannot find name 'params'.

[7m893[0m   async exportReimbursements(userId: string, params: any): Promise<Buffer> {
[7m   [0m [91m                                             ~~~~~~[0m
[96msrc/modules/finance/services/finance.service.ts[0m:[93m893[0m:[93m52[0m - [91merror[0m[90m TS1005: 
[0m',' expected.

[7m893[0m   async exportReimbursements(userId: string, params: any): Promise<Buffer> {
[7m   [0m [91m                                                   ~[0m
[96msrc/modules/finance/services/finance.service.ts[0m:[93m893[0m:[93m54[0m - [91merror[0m[90m TS2693: 
[0m'any' only refers to a type, but is being used as a value here.

[7m893[0m   async exportReimbursements(userId: string, params: any): Promise<Buffer> {
[7m   [0m [91m                                                     ~~~[0m
[96msrc/modules/finance/services/finance.service.ts[0m:[93m893[0m:[93m58[0m - [91merror[0m[90m TS1005: 
[0m';' expected.

[7m893[0m   async exportReimbursements(userId: string, params: any): Promise<Buffer> {
[7m   [0m [91m                                                         ~[0m
[96msrc/modules/finance/services/finance.service.ts[0m:[93m893[0m:[93m60[0m - [91merror[0m[90m TS2365: 
[0mOperator '<' cannot be applied to types 'PromiseConstructor' and 'BufferConstructor'.

[7m893[0m   async exportReimbursements(userId: string, params: any): Promise<Buffer> {
[7m   [0m [91m                                                           ~~~~~~~~~~~~~~[0m
[96msrc/modules/finance/services/finance.service.ts[0m:[93m893[0m:[93m60[0m - [91merror[0m[90m TS2365: 
[0mOperator '>' cannot be applied to types 'boolean' and '{ const: any; Record<number, string>(): any; }'.

[7m893[0m   async exportReimbursements(userId: string, params: any): Promise<Buffer> {
[7m   [0m [91m                                                           ~~~~~~~~~~~~~~~~~[0m
[7m894[0m     const XLSX = require('xlsx');
[7m   [0m [91m~~~~~~~~~~~~~~~~~~~~~~~~~~~~~~~~~[0m
[7m...[0m 
[7m896[0m 
[7m   [0m [91m[0m
[7m897[0m     const statusMap: Record<number, string> = {
[7m   [0m [91m~~~~~~~~~~~~~~~~~~~~~~~~~~~~~~~~~~~~~~~~~~~~~[0m
[96msrc/modules/finance/services/finance.service.ts[0m:[93m894[0m:[93m11[0m - [91merror[0m[90m TS1005: 
[0m':' expected.

[7m894[0m     const XLSX = require('xlsx');
[7m   [0m [91m          ~~~~[0m
[96msrc/modules/finance/services/finance.service.ts[0m:[93m894[0m:[93m11[0m - [91merror[0m[90m TS2304: 
[0mCannot find name 'XLSX'.

[7m894[0m     const XLSX = require('xlsx');
[7m   [0m [91m          ~~~~[0m
[96msrc/modules/finance/services/finance.service.ts[0m:[93m894[0m:[93m33[0m - [91merror[0m[90m TS1005: 
[0m',' expected.

[7m894[0m     const XLSX = require('xlsx');
[7m   [0m [91m                                ~[0m
[96msrc/modules/finance/services/finance.service.ts[0m:[93m895[0m:[93m11[0m - [91merror[0m[90m TS1005: 
[0m':' expected.

[7m895[0m     const reimbursements = await this.listReimbursements(userId, params);
[7m   [0m [91m          ~~~~~~~~~~~~~~[0m
[96msrc/modules/finance/services/finance.service.ts[0m:[93m895[0m:[93m11[0m - [91merror[0m[90m TS2304: 
[0mCannot find name 'reimbursements'.

[7m895[0m     const reimbursements = await this.listReimbursements(userId, params);
[7m   [0m [91m          ~~~~~~~~~~~~~~[0m
[96msrc/modules/finance/services/finance.service.ts[0m:[93m895[0m:[93m34[0m - [91merror[0m[90m TS2532: 
[0mObject is possibly 'undefined'.

[7m895[0m     const reimbursements = await this.listReimbursements(userId, params);
[7m   [0m [91m                                 ~~~~[0m
[96msrc/modules/finance/services/finance.service.ts[0m:[93m895[0m:[93m58[0m - [91merror[0m[90m TS2304: 
[0mCannot find name 'userId'.

[7m895[0m     const reimbursements = await this.listReimbursements(userId, params);
[7m   [0m [91m                                                         ~~~~~~[0m
[96msrc/modules/finance/services/finance.service.ts[0m:[93m895[0m:[93m66[0m - [91merror[0m[90m TS2304: 
[0mCannot find name 'params'.

[7m895[0m     const reimbursements = await this.listReimbursements(userId, params);
[7m   [0m [91m                                                                 ~~~~~~[0m
[96msrc/modules/finance/services/finance.service.ts[0m:[93m895[0m:[93m73[0m - [91merror[0m[90m TS1005: 
[0m',' expected.

[7m895[0m     const reimbursements = await this.listReimbursements(userId, params);
[7m   [0m [91m                                                                        ~[0m
[96msrc/modules/finance/services/finance.service.ts[0m:[93m897[0m:[93m11[0m - [91merror[0m[90m TS1005: 
[0m':' expected.

[7m897[0m     const statusMap: Record<number, string> = {
[7m   [0m [91m          ~~~~~~~~~[0m
[96msrc/modules/finance/services/finance.service.ts[0m:[93m897[0m:[93m11[0m - [91merror[0m[90m TS2304: 
[0mCannot find name 'statusMap'.

[7m897[0m     const statusMap: Record<number, string> = {
[7m   [0m [91m          ~~~~~~~~~[0m
[96msrc/modules/finance/services/finance.service.ts[0m:[93m897[0m:[93m20[0m - [91merror[0m[90m TS1005: 
[0m',' expected.

[7m897[0m     const statusMap: Record<number, string> = {
[7m   [0m [91m                   ~[0m
[96msrc/modules/finance/services/finance.service.ts[0m:[93m897[0m:[93m29[0m - [91merror[0m[90m TS2368: 
[0mType parameter name cannot be 'number'.

[7m897[0m     const statusMap: Record<number, string> = {
[7m   [0m [91m                            ~~~~~~[0m
[96msrc/modules/finance/services/finance.service.ts[0m:[93m897[0m:[93m37[0m - [91merror[0m[90m TS2368: 
[0mType parameter name cannot be 'string'.

[7m897[0m     const statusMap: Record<number, string> = {
[7m   [0m [91m                                    ~~~~~~[0m
[96msrc/modules/finance/services/finance.service.ts[0m:[93m897[0m:[93m45[0m - [91merror[0m[90m TS1005: 
[0m'(' expected.

[7m897[0m     const statusMap: Record<number, string> = {
[7m   [0m [91m                                            ~[0m
[96msrc/modules/finance/services/finance.service.ts[0m:[93m897[0m:[93m47[0m - [91merror[0m[90m TS1136: 
[0mProperty assignment expected.

[7m897[0m     const statusMap: Record<number, string> = {
[7m   [0m [91m                                              ~[0m
[96msrc/modules/finance/services/finance.service.ts[0m:[93m898[0m:[93m8[0m - [91merror[0m[90m TS1005: [
0m';' expected.

[7m898[0m       1: '瀹℃壒涓?,
[7m   [0m [91m       ~[0m
[96msrc/modules/finance/services/finance.service.ts[0m:[93m898[0m:[93m10[0m - [91merror[0m[90m TS2695: 
[0mLeft side of comma operator is unused and has no side effects.

[7m898[0m       1: '瀹℃壒涓?,
[7m   [0m [91m         ~~~~~[0m
[96msrc/modules/finance/services/finance.service.ts[0m:[93m899[0m:[93m8[0m - [91merror[0m[90m TS1005: [
0m';' expected.

[7m899[0m       2: '寰呮墦娆?,
[7m   [0m [91m       ~[0m
[96msrc/modules/finance/services/finance.service.ts[0m:[93m899[0m:[93m10[0m - [91merror[0m[90m TS2695: 
[0mLeft side of comma operator is unused and has no side effects.

[7m899[0m       2: '寰呮墦娆?,
[7m   [0m [91m         ~~~~~[0m
[96msrc/modules/finance/services/finance.service.ts[0m:[93m900[0m:[93m8[0m - [91merror[0m[90m TS1005: [
0m';' expected.

[7m900[0m       3: '宸叉墦娆?,
[7m   [0m [91m       ~[0m
[96msrc/modules/finance/services/finance.service.ts[0m:[93m900[0m:[93m10[0m - [91merror[0m[90m TS2695: 
[0mLeft side of comma operator is unused and has no side effects.

[7m900[0m       3: '宸叉墦娆?,
[7m   [0m [91m         ~~~~~[0m
[96msrc/modules/finance/services/finance.service.ts[0m:[93m901[0m:[93m8[0m - [91merror[0m[90m TS1005: [
0m';' expected.

[7m901[0m       4: '宸查┏鍥?,
[7m   [0m [91m       ~[0m
[96msrc/modules/finance/services/finance.service.ts[0m:[93m901[0m:[93m10[0m - [91merror[0m[90m TS2695: 
[0mLeft side of comma operator is unused and has no side effects.

[7m901[0m       4: '宸查┏鍥?,
[7m   [0m [91m         ~~~~~[0m
[96msrc/modules/finance/services/finance.service.ts[0m:[93m902[0m:[93m8[0m - [91merror[0m[90m TS1005: [
0m';' expected.

[7m902[0m       5: '宸叉挙鍥?,
[7m   [0m [91m       ~[0m
[96msrc/modules/finance/services/finance.service.ts[0m:[93m902[0m:[93m10[0m - [91merror[0m[90m TS2695: 
[0mLeft side of comma operator is unused and has no side effects.

[7m902[0m       5: '宸叉挙鍥?,
[7m   [0m [91m         ~~~~~[0m
[96msrc/modules/finance/services/finance.service.ts[0m:[93m903[0m:[93m5[0m - [91merror[0m[90m TS1109: [
0mExpression expected.

[7m903[0m     };
[7m   [0m [91m    ~[0m
[96msrc/modules/finance/services/finance.service.ts[0m:[93m905[0m:[93m11[0m - [91merror[0m[90m TS2451: 
[0mCannot redeclare block-scoped variable 'exportData'.

[7m905[0m     const exportData = (reimbursements as any[]).map((item: any) => ({
[7m   [0m [91m          ~~~~~~~~~~[0m
[96msrc/modules/finance/services/finance.service.ts[0m:[93m905[0m:[93m25[0m - [91merror[0m[90m TS2304: 
[0mCannot find name 'reimbursements'.

[7m905[0m     const exportData = (reimbursements as any[]).map((item: any) => ({
[7m   [0m [91m                        ~~~~~~~~~~~~~~[0m
[96msrc/modules/finance/services/finance.service.ts[0m:[93m911[0m:[93m11[0m - [91merror[0m[90m TS2304: 
[0mCannot find name 'statusMap'.

[7m911[0m       鐘舵€? statusMap[item.status] || '鏈煡',
[7m   [0m [91m          ~~~~~~~~~[0m
[96msrc/modules/finance/services/finance.service.ts[0m:[93m918[0m:[93m11[0m - [91merror[0m[90m TS2451: 
[0mCannot redeclare block-scoped variable 'worksheet'.

[7m918[0m     const worksheet = XLSX.utils.json_to_sheet(exportData);
[7m   [0m [91m          ~~~~~~~~~[0m
[96msrc/modules/finance/services/finance.service.ts[0m:[93m918[0m:[93m23[0m - [91merror[0m[90m TS2304: 
[0mCannot find name 'XLSX'.

[7m918[0m     const worksheet = XLSX.utils.json_to_sheet(exportData);
[7m   [0m [91m                      ~~~~[0m
[96msrc/modules/finance/services/finance.service.ts[0m:[93m919[0m:[93m11[0m - [91merror[0m[90m TS2451: 
[0mCannot redeclare block-scoped variable 'workbook'.

[7m919[0m     const workbook = XLSX.utils.book_new();
[7m   [0m [91m          ~~~~~~~~[0m
[96msrc/modules/finance/services/finance.service.ts[0m:[93m919[0m:[93m22[0m - [91merror[0m[90m TS2304: 
[0mCannot find name 'XLSX'.

[7m919[0m     const workbook = XLSX.utils.book_new();
[7m   [0m [91m                     ~~~~[0m
[96msrc/modules/finance/services/finance.service.ts[0m:[93m920[0m:[93m5[0m - [91merror[0m[90m TS2304: [
0mCannot find name 'XLSX'.

[7m920[0m     XLSX.utils.book_append_sheet(workbook, worksheet, '鎶ラ攢璁板綍');
[7m   [0m [91m    ~~~~[0m
[96msrc/modules/finance/services/finance.service.ts[0m:[93m922[0m:[93m3[0m - [91merror[0m[90m TS1128: [
0mDeclaration or statement expected.

[7m922[0m   }
[7m   [0m [91m  ~[0m
[96msrc/modules/finance/services/finance.service.ts[0m:[93m927[0m:[93m3[0m - [91merror[0m[90m TS1434: [
0mUnexpected keyword or identifier.

[7m927[0m   async exportPurchases(userId: string, params: any): Promise<Buffer> {
[7m   [0m [91m  ~~~~~[0m
[96msrc/modules/finance/services/finance.service.ts[0m:[93m927[0m:[93m3[0m - [91merror[0m[90m TS2304: [
0mCannot find name 'async'.

[7m927[0m   async exportPurchases(userId: string, params: any): Promise<Buffer> {
[7m   [0m [91m  ~~~~~[0m
[96msrc/modules/finance/services/finance.service.ts[0m:[93m927[0m:[93m9[0m - [91merror[0m[90m TS2304: [
0mCannot find name 'exportPurchases'.

[7m927[0m   async exportPurchases(userId: string, params: any): Promise<Buffer> {
[7m   [0m [91m        ~~~~~~~~~~~~~~~[0m
[96msrc/modules/finance/services/finance.service.ts[0m:[93m927[0m:[93m25[0m - [91merror[0m[90m TS2304: 
[0mCannot find name 'userId'.

[7m927[0m   async exportPurchases(userId: string, params: any): Promise<Buffer> {
[7m   [0m [91m                        ~~~~~~[0m
[96msrc/modules/finance/services/finance.service.ts[0m:[93m927[0m:[93m31[0m - [91merror[0m[90m TS1005: 
[0m',' expected.

[7m927[0m   async exportPurchases(userId: string, params: any): Promise<Buffer> {
[7m   [0m [91m                              ~[0m
[96msrc/modules/finance/services/finance.service.ts[0m:[93m927[0m:[93m33[0m - [91merror[0m[90m TS2693: 
[0m'string' only refers to a type, but is being used as a value here.

[7m927[0m   async exportPurchases(userId: string, params: any): Promise<Buffer> {
[7m   [0m [91m                                ~~~~~~[0m
[96msrc/modules/finance/services/finance.service.ts[0m:[93m927[0m:[93m41[0m - [91merror[0m[90m TS2304: 
[0mCannot find name 'params'.

[7m927[0m   async exportPurchases(userId: string, params: any): Promise<Buffer> {
[7m   [0m [91m                                        ~~~~~~[0m
[96msrc/modules/finance/services/finance.service.ts[0m:[93m927[0m:[93m47[0m - [91merror[0m[90m TS1005: 
[0m',' expected.

[7m927[0m   async exportPurchases(userId: string, params: any): Promise<Buffer> {
[7m   [0m [91m                                              ~[0m
[96msrc/modules/finance/services/finance.service.ts[0m:[93m927[0m:[93m49[0m - [91merror[0m[90m TS2693: 
[0m'any' only refers to a type, but is being used as a value here.

[7m927[0m   async exportPurchases(userId: string, params: any): Promise<Buffer> {
[7m   [0m [91m                                                ~~~[0m
[96msrc/modules/finance/services/finance.service.ts[0m:[93m927[0m:[93m53[0m - [91merror[0m[90m TS1005: 
[0m';' expected.

[7m927[0m   async exportPurchases(userId: string, params: any): Promise<Buffer> {
[7m   [0m [91m                                                    ~[0m
[96msrc/modules/finance/services/finance.service.ts[0m:[93m927[0m:[93m55[0m - [91merror[0m[90m TS2365: 
[0mOperator '<' cannot be applied to types 'PromiseConstructor' and 'BufferConstructor'.

[7m927[0m   async exportPurchases(userId: string, params: any): Promise<Buffer> {
[7m   [0m [91m                                                      ~~~~~~~~~~~~~~[0m
[96msrc/modules/finance/services/finance.service.ts[0m:[93m927[0m:[93m55[0m - [91merror[0m[90m TS2365: 
[0mOperator '>' cannot be applied to types 'boolean' and '{ const: any; Record<number, string>(): any; }'.

[7m927[0m   async exportPurchases(userId: string, params: any): Promise<Buffer> {
[7m   [0m [91m                                                      ~~~~~~~~~~~~~~~~~[0m
[7m928[0m     const XLSX = require('xlsx');
[7m   [0m [91m~~~~~~~~~~~~~~~~~~~~~~~~~~~~~~~~~[0m
[7m...[0m 
[7m930[0m 
[7m   [0m [91m[0m
[7m931[0m     const statusMap: Record<number, string> = {
[7m   [0m [91m~~~~~~~~~~~~~~~~~~~~~~~~~~~~~~~~~~~~~~~~~~~~~[0m
[96msrc/modules/finance/services/finance.service.ts[0m:[93m928[0m:[93m11[0m - [91merror[0m[90m TS1005: 
[0m':' expected.

[7m928[0m     const XLSX = require('xlsx');
[7m   [0m [91m          ~~~~[0m
[96msrc/modules/finance/services/finance.service.ts[0m:[93m928[0m:[93m11[0m - [91merror[0m[90m TS2304: 
[0mCannot find name 'XLSX'.

[7m928[0m     const XLSX = require('xlsx');
[7m   [0m [91m          ~~~~[0m
[96msrc/modules/finance/services/finance.service.ts[0m:[93m928[0m:[93m33[0m - [91merror[0m[90m TS1005: 
[0m',' expected.

[7m928[0m     const XLSX = require('xlsx');
[7m   [0m [91m                                ~[0m
[96msrc/modules/finance/services/finance.service.ts[0m:[93m929[0m:[93m11[0m - [91merror[0m[90m TS1005: 
[0m':' expected.

[7m929[0m     const purchases = await this.listPurchases(userId, params);
[7m   [0m [91m          ~~~~~~~~~[0m
[96msrc/modules/finance/services/finance.service.ts[0m:[93m929[0m:[93m11[0m - [91merror[0m[90m TS2304: 
[0mCannot find name 'purchases'.

[7m929[0m     const purchases = await this.listPurchases(userId, params);
[7m   [0m [91m          ~~~~~~~~~[0m
[96msrc/modules/finance/services/finance.service.ts[0m:[93m929[0m:[93m29[0m - [91merror[0m[90m TS2532: 
[0mObject is possibly 'undefined'.

[7m929[0m     const purchases = await this.listPurchases(userId, params);
[7m   [0m [91m                            ~~~~[0m
[96msrc/modules/finance/services/finance.service.ts[0m:[93m929[0m:[93m48[0m - [91merror[0m[90m TS2304: 
[0mCannot find name 'userId'.

[7m929[0m     const purchases = await this.listPurchases(userId, params);
[7m   [0m [91m                                               ~~~~~~[0m
[96msrc/modules/finance/services/finance.service.ts[0m:[93m929[0m:[93m56[0m - [91merror[0m[90m TS2304: 
[0mCannot find name 'params'.

[7m929[0m     const purchases = await this.listPurchases(userId, params);
[7m   [0m [91m                                                       ~~~~~~[0m
[96msrc/modules/finance/services/finance.service.ts[0m:[93m929[0m:[93m63[0m - [91merror[0m[90m TS1005: 
[0m',' expected.

[7m929[0m     const purchases = await this.listPurchases(userId, params);
[7m   [0m [91m                                                              ~[0m
[96msrc/modules/finance/services/finance.service.ts[0m:[93m931[0m:[93m11[0m - [91merror[0m[90m TS1005: 
[0m':' expected.

[7m931[0m     const statusMap: Record<number, string> = {
[7m   [0m [91m          ~~~~~~~~~[0m
[96msrc/modules/finance/services/finance.service.ts[0m:[93m931[0m:[93m11[0m - [91merror[0m[90m TS2304: 
[0mCannot find name 'statusMap'.

[7m931[0m     const statusMap: Record<number, string> = {
[7m   [0m [91m          ~~~~~~~~~[0m
[96msrc/modules/finance/services/finance.service.ts[0m:[93m931[0m:[93m20[0m - [91merror[0m[90m TS1005: 
[0m',' expected.

[7m931[0m     const statusMap: Record<number, string> = {
[7m   [0m [91m                   ~[0m
[96msrc/modules/finance/services/finance.service.ts[0m:[93m931[0m:[93m29[0m - [91merror[0m[90m TS2368: 
[0mType parameter name cannot be 'number'.

[7m931[0m     const statusMap: Record<number, string> = {
[7m   [0m [91m                            ~~~~~~[0m
[96msrc/modules/finance/services/finance.service.ts[0m:[93m931[0m:[93m37[0m - [91merror[0m[90m TS2368: 
[0mType parameter name cannot be 'string'.

[7m931[0m     const statusMap: Record<number, string> = {
[7m   [0m [91m                                    ~~~~~~[0m
[96msrc/modules/finance/services/finance.service.ts[0m:[93m931[0m:[93m45[0m - [91merror[0m[90m TS1005: 
[0m'(' expected.

[7m931[0m     const statusMap: Record<number, string> = {
[7m   [0m [91m                                            ~[0m
[96msrc/modules/finance/services/finance.service.ts[0m:[93m931[0m:[93m47[0m - [91merror[0m[90m TS1136: 
[0mProperty assignment expected.

[7m931[0m     const statusMap: Record<number, string> = {
[7m   [0m [91m                                              ~[0m
[96msrc/modules/finance/services/finance.service.ts[0m:[93m932[0m:[93m8[0m - [91merror[0m[90m TS1005: [
0m';' expected.

[7m932[0m       1: '瀹℃壒涓?,
[7m   [0m [91m       ~[0m
[96msrc/modules/finance/services/finance.service.ts[0m:[93m932[0m:[93m10[0m - [91merror[0m[90m TS2695: 
[0mLeft side of comma operator is unused and has no side effects.

[7m932[0m       1: '瀹℃壒涓?,
[7m   [0m [91m         ~~~~~[0m
[96msrc/modules/finance/services/finance.service.ts[0m:[93m933[0m:[93m8[0m - [91merror[0m[90m TS1005: [
0m';' expected.

[7m933[0m       2: '寰呴噰璐?,
[7m   [0m [91m       ~[0m
[96msrc/modules/finance/services/finance.service.ts[0m:[93m933[0m:[93m10[0m - [91merror[0m[90m TS2695: 
[0mLeft side of comma operator is unused and has no side effects.

[7m933[0m       2: '寰呴噰璐?,
[7m   [0m [91m         ~~~~~[0m
[96msrc/modules/finance/services/finance.service.ts[0m:[93m934[0m:[93m8[0m - [91merror[0m[90m TS1005: [
0m';' expected.

[7m934[0m       3: '宸插畬鎴?,
[7m   [0m [91m       ~[0m
[96msrc/modules/finance/services/finance.service.ts[0m:[93m934[0m:[93m10[0m - [91merror[0m[90m TS2695: 
[0mLeft side of comma operator is unused and has no side effects.

[7m934[0m       3: '宸插畬鎴?,
[7m   [0m [91m         ~~~~~[0m
[96msrc/modules/finance/services/finance.service.ts[0m:[93m935[0m:[93m8[0m - [91merror[0m[90m TS1005: [
0m';' expected.

[7m935[0m       4: '宸查┏鍥?,
[7m   [0m [91m       ~[0m
[96msrc/modules/finance/services/finance.service.ts[0m:[93m935[0m:[93m10[0m - [91merror[0m[90m TS2695: 
[0mLeft side of comma operator is unused and has no side effects.

[7m935[0m       4: '宸查┏鍥?,
[7m   [0m [91m         ~~~~~[0m
[96msrc/modules/finance/services/finance.service.ts[0m:[93m936[0m:[93m8[0m - [91merror[0m[90m TS1005: [
0m';' expected.

[7m936[0m       5: '宸插彇娑?,
[7m   [0m [91m       ~[0m
[96msrc/modules/finance/services/finance.service.ts[0m:[93m936[0m:[93m10[0m - [91merror[0m[90m TS2695: 
[0mLeft side of comma operator is unused and has no side effects.

[7m936[0m       5: '宸插彇娑?,
[7m   [0m [91m         ~~~~~[0m
[96msrc/modules/finance/services/finance.service.ts[0m:[93m937[0m:[93m5[0m - [91merror[0m[90m TS1109: [
0mExpression expected.

[7m937[0m     };
[7m   [0m [91m    ~[0m
[96msrc/modules/finance/services/finance.service.ts[0m:[93m939[0m:[93m11[0m - [91merror[0m[90m TS2451: 
[0mCannot redeclare block-scoped variable 'exportData'.

[7m939[0m     const exportData = (purchases as any[]).map((item: any) => ({
[7m   [0m [91m          ~~~~~~~~~~[0m
[96msrc/modules/finance/services/finance.service.ts[0m:[93m939[0m:[93m25[0m - [91merror[0m[90m TS2304: 
[0mCannot find name 'purchases'.

[7m939[0m     const exportData = (purchases as any[]).map((item: any) => ({
[7m   [0m [91m                        ~~~~~~~~~[0m
[96msrc/modules/finance/services/finance.service.ts[0m:[93m946[0m:[93m11[0m - [91merror[0m[90m TS2304: 
[0mCannot find name 'statusMap'.

[7m946[0m       鐘舵€? statusMap[item.status] || '鏈煡',
[7m   [0m [91m          ~~~~~~~~~[0m
[96msrc/modules/finance/services/finance.service.ts[0m:[93m952[0m:[93m11[0m - [91merror[0m[90m TS2451: 
[0mCannot redeclare block-scoped variable 'worksheet'.

[7m952[0m     const worksheet = XLSX.utils.json_to_sheet(exportData);
[7m   [0m [91m          ~~~~~~~~~[0m
[96msrc/modules/finance/services/finance.service.ts[0m:[93m952[0m:[93m23[0m - [91merror[0m[90m TS2304: 
[0mCannot find name 'XLSX'.

[7m952[0m     const worksheet = XLSX.utils.json_to_sheet(exportData);
[7m   [0m [91m                      ~~~~[0m
[96msrc/modules/finance/services/finance.service.ts[0m:[93m953[0m:[93m11[0m - [91merror[0m[90m TS2451: 
[0mCannot redeclare block-scoped variable 'workbook'.

[7m953[0m     const workbook = XLSX.utils.book_new();
[7m   [0m [91m          ~~~~~~~~[0m
[96msrc/modules/finance/services/finance.service.ts[0m:[93m953[0m:[93m22[0m - [91merror[0m[90m TS2304: 
[0mCannot find name 'XLSX'.

[7m953[0m     const workbook = XLSX.utils.book_new();
[7m   [0m [91m                     ~~~~[0m
[96msrc/modules/finance/services/finance.service.ts[0m:[93m954[0m:[93m5[0m - [91merror[0m[90m TS2304: [
0mCannot find name 'XLSX'.

[7m954[0m     XLSX.utils.book_append_sheet(workbook, worksheet, '閲囪喘璁板綍');
[7m   [0m [91m    ~~~~[0m
[96msrc/modules/finance/services/finance.service.ts[0m:[93m956[0m:[93m3[0m - [91merror[0m[90m TS1128: [
0mDeclaration or statement expected.

[7m956[0m   }
[7m   [0m [91m  ~[0m
[96msrc/modules/finance/services/finance.service.ts[0m:[93m961[0m:[93m3[0m - [91merror[0m[90m TS1434: [
0mUnexpected keyword or identifier.

[7m961[0m   async exportCashRecords(userId: string, params: any): Promise<Buffer> {
[7m   [0m [91m  ~~~~~[0m
[96msrc/modules/finance/services/finance.service.ts[0m:[93m961[0m:[93m3[0m - [91merror[0m[90m TS2304: [
0mCannot find name 'async'.

[7m961[0m   async exportCashRecords(userId: string, params: any): Promise<Buffer> {
[7m   [0m [91m  ~~~~~[0m
[96msrc/modules/finance/services/finance.service.ts[0m:[93m961[0m:[93m9[0m - [91merror[0m[90m TS2304: [
0mCannot find name 'exportCashRecords'.

[7m961[0m   async exportCashRecords(userId: string, params: any): Promise<Buffer> {
[7m   [0m [91m        ~~~~~~~~~~~~~~~~~[0m
[96msrc/modules/finance/services/finance.service.ts[0m:[93m961[0m:[93m27[0m - [91merror[0m[90m TS2304: 
[0mCannot find name 'userId'.

[7m961[0m   async exportCashRecords(userId: string, params: any): Promise<Buffer> {
[7m   [0m [91m                          ~~~~~~[0m
[96msrc/modules/finance/services/finance.service.ts[0m:[93m961[0m:[93m33[0m - [91merror[0m[90m TS1005: 
[0m',' expected.

[7m961[0m   async exportCashRecords(userId: string, params: any): Promise<Buffer> {
[7m   [0m [91m                                ~[0m
[96msrc/modules/finance/services/finance.service.ts[0m:[93m961[0m:[93m35[0m - [91merror[0m[90m TS2693: 
[0m'string' only refers to a type, but is being used as a value here.

[7m961[0m   async exportCashRecords(userId: string, params: any): Promise<Buffer> {
[7m   [0m [91m                                  ~~~~~~[0m
[96msrc/modules/finance/services/finance.service.ts[0m:[93m961[0m:[93m43[0m - [91merror[0m[90m TS2304: 
[0mCannot find name 'params'.

[7m961[0m   async exportCashRecords(userId: string, params: any): Promise<Buffer> {
[7m   [0m [91m                                          ~~~~~~[0m
[96msrc/modules/finance/services/finance.service.ts[0m:[93m961[0m:[93m49[0m - [91merror[0m[90m TS1005: 
[0m',' expected.

[7m961[0m   async exportCashRecords(userId: string, params: any): Promise<Buffer> {
[7m   [0m [91m                                                ~[0m
[96msrc/modules/finance/services/finance.service.ts[0m:[93m961[0m:[93m51[0m - [91merror[0m[90m TS2693: 
[0m'any' only refers to a type, but is being used as a value here.

[7m961[0m   async exportCashRecords(userId: string, params: any): Promise<Buffer> {
[7m   [0m [91m                                                  ~~~[0m
[96msrc/modules/finance/services/finance.service.ts[0m:[93m961[0m:[93m55[0m - [91merror[0m[90m TS1005: 
[0m';' expected.

[7m961[0m   async exportCashRecords(userId: string, params: any): Promise<Buffer> {
[7m   [0m [91m                                                      ~[0m
[96msrc/modules/finance/services/finance.service.ts[0m:[93m961[0m:[93m57[0m - [91merror[0m[90m TS2365: 
[0mOperator '<' cannot be applied to types 'PromiseConstructor' and 'BufferConstructor'.

[7m961[0m   async exportCashRecords(userId: string, params: any): Promise<Buffer> {
[7m   [0m [91m                                                        ~~~~~~~~~~~~~~[0m
[96msrc/modules/finance/services/finance.service.ts[0m:[93m961[0m:[93m57[0m - [91merror[0m[90m TS2365: 
[0mOperator '>' cannot be applied to types 'boolean' and '{ const: any; Record<number, string>(): any; }'.

[7m961[0m   async exportCashRecords(userId: string, params: any): Promise<Buffer> {
[7m   [0m [91m                                                        ~~~~~~~~~~~~~~~~~[0m
[7m962[0m     const XLSX = require('xlsx');
[7m   [0m [91m~~~~~~~~~~~~~~~~~~~~~~~~~~~~~~~~~[0m
[7m...[0m 
[7m964[0m 
[7m   [0m [91m[0m
[7m965[0m     const typeMap: Record<number, string> = {
[7m   [0m [91m~~~~~~~~~~~~~~~~~~~~~~~~~~~~~~~~~~~~~~~~~~~[0m
[96msrc/modules/finance/services/finance.service.ts[0m:[93m962[0m:[93m11[0m - [91merror[0m[90m TS1005: 
[0m':' expected.

[7m962[0m     const XLSX = require('xlsx');
[7m   [0m [91m          ~~~~[0m
[96msrc/modules/finance/services/finance.service.ts[0m:[93m962[0m:[93m11[0m - [91merror[0m[90m TS2304: 
[0mCannot find name 'XLSX'.

[7m962[0m     const XLSX = require('xlsx');
[7m   [0m [91m          ~~~~[0m
[96msrc/modules/finance/services/finance.service.ts[0m:[93m962[0m:[93m33[0m - [91merror[0m[90m TS1005: 
[0m',' expected.

[7m962[0m     const XLSX = require('xlsx');
[7m   [0m [91m                                ~[0m
[96msrc/modules/finance/services/finance.service.ts[0m:[93m963[0m:[93m11[0m - [91merror[0m[90m TS1005: 
[0m':' expected.

[7m963[0m     const records = await this.listCashRecords(userId, params);
[7m   [0m [91m          ~~~~~~~[0m
[96msrc/modules/finance/services/finance.service.ts[0m:[93m963[0m:[93m11[0m - [91merror[0m[90m TS2304: 
[0mCannot find name 'records'.

[7m963[0m     const records = await this.listCashRecords(userId, params);
[7m   [0m [91m          ~~~~~~~[0m
[96msrc/modules/finance/services/finance.service.ts[0m:[93m963[0m:[93m27[0m - [91merror[0m[90m TS2532: 
[0mObject is possibly 'undefined'.

[7m963[0m     const records = await this.listCashRecords(userId, params);
[7m   [0m [91m                          ~~~~[0m
[96msrc/modules/finance/services/finance.service.ts[0m:[93m963[0m:[93m48[0m - [91merror[0m[90m TS2304: 
[0mCannot find name 'userId'.

[7m963[0m     const records = await this.listCashRecords(userId, params);
[7m   [0m [91m                                               ~~~~~~[0m
[96msrc/modules/finance/services/finance.service.ts[0m:[93m963[0m:[93m56[0m - [91merror[0m[90m TS2304: 
[0mCannot find name 'params'.

[7m963[0m     const records = await this.listCashRecords(userId, params);
[7m   [0m [91m                                                       ~~~~~~[0m
[96msrc/modules/finance/services/finance.service.ts[0m:[93m963[0m:[93m63[0m - [91merror[0m[90m TS1005: 
[0m',' expected.

[7m963[0m     const records = await this.listCashRecords(userId, params);
[7m   [0m [91m                                                              ~[0m
[96msrc/modules/finance/services/finance.service.ts[0m:[93m965[0m:[93m11[0m - [91merror[0m[90m TS1005: 
[0m':' expected.

[7m965[0m     const typeMap: Record<number, string> = {
[7m   [0m [91m          ~~~~~~~[0m
[96msrc/modules/finance/services/finance.service.ts[0m:[93m965[0m:[93m11[0m - [91merror[0m[90m TS2304: 
[0mCannot find name 'typeMap'.

[7m965[0m     const typeMap: Record<number, string> = {
[7m   [0m [91m          ~~~~~~~[0m
[96msrc/modules/finance/services/finance.service.ts[0m:[93m965[0m:[93m18[0m - [91merror[0m[90m TS1005: 
[0m',' expected.

[7m965[0m     const typeMap: Record<number, string> = {
[7m   [0m [91m                 ~[0m
[96msrc/modules/finance/services/finance.service.ts[0m:[93m965[0m:[93m27[0m - [91merror[0m[90m TS2368: 
[0mType parameter name cannot be 'number'.

[7m965[0m     const typeMap: Record<number, string> = {
[7m   [0m [91m                          ~~~~~~[0m
[96msrc/modules/finance/services/finance.service.ts[0m:[93m965[0m:[93m35[0m - [91merror[0m[90m TS2368: 
[0mType parameter name cannot be 'string'.

[7m965[0m     const typeMap: Record<number, string> = {
[7m   [0m [91m                                  ~~~~~~[0m
[96msrc/modules/finance/services/finance.service.ts[0m:[93m965[0m:[93m43[0m - [91merror[0m[90m TS1005: 
[0m'(' expected.

[7m965[0m     const typeMap: Record<number, string> = {
[7m   [0m [91m                                          ~[0m
[96msrc/modules/finance/services/finance.service.ts[0m:[93m965[0m:[93m45[0m - [91merror[0m[90m TS1136: 
[0mProperty assignment expected.

[7m965[0m     const typeMap: Record<number, string> = {
[7m   [0m [91m                                            ~[0m
[96msrc/modules/finance/services/finance.service.ts[0m:[93m966[0m:[93m8[0m - [91merror[0m[90m TS1005: [
0m';' expected.

[7m966[0m       1: '鏀跺叆',
[7m   [0m [91m       ~[0m
[96msrc/modules/finance/services/finance.service.ts[0m:[93m966[0m:[93m10[0m - [91merror[0m[90m TS2695: 
[0mLeft side of comma operator is unused and has no side effects.

[7m966[0m       1: '鏀跺叆',
[7m   [0m [91m         ~~~~[0m
[96msrc/modules/finance/services/finance.service.ts[0m:[93m967[0m:[93m8[0m - [91merror[0m[90m TS1005: [
0m';' expected.

[7m967[0m       2: '鏀嚭',
[7m   [0m [91m       ~[0m
[96msrc/modules/finance/services/finance.service.ts[0m:[93m967[0m:[93m10[0m - [91merror[0m[90m TS2695: 
[0mLeft side of comma operator is unused and has no side effects.

[7m967[0m       2: '鏀嚭',
[7m   [0m [91m         ~~~~[0m
[96msrc/modules/finance/services/finance.service.ts[0m:[93m968[0m:[93m5[0m - [91merror[0m[90m TS1109: [
0mExpression expected.

[7m968[0m     };
[7m   [0m [91m    ~[0m
[96msrc/modules/finance/services/finance.service.ts[0m:[93m970[0m:[93m11[0m - [91merror[0m[90m TS2451: 
[0mCannot redeclare block-scoped variable 'exportData'.

[7m970[0m     const exportData = (records as any[]).map((item: any) => ({
[7m   [0m [91m          ~~~~~~~~~~[0m
[96msrc/modules/finance/services/finance.service.ts[0m:[93m970[0m:[93m25[0m - [91merror[0m[90m TS2304: 
[0mCannot find name 'records'.

[7m970[0m     const exportData = (records as any[]).map((item: any) => ({
[7m   [0m [91m                        ~~~~~~~[0m
[96msrc/modules/finance/services/finance.service.ts[0m:[93m971[0m:[93m11[0m - [91merror[0m[90m TS2304: 
[0mCannot find name 'typeMap'.

[7m971[0m       绫诲瀷: typeMap[item.type] || '鏈煡',
[7m   [0m [91m          ~~~~~~~[0m
[96msrc/modules/finance/services/finance.service.ts[0m:[93m981[0m:[93m11[0m - [91merror[0m[90m TS2451: 
[0mCannot redeclare block-scoped variable 'worksheet'.

[7m981[0m     const worksheet = XLSX.utils.json_to_sheet(exportData);
[7m   [0m [91m          ~~~~~~~~~[0m
[96msrc/modules/finance/services/finance.service.ts[0m:[93m981[0m:[93m23[0m - [91merror[0m[90m TS2304: 
[0mCannot find name 'XLSX'.

[7m981[0m     const worksheet = XLSX.utils.json_to_sheet(exportData);
[7m   [0m [91m                      ~~~~[0m
[96msrc/modules/finance/services/finance.service.ts[0m:[93m982[0m:[93m11[0m - [91merror[0m[90m TS2451: 
[0mCannot redeclare block-scoped variable 'workbook'.

[7m982[0m     const workbook = XLSX.utils.book_new();
[7m   [0m [91m          ~~~~~~~~[0m
[96msrc/modules/finance/services/finance.service.ts[0m:[93m982[0m:[93m22[0m - [91merror[0m[90m TS2304: 
[0mCannot find name 'XLSX'.

[7m982[0m     const workbook = XLSX.utils.book_new();
[7m   [0m [91m                     ~~~~[0m
[96msrc/modules/finance/services/finance.service.ts[0m:[93m983[0m:[93m5[0m - [91merror[0m[90m TS2304: [
0mCannot find name 'XLSX'.

[7m983[0m     XLSX.utils.book_append_sheet(workbook, worksheet, '鏀舵敮璁板綍');
[7m   [0m [91m    ~~~~[0m
[96msrc/modules/finance/services/finance.service.ts[0m:[93m985[0m:[93m3[0m - [91merror[0m[90m TS1128: [
0mDeclaration or statement expected.

[7m985[0m   }
[7m   [0m [91m  ~[0m
[96msrc/modules/finance/services/finance.service.ts[0m:[93m986[0m:[93m1[0m - [91merror[0m[90m TS1128: [
0mDeclaration or statement expected.

[7m986[0m }
[7m   [0m [91m~[0m
[96msrc/modules/knowledge/controllers/knowledge.controller.ts[0m:[93m44[0m:[93m14[0m - [91merror[0m[90m 
TS2345: [0mArgument of type '{ limit: number; window: number; }' is not assignable to parameter of type 'RateLim
itOptions'.
  Property 'type' is missing in type '{ limit: number; window: number; }' but required in type 'RateLimitOptions'
.

[7m44[0m   @RateLimit({ limit: 30, window: 60 })
[7m  [0m [91m             ~~~~~~~~~~~~~~~~~~~~~~~~~[0m

  [96msrc/common/decorators/rate-limiter.decorator.ts[0m:[93m17[0m:[93m3[0m
    [7m17[0m   type: RateLimitType; // 闄愭祦绫诲瀷
    [7m  [0m [96m  ~~~~[0m
    'type' is declared here.
[96msrc/modules/knowledge/controllers/knowledge.controller.ts[0m:[93m45[0m:[93m12[0m - [91merror[0m[90m 
TS2353: [0mObject literal may only specify known properties, and 'key' does not exist in type 'CacheOptions'.

[7m45[0m   @Cache({ key: "knowledge:documents", ttl: 300 })
[7m  [0m [91m           ~~~[0m
[96msrc/modules/knowledge/controllers/knowledge.controller.ts[0m:[93m55[0m:[93m14[0m - [91merror[0m[90m 
TS2345: [0mArgument of type '{ limit: number; window: number; }' is not assignable to parameter of type 'RateLim
itOptions'.
  Property 'type' is missing in type '{ limit: number; window: number; }' but required in type 'RateLimitOptions'
.

[7m55[0m   @RateLimit({ limit: 10, window: 60 })
[7m  [0m [91m             ~~~~~~~~~~~~~~~~~~~~~~~~~[0m

  [96msrc/common/decorators/rate-limiter.decorator.ts[0m:[93m17[0m:[93m3[0m
    [7m17[0m   type: RateLimitType; // 闄愭祦绫诲瀷
    [7m  [0m [96m  ~~~~[0m
    'type' is declared here.
[96msrc/modules/knowledge/controllers/knowledge.controller.ts[0m:[93m56[0m:[93m17[0m - [91merror[0m[90m 
TS2353: [0mObject literal may only specify known properties, and 'keys' does not exist in type 'CacheEvictOption
s'.

[7m56[0m   @CacheEvict({ keys: ["knowledge:documents:*"] })
[7m  [0m [91m                ~~~~[0m
[96msrc/modules/knowledge/controllers/knowledge.controller.ts[0m:[93m87[0m:[93m14[0m - [91merror[0m[90m 
TS2345: [0mArgument of type '{ limit: number; window: number; }' is not assignable to parameter of type 'RateLim
itOptions'.
  Property 'type' is missing in type '{ limit: number; window: number; }' but required in type 'RateLimitOptions'
.

[7m87[0m   @RateLimit({ limit: 20, window: 60 })
[7m  [0m [91m             ~~~~~~~~~~~~~~~~~~~~~~~~~[0m

  [96msrc/common/decorators/rate-limiter.decorator.ts[0m:[93m17[0m:[93m3[0m
    [7m17[0m   type: RateLimitType; // 闄愭祦绫诲瀷
    [7m  [0m [96m  ~~~~[0m
    'type' is declared here.
[96msrc/modules/knowledge/controllers/knowledge.controller.ts[0m:[93m88[0m:[93m17[0m - [91merror[0m[90m 
TS2353: [0mObject literal may only specify known properties, and 'keys' does not exist in type 'CacheEvictOption
s'.

[7m88[0m   @CacheEvict({ keys: ["knowledge:documents:*"] })
[7m  [0m [91m                ~~~~[0m
[96msrc/modules/knowledge/controllers/knowledge.controller.ts[0m:[93m100[0m:[93m14[0m - [91merror[0m[90m
 TS2345: [0mArgument of type '{ limit: number; window: number; }' is not assignable to parameter of type 'RateLi
mitOptions'.
  Property 'type' is missing in type '{ limit: number; window: number; }' but required in type 'RateLimitOptions'
.

[7m100[0m   @RateLimit({ limit: 10, window: 60 })
[7m   [0m [91m             ~~~~~~~~~~~~~~~~~~~~~~~~~[0m

  [96msrc/common/decorators/rate-limiter.decorator.ts[0m:[93m17[0m:[93m3[0m
    [7m17[0m   type: RateLimitType; // 闄愭祦绫诲瀷
    [7m  [0m [96m  ~~~~[0m
    'type' is declared here.
[96msrc/modules/knowledge/controllers/knowledge.controller.ts[0m:[93m101[0m:[93m17[0m - [91merror[0m[90m
 TS2353: [0mObject literal may only specify known properties, and 'keys' does not exist in type 'CacheEvictOptio
ns'.

[7m101[0m   @CacheEvict({ keys: ["knowledge:documents:*", "knowledge:vectors:*"] })
[7m   [0m [91m                ~~~~[0m
[96msrc/modules/knowledge/controllers/knowledge.controller.ts[0m:[93m111[0m:[93m14[0m - [91merror[0m[90m
 TS2345: [0mArgument of type '{ limit: number; window: number; }' is not assignable to parameter of type 'RateLi
mitOptions'.
  Property 'type' is missing in type '{ limit: number; window: number; }' but required in type 'RateLimitOptions'
.

[7m111[0m   @RateLimit({ limit: 50, window: 60 })
[7m   [0m [91m             ~~~~~~~~~~~~~~~~~~~~~~~~~[0m

  [96msrc/common/decorators/rate-limiter.decorator.ts[0m:[93m17[0m:[93m3[0m
    [7m17[0m   type: RateLimitType; // 闄愭祦绫诲瀷
    [7m  [0m [96m  ~~~~[0m
    'type' is declared here.
[96msrc/modules/knowledge/controllers/knowledge.controller.ts[0m:[93m112[0m:[93m12[0m - [91merror[0m[90m
 TS2353: [0mObject literal may only specify known properties, and 'key' does not exist in type 'CacheOptions'.

[7m112[0m   @Cache({ key: "knowledge:document:content", ttl: 600 })
[7m   [0m [91m           ~~~[0m
[96msrc/modules/knowledge/controllers/knowledge.controller.ts[0m:[93m123[0m:[93m14[0m - [91merror[0m[90m
 TS2345: [0mArgument of type '{ limit: number; window: number; }' is not assignable to parameter of type 'RateLi
mitOptions'.
  Property 'type' is missing in type '{ limit: number; window: number; }' but required in type 'RateLimitOptions'
.

[7m123[0m   @RateLimit({ limit: 5, window: 60 })
[7m   [0m [91m             ~~~~~~~~~~~~~~~~~~~~~~~~[0m

  [96msrc/common/decorators/rate-limiter.decorator.ts[0m:[93m17[0m:[93m3[0m
    [7m17[0m   type: RateLimitType; // 闄愭祦绫诲瀷
    [7m  [0m [96m  ~~~~[0m
    'type' is declared here.
[96msrc/modules/knowledge/controllers/knowledge.controller.ts[0m:[93m124[0m:[93m17[0m - [91merror[0m[90m
 TS2353: [0mObject literal may only specify known properties, and 'keys' does not exist in type 'CacheEvictOptio
ns'.

[7m124[0m   @CacheEvict({ keys: ["knowledge:documents:*", "knowledge:vectors:*"] })
[7m   [0m [91m                ~~~~[0m
[96msrc/modules/knowledge/controllers/knowledge.controller.ts[0m:[93m134[0m:[93m14[0m - [91merror[0m[90m
 TS2345: [0mArgument of type '{ limit: number; window: number; }' is not assignable to parameter of type 'RateLi
mitOptions'.
  Property 'type' is missing in type '{ limit: number; window: number; }' but required in type 'RateLimitOptions'
.

[7m134[0m   @RateLimit({ limit: 30, window: 60 })
[7m   [0m [91m             ~~~~~~~~~~~~~~~~~~~~~~~~~[0m

  [96msrc/common/decorators/rate-limiter.decorator.ts[0m:[93m17[0m:[93m3[0m
    [7m17[0m   type: RateLimitType; // 闄愭祦绫诲瀷
    [7m  [0m [96m  ~~~~[0m
    'type' is declared here.
[96msrc/modules/knowledge/controllers/knowledge.controller.ts[0m:[93m135[0m:[93m12[0m - [91merror[0m[90m
 TS2353: [0mObject literal may only specify known properties, and 'key' does not exist in type 'CacheOptions'.

[7m135[0m   @Cache({ key: "knowledge:vectors", ttl: 300 })
[7m   [0m [91m           ~~~[0m
[96msrc/modules/knowledge/controllers/knowledge.controller.ts[0m:[93m152[0m:[93m14[0m - [91merror[0m[90m
 TS2345: [0mArgument of type '{ limit: number; window: number; }' is not assignable to parameter of type 'RateLi
mitOptions'.
  Property 'type' is missing in type '{ limit: number; window: number; }' but required in type 'RateLimitOptions'
.

[7m152[0m   @RateLimit({ limit: 10, window: 60 })
[7m   [0m [91m             ~~~~~~~~~~~~~~~~~~~~~~~~~[0m

  [96msrc/common/decorators/rate-limiter.decorator.ts[0m:[93m17[0m:[93m3[0m
    [7m17[0m   type: RateLimitType; // 闄愭祦绫诲瀷
    [7m  [0m [96m  ~~~~[0m
    'type' is declared here.
[96msrc/modules/knowledge/controllers/knowledge.controller.ts[0m:[93m153[0m:[93m17[0m - [91merror[0m[90m
 TS2353: [0mObject literal may only specify known properties, and 'keys' does not exist in type 'CacheEvictOptio
ns'.

[7m153[0m   @CacheEvict({ keys: ["knowledge:vectors:*"] })
[7m   [0m [91m                ~~~~[0m
[96msrc/modules/knowledge/controllers/knowledge.controller.ts[0m:[93m163[0m:[93m14[0m - [91merror[0m[90m
 TS2345: [0mArgument of type '{ limit: number; window: number; }' is not assignable to parameter of type 'RateLi
mitOptions'.
  Property 'type' is missing in type '{ limit: number; window: number; }' but required in type 'RateLimitOptions'
.

[7m163[0m   @RateLimit({ limit: 30, window: 60 })
[7m   [0m [91m             ~~~~~~~~~~~~~~~~~~~~~~~~~[0m

  [96msrc/common/decorators/rate-limiter.decorator.ts[0m:[93m17[0m:[93m3[0m
    [7m17[0m   type: RateLimitType; // 闄愭祦绫诲瀷
    [7m  [0m [96m  ~~~~[0m
    'type' is declared here.
[96msrc/modules/knowledge/controllers/knowledge.controller.ts[0m:[93m164[0m:[93m12[0m - [91merror[0m[90m
 TS2353: [0mObject literal may only specify known properties, and 'key' does not exist in type 'CacheOptions'.

[7m164[0m   @Cache({ key: "knowledge:articles", ttl: 300 })
[7m   [0m [91m           ~~~[0m
[96msrc/modules/knowledge/controllers/knowledge.controller.ts[0m:[93m175[0m:[93m14[0m - [91merror[0m[90m
 TS2345: [0mArgument of type '{ limit: number; window: number; }' is not assignable to parameter of type 'RateLi
mitOptions'.
  Property 'type' is missing in type '{ limit: number; window: number; }' but required in type 'RateLimitOptions'
.

[7m175[0m   @RateLimit({ limit: 50, window: 60 })
[7m   [0m [91m             ~~~~~~~~~~~~~~~~~~~~~~~~~[0m

  [96msrc/common/decorators/rate-limiter.decorator.ts[0m:[93m17[0m:[93m3[0m
    [7m17[0m   type: RateLimitType; // 闄愭祦绫诲瀷
    [7m  [0m [96m  ~~~~[0m
    'type' is declared here.
[96msrc/modules/knowledge/controllers/knowledge.controller.ts[0m:[93m176[0m:[93m12[0m - [91merror[0m[90m
 TS2353: [0mObject literal may only specify known properties, and 'key' does not exist in type 'CacheOptions'.

[7m176[0m   @Cache({ key: "knowledge:article:detail", ttl: 300 })
[7m   [0m [91m           ~~~[0m
[96msrc/modules/knowledge/controllers/knowledge.controller.ts[0m:[93m186[0m:[93m14[0m - [91merror[0m[90m
 TS2345: [0mArgument of type '{ limit: number; window: number; }' is not assignable to parameter of type 'RateLi
mitOptions'.
  Property 'type' is missing in type '{ limit: number; window: number; }' but required in type 'RateLimitOptions'
.

[7m186[0m   @RateLimit({ limit: 10, window: 60 })
[7m   [0m [91m             ~~~~~~~~~~~~~~~~~~~~~~~~~[0m

  [96msrc/common/decorators/rate-limiter.decorator.ts[0m:[93m17[0m:[93m3[0m
    [7m17[0m   type: RateLimitType; // 闄愭祦绫诲瀷
    [7m  [0m [96m  ~~~~[0m
    'type' is declared here.
[96msrc/modules/knowledge/controllers/knowledge.controller.ts[0m:[93m187[0m:[93m17[0m - [91merror[0m[90m
 TS2353: [0mObject literal may only specify known properties, and 'keys' does not exist in type 'CacheEvictOptio
ns'.

[7m187[0m   @CacheEvict({ keys: ["knowledge:articles:*"] })
[7m   [0m [91m                ~~~~[0m
[96msrc/modules/knowledge/controllers/knowledge.controller.ts[0m:[93m198[0m:[93m14[0m - [91merror[0m[90m
 TS2345: [0mArgument of type '{ limit: number; window: number; }' is not assignable to parameter of type 'RateLi
mitOptions'.
  Property 'type' is missing in type '{ limit: number; window: number; }' but required in type 'RateLimitOptions'
.

[7m198[0m   @RateLimit({ limit: 20, window: 60 })
[7m   [0m [91m             ~~~~~~~~~~~~~~~~~~~~~~~~~[0m

  [96msrc/common/decorators/rate-limiter.decorator.ts[0m:[93m17[0m:[93m3[0m
    [7m17[0m   type: RateLimitType; // 闄愭祦绫诲瀷
    [7m  [0m [96m  ~~~~[0m
    'type' is declared here.
[96msrc/modules/knowledge/controllers/knowledge.controller.ts[0m:[93m199[0m:[93m17[0m - [91merror[0m[90m
 TS2353: [0mObject literal may only specify known properties, and 'keys' does not exist in type 'CacheEvictOptio
ns'.

[7m199[0m   @CacheEvict({ keys: ["knowledge:articles:*"] })
[7m   [0m [91m                ~~~~[0m
[96msrc/modules/knowledge/controllers/knowledge.controller.ts[0m:[93m211[0m:[93m14[0m - [91merror[0m[90m
 TS2345: [0mArgument of type '{ limit: number; window: number; }' is not assignable to parameter of type 'RateLi
mitOptions'.
  Property 'type' is missing in type '{ limit: number; window: number; }' but required in type 'RateLimitOptions'
.

[7m211[0m   @RateLimit({ limit: 20, window: 60 })
[7m   [0m [91m             ~~~~~~~~~~~~~~~~~~~~~~~~~[0m

  [96msrc/common/decorators/rate-limiter.decorator.ts[0m:[93m17[0m:[93m3[0m
    [7m17[0m   type: RateLimitType; // 闄愭祦绫诲瀷
    [7m  [0m [96m  ~~~~[0m
    'type' is declared here.
[96msrc/modules/knowledge/controllers/knowledge.controller.ts[0m:[93m212[0m:[93m17[0m - [91merror[0m[90m
 TS2353: [0mObject literal may only specify known properties, and 'keys' does not exist in type 'CacheEvictOptio
ns'.

[7m212[0m   @CacheEvict({ keys: ["knowledge:articles:*"] })
[7m   [0m [91m                ~~~~[0m
[96msrc/modules/knowledge/controllers/knowledge.controller.ts[0m:[93m222[0m:[93m14[0m - [91merror[0m[90m
 TS2345: [0mArgument of type '{ limit: number; window: number; }' is not assignable to parameter of type 'RateLi
mitOptions'.
  Property 'type' is missing in type '{ limit: number; window: number; }' but required in type 'RateLimitOptions'
.

[7m222[0m   @RateLimit({ limit: 30, window: 60 })
[7m   [0m [91m             ~~~~~~~~~~~~~~~~~~~~~~~~~[0m

  [96msrc/common/decorators/rate-limiter.decorator.ts[0m:[93m17[0m:[93m3[0m
    [7m17[0m   type: RateLimitType; // 闄愭祦绫诲瀷
    [7m  [0m [96m  ~~~~[0m
    'type' is declared here.
[96msrc/modules/knowledge/controllers/knowledge.controller.ts[0m:[93m223[0m:[93m12[0m - [91merror[0m[90m
 TS2353: [0mObject literal may only specify known properties, and 'key' does not exist in type 'CacheOptions'.

[7m223[0m   @Cache({ key: "knowledge:faq-candidates", ttl: 600 })
[7m   [0m [91m           ~~~[0m
[96msrc/modules/knowledge/controllers/knowledge.controller.ts[0m:[93m230[0m:[93m14[0m - [91merror[0m[90m
 TS2345: [0mArgument of type '{ limit: number; window: number; }' is not assignable to parameter of type 'RateLi
mitOptions'.
  Property 'type' is missing in type '{ limit: number; window: number; }' but required in type 'RateLimitOptions'
.

[7m230[0m   @RateLimit({ limit: 30, window: 60 })
[7m   [0m [91m             ~~~~~~~~~~~~~~~~~~~~~~~~~[0m

  [96msrc/common/decorators/rate-limiter.decorator.ts[0m:[93m17[0m:[93m3[0m
    [7m17[0m   type: RateLimitType; // 闄愭祦绫诲瀷
    [7m  [0m [96m  ~~~~[0m
    'type' is declared here.
[96msrc/modules/knowledge/controllers/knowledge.controller.ts[0m:[93m231[0m:[93m12[0m - [91merror[0m[90m
 TS2353: [0mObject literal may only specify known properties, and 'key' does not exist in type 'CacheOptions'.

[7m231[0m   @Cache({ key: "knowledge:tags", ttl: 600 })
[7m   [0m [91m           ~~~[0m
[96msrc/modules/knowledge/controllers/knowledge.controller.ts[0m:[93m242[0m:[93m14[0m - [91merror[0m[90m
 TS2345: [0mArgument of type '{ limit: number; window: number; }' is not assignable to parameter of type 'RateLi
mitOptions'.
  Property 'type' is missing in type '{ limit: number; window: number; }' but required in type 'RateLimitOptions'
.

[7m242[0m   @RateLimit({ limit: 30, window: 60 })
[7m   [0m [91m             ~~~~~~~~~~~~~~~~~~~~~~~~~[0m

  [96msrc/common/decorators/rate-limiter.decorator.ts[0m:[93m17[0m:[93m3[0m
    [7m17[0m   type: RateLimitType; // 闄愭祦绫诲瀷
    [7m  [0m [96m  ~~~~[0m
    'type' is declared here.
[96msrc/modules/knowledge/controllers/knowledge.controller.ts[0m:[93m243[0m:[93m12[0m - [91merror[0m[90m
 TS2353: [0mObject literal may only specify known properties, and 'key' does not exist in type 'CacheOptions'.

[7m243[0m   @Cache({ key: "knowledge:tag:impact", ttl: 300 })
[7m   [0m [91m           ~~~[0m
[96msrc/modules/knowledge/controllers/knowledge.controller.ts[0m:[93m253[0m:[93m14[0m - [91merror[0m[90m
 TS2345: [0mArgument of type '{ limit: number; window: number; }' is not assignable to parameter of type 'RateLi
mitOptions'.
  Property 'type' is missing in type '{ limit: number; window: number; }' but required in type 'RateLimitOptions'
.

[7m253[0m   @RateLimit({ limit: 10, window: 60 })
[7m   [0m [91m             ~~~~~~~~~~~~~~~~~~~~~~~~~[0m

  [96msrc/common/decorators/rate-limiter.decorator.ts[0m:[93m17[0m:[93m3[0m
    [7m17[0m   type: RateLimitType; // 闄愭祦绫诲瀷
    [7m  [0m [96m  ~~~~[0m
    'type' is declared here.
[96msrc/modules/knowledge/controllers/knowledge.controller.ts[0m:[93m261[0m:[93m14[0m - [91merror[0m[90m
 TS2345: [0mArgument of type '{ limit: number; window: number; }' is not assignable to parameter of type 'RateLi
mitOptions'.
  Property 'type' is missing in type '{ limit: number; window: number; }' but required in type 'RateLimitOptions'
.

[7m261[0m   @RateLimit({ limit: 5, window: 60 })
[7m   [0m [91m             ~~~~~~~~~~~~~~~~~~~~~~~~[0m

  [96msrc/common/decorators/rate-limiter.decorator.ts[0m:[93m17[0m:[93m3[0m
    [7m17[0m   type: RateLimitType; // 闄愭祦绫诲瀷
    [7m  [0m [96m  ~~~~[0m
    'type' is declared here.
[96msrc/modules/knowledge/controllers/knowledge.controller.ts[0m:[93m262[0m:[93m17[0m - [91merror[0m[90m
 TS2353: [0mObject literal may only specify known properties, and 'keys' does not exist in type 'CacheEvictOptio
ns'.

[7m262[0m   @CacheEvict({ keys: ["knowledge:tags:*"] })
[7m   [0m [91m                ~~~~[0m
[96msrc/modules/knowledge/controllers/knowledge.controller.ts[0m:[93m277[0m:[93m14[0m - [91merror[0m[90m
 TS2345: [0mArgument of type '{ limit: number; window: number; }' is not assignable to parameter of type 'RateLi
mitOptions'.
  Property 'type' is missing in type '{ limit: number; window: number; }' but required in type 'RateLimitOptions'
.

[7m277[0m   @RateLimit({ limit: 10, window: 60 })
[7m   [0m [91m             ~~~~~~~~~~~~~~~~~~~~~~~~~[0m

  [96msrc/common/decorators/rate-limiter.decorator.ts[0m:[93m17[0m:[93m3[0m
    [7m17[0m   type: RateLimitType; // 闄愭祦绫诲瀷
    [7m  [0m [96m  ~~~~[0m
    'type' is declared here.
[96msrc/modules/knowledge/controllers/knowledge.controller.ts[0m:[93m278[0m:[93m17[0m - [91merror[0m[90m
 TS2353: [0mObject literal may only specify known properties, and 'keys' does not exist in type 'CacheEvictOptio
ns'.

[7m278[0m   @CacheEvict({ keys: ["knowledge:tags:*"] })
[7m   [0m [91m                ~~~~[0m
[96msrc/modules/knowledge/controllers/knowledge.controller.ts[0m:[93m289[0m:[93m14[0m - [91merror[0m[90m
 TS2345: [0mArgument of type '{ limit: number; window: number; }' is not assignable to parameter of type 'RateLi
mitOptions'.
  Property 'type' is missing in type '{ limit: number; window: number; }' but required in type 'RateLimitOptions'
.

[7m289[0m   @RateLimit({ limit: 20, window: 60 })
[7m   [0m [91m             ~~~~~~~~~~~~~~~~~~~~~~~~~[0m

  [96msrc/common/decorators/rate-limiter.decorator.ts[0m:[93m17[0m:[93m3[0m
    [7m17[0m   type: RateLimitType; // 闄愭祦绫诲瀷
    [7m  [0m [96m  ~~~~[0m
    'type' is declared here.
[96msrc/modules/knowledge/controllers/knowledge.controller.ts[0m:[93m290[0m:[93m17[0m - [91merror[0m[90m
 TS2353: [0mObject literal may only specify known properties, and 'keys' does not exist in type 'CacheEvictOptio
ns'.

[7m290[0m   @CacheEvict({ keys: ["knowledge:tags:*"] })
[7m   [0m [91m                ~~~~[0m
[96msrc/modules/knowledge/controllers/knowledge.controller.ts[0m:[93m302[0m:[93m14[0m - [91merror[0m[90m
 TS2345: [0mArgument of type '{ limit: number; window: number; }' is not assignable to parameter of type 'RateLi
mitOptions'.
  Property 'type' is missing in type '{ limit: number; window: number; }' but required in type 'RateLimitOptions'
.

[7m302[0m   @RateLimit({ limit: 5, window: 60 })
[7m   [0m [91m             ~~~~~~~~~~~~~~~~~~~~~~~~[0m

  [96msrc/common/decorators/rate-limiter.decorator.ts[0m:[93m17[0m:[93m3[0m
    [7m17[0m   type: RateLimitType; // 闄愭祦绫诲瀷
    [7m  [0m [96m  ~~~~[0m
    'type' is declared here.
[96msrc/modules/knowledge/controllers/knowledge.controller.ts[0m:[93m303[0m:[93m17[0m - [91merror[0m[90m
 TS2353: [0mObject literal may only specify known properties, and 'keys' does not exist in type 'CacheEvictOptio
ns'.

[7m303[0m   @CacheEvict({ keys: ["knowledge:tags:*", "knowledge:articles:*"] })
[7m   [0m [91m                ~~~~[0m
[96msrc/modules/knowledge/controllers/knowledge.controller.ts[0m:[93m315[0m:[93m14[0m - [91merror[0m[90m
 TS2345: [0mArgument of type '{ limit: number; window: number; }' is not assignable to parameter of type 'RateLi
mitOptions'.
  Property 'type' is missing in type '{ limit: number; window: number; }' but required in type 'RateLimitOptions'
.

[7m315[0m   @RateLimit({ limit: 20, window: 60 })
[7m   [0m [91m             ~~~~~~~~~~~~~~~~~~~~~~~~~[0m

  [96msrc/common/decorators/rate-limiter.decorator.ts[0m:[93m17[0m:[93m3[0m
    [7m17[0m   type: RateLimitType; // 闄愭祦绫诲瀷
    [7m  [0m [96m  ~~~~[0m
    'type' is declared here.
[96msrc/modules/knowledge/controllers/knowledge.controller.ts[0m:[93m316[0m:[93m17[0m - [91merror[0m[90m
 TS2353: [0mObject literal may only specify known properties, and 'keys' does not exist in type 'CacheEvictOptio
ns'.

[7m316[0m   @CacheEvict({ keys: ["knowledge:tags:*"] })
[7m   [0m [91m                ~~~~[0m
[96msrc/modules/knowledge/controllers/knowledge.controller.ts[0m:[93m324[0m:[93m14[0m - [91merror[0m[90m
 TS2345: [0mArgument of type '{ limit: number; window: number; }' is not assignable to parameter of type 'RateLi
mitOptions'.
  Property 'type' is missing in type '{ limit: number; window: number; }' but required in type 'RateLimitOptions'
.

[7m324[0m   @RateLimit({ limit: 20, window: 60 })
[7m   [0m [91m             ~~~~~~~~~~~~~~~~~~~~~~~~~[0m

  [96msrc/common/decorators/rate-limiter.decorator.ts[0m:[93m17[0m:[93m3[0m
    [7m17[0m   type: RateLimitType; // 闄愭祦绫诲瀷
    [7m  [0m [96m  ~~~~[0m
    'type' is declared here.
[96msrc/modules/knowledge/controllers/knowledge.controller.ts[0m:[93m325[0m:[93m17[0m - [91merror[0m[90m
 TS2353: [0mObject literal may only specify known properties, and 'keys' does not exist in type 'CacheEvictOptio
ns'.

[7m325[0m   @CacheEvict({ keys: ["knowledge:tags:*"] })
[7m   [0m [91m                ~~~~[0m
[96msrc/modules/knowledge/controllers/knowledge.controller.ts[0m:[93m332[0m:[93m14[0m - [91merror[0m[90m
 TS2345: [0mArgument of type '{ limit: number; window: number; }' is not assignable to parameter of type 'RateLi
mitOptions'.
  Property 'type' is missing in type '{ limit: number; window: number; }' but required in type 'RateLimitOptions'
.

[7m332[0m   @RateLimit({ limit: 30, window: 60 })
[7m   [0m [91m             ~~~~~~~~~~~~~~~~~~~~~~~~~[0m

  [96msrc/common/decorators/rate-limiter.decorator.ts[0m:[93m17[0m:[93m3[0m
    [7m17[0m   type: RateLimitType; // 闄愭祦绫诲瀷
    [7m  [0m [96m  ~~~~[0m
    'type' is declared here.
[96msrc/modules/knowledge/controllers/knowledge.controller.ts[0m:[93m333[0m:[93m12[0m - [91merror[0m[90m
 TS2353: [0mObject literal may only specify known properties, and 'key' does not exist in type 'CacheOptions'.

[7m333[0m   @Cache({ key: "knowledge:categories", ttl: 600 })
[7m   [0m [91m           ~~~[0m
[96msrc/modules/knowledge/controllers/knowledge.controller.ts[0m:[93m346[0m:[93m14[0m - [91merror[0m[90m
 TS2345: [0mArgument of type '{ limit: number; window: number; }' is not assignable to parameter of type 'RateLi
mitOptions'.
  Property 'type' is missing in type '{ limit: number; window: number; }' but required in type 'RateLimitOptions'
.

[7m346[0m   @RateLimit({ limit: 10, window: 60 })
[7m   [0m [91m             ~~~~~~~~~~~~~~~~~~~~~~~~~[0m

  [96msrc/common/decorators/rate-limiter.decorator.ts[0m:[93m17[0m:[93m3[0m
    [7m17[0m   type: RateLimitType; // 闄愭祦绫诲瀷
    [7m  [0m [96m  ~~~~[0m
    'type' is declared here.
[96msrc/modules/knowledge/controllers/knowledge.controller.ts[0m:[93m347[0m:[93m17[0m - [91merror[0m[90m
 TS2353: [0mObject literal may only specify known properties, and 'keys' does not exist in type 'CacheEvictOptio
ns'.

[7m347[0m   @CacheEvict({ keys: ["knowledge:categories:*"] })
[7m   [0m [91m                ~~~~[0m
[96msrc/modules/knowledge/controllers/knowledge.controller.ts[0m:[93m358[0m:[93m14[0m - [91merror[0m[90m
 TS2345: [0mArgument of type '{ limit: number; window: number; }' is not assignable to parameter of type 'RateLi
mitOptions'.
  Property 'type' is missing in type '{ limit: number; window: number; }' but required in type 'RateLimitOptions'
.

[7m358[0m   @RateLimit({ limit: 20, window: 60 })
[7m   [0m [91m             ~~~~~~~~~~~~~~~~~~~~~~~~~[0m

  [96msrc/common/decorators/rate-limiter.decorator.ts[0m:[93m17[0m:[93m3[0m
    [7m17[0m   type: RateLimitType; // 闄愭祦绫诲瀷
    [7m  [0m [96m  ~~~~[0m
    'type' is declared here.
[96msrc/modules/knowledge/controllers/knowledge.controller.ts[0m:[93m359[0m:[93m17[0m - [91merror[0m[90m
 TS2353: [0mObject literal may only specify known properties, and 'keys' does not exist in type 'CacheEvictOptio
ns'.

[7m359[0m   @CacheEvict({ keys: ["knowledge:categories:*"] })
[7m   [0m [91m                ~~~~[0m
[96msrc/modules/knowledge/controllers/knowledge.controller.ts[0m:[93m371[0m:[93m14[0m - [91merror[0m[90m
 TS2345: [0mArgument of type '{ limit: number; window: number; }' is not assignable to parameter of type 'RateLi
mitOptions'.
  Property 'type' is missing in type '{ limit: number; window: number; }' but required in type 'RateLimitOptions'
.

[7m371[0m   @RateLimit({ limit: 20, window: 60 })
[7m   [0m [91m             ~~~~~~~~~~~~~~~~~~~~~~~~~[0m

  [96msrc/common/decorators/rate-limiter.decorator.ts[0m:[93m17[0m:[93m3[0m
    [7m17[0m   type: RateLimitType; // 闄愭祦绫诲瀷
    [7m  [0m [96m  ~~~~[0m
    'type' is declared here.
[96msrc/modules/knowledge/controllers/knowledge.controller.ts[0m:[93m372[0m:[93m17[0m - [91merror[0m[90m
 TS2353: [0mObject literal may only specify known properties, and 'keys' does not exist in type 'CacheEvictOptio
ns'.

[7m372[0m   @CacheEvict({ keys: ["knowledge:categories:*"] })
[7m   [0m [91m                ~~~~[0m
[96msrc/modules/knowledge/controllers/knowledge.controller.ts[0m:[93m383[0m:[93m14[0m - [91merror[0m[90m
 TS2345: [0mArgument of type '{ limit: number; window: number; }' is not assignable to parameter of type 'RateLi
mitOptions'.
  Property 'type' is missing in type '{ limit: number; window: number; }' but required in type 'RateLimitOptions'
.

[7m383[0m   @RateLimit({ limit: 20, window: 60 })
[7m   [0m [91m             ~~~~~~~~~~~~~~~~~~~~~~~~~[0m

  [96msrc/common/decorators/rate-limiter.decorator.ts[0m:[93m17[0m:[93m3[0m
    [7m17[0m   type: RateLimitType; // 闄愭祦绫诲瀷
    [7m  [0m [96m  ~~~~[0m
    'type' is declared here.
[96msrc/modules/knowledge/controllers/knowledge.controller.ts[0m:[93m384[0m:[93m17[0m - [91merror[0m[90m
 TS2353: [0mObject literal may only specify known properties, and 'keys' does not exist in type 'CacheEvictOptio
ns'.

[7m384[0m   @CacheEvict({ keys: ["knowledge:categories:*"] })
[7m   [0m [91m                ~~~~[0m
[96msrc/modules/knowledge/services/knowledge.service.ts[0m:[93m116[0m:[93m9[0m - [91merror[0m[90m TS2353
: [0mObject literal may only specify known properties, and 'sort' does not exist in type 'knowledge_articleSelec
t<DefaultArgs>'.

[7m116[0m         sort: true,
[7m   [0m [91m        ~~~~[0m
[96msrc/modules/knowledge/services/knowledge.service.ts[0m:[93m118[0m:[93m19[0m - [91merror[0m[90m TS235
3: [0mObject literal may only specify known properties, and 'sort' does not exist in type 'knowledge_articleOrde
rByWithRelationInput'.

[7m118[0m       orderBy: [{ sort: "asc" }, { update_time: "desc" }],
[7m   [0m [91m                  ~~~~[0m
[96msrc/modules/knowledge/services/knowledge.service.ts[0m:[93m133[0m:[93m5[0m - [91merror[0m[90m TS2353
: [0mObject literal may only specify known properties, and 'prefix' does not exist in type 'CacheEvictOptions'.

[7m133[0m     prefix: "kb:articles",
[7m   [0m [91m    ~~~~~~[0m
[96msrc/modules/knowledge/services/knowledge.service.ts[0m:[93m151[0m:[93m5[0m - [91merror[0m[90m TS2353
: [0mObject literal may only specify known properties, and 'prefix' does not exist in type 'CacheEvictOptions'.

[7m151[0m     prefix: "kb:articles",
[7m   [0m [91m    ~~~~~~[0m
[96msrc/modules/knowledge/services/knowledge.service.ts[0m:[93m201[0m:[93m19[0m - [91merror[0m[90m TS235
3: [0mObject literal may only specify known properties, and 'sort' does not exist in type '(Without<knowledge_ar
ticleUpdateInput, knowledge_articleUncheckedUpdateInput> & knowledge_articleUncheckedUpdateInput) | (Without<...>
 & knowledge_articleUpdateInput)'.

[7m201[0m           data: { sort: item.sort },
[7m   [0m [91m                  ~~~~[0m

  [96mnode_modules/.prisma/client/index.d.ts[0m:[93m9881[0m:[93m5[0m
    [7m9881[0m     data: XOR<knowledge_articleUpdateInput, knowledge_articleUncheckedUpdateInput>
    [7m    [0m [96m    ~~~~[0m
    The expected type comes from property 'data' which is declared here on type '{ select?: knowledge_articleSele
ct<DefaultArgs> | null | undefined; omit?: knowledge_articleOmit<DefaultArgs> | null | undefined; data: (Without<
...> & knowledge_articleUncheckedUpdateInput) | (Without<...> & knowledge_articleUpdateInput); where: knowledge_a
rticleWhereUniqueInput; }'
[96msrc/modules/knowledge/services/knowledge.service.ts[0m:[93m327[0m:[93m5[0m - [91merror[0m[90m TS2353
: [0mObject literal may only specify known properties, and 'prefix' does not exist in type 'CacheEvictOptions'.

[7m327[0m     prefix: "kb:tags",
[7m   [0m [91m    ~~~~~~[0m
[96msrc/modules/knowledge/services/knowledge.service.ts[0m:[93m348[0m:[93m5[0m - [91merror[0m[90m TS2353
: [0mObject literal may only specify known properties, and 'prefix' does not exist in type 'CacheEvictOptions'.

[7m348[0m     prefix: "kb:tags",
[7m   [0m [91m    ~~~~~~[0m
[96msrc/modules/knowledge/services/knowledge.service.ts[0m:[93m464[0m:[93m5[0m - [91merror[0m[90m TS2353
: [0mObject literal may only specify known properties, and 'prefix' does not exist in type 'CacheEvictOptions'.

[7m464[0m     prefix: "kb:tags",
[7m   [0m [91m    ~~~~~~[0m
[96msrc/modules/knowledge/services/knowledge.service.ts[0m:[93m509[0m:[93m5[0m - [91merror[0m[90m TS2353
: [0mObject literal may only specify known properties, and 'prefix' does not exist in type 'CacheEvictOptions'.

[7m509[0m     prefix: "kb:tags",
[7m   [0m [91m    ~~~~~~[0m
[96msrc/modules/knowledge/services/knowledge.service.ts[0m:[93m597[0m:[93m5[0m - [91merror[0m[90m TS2353
: [0mObject literal may only specify known properties, and 'prefix' does not exist in type 'CacheEvictOptions'.

[7m597[0m     prefix: "kb:tags",
[7m   [0m [91m    ~~~~~~[0m
[96msrc/modules/knowledge/services/knowledge.service.ts[0m:[93m635[0m:[93m5[0m - [91merror[0m[90m TS2353
: [0mObject literal may only specify known properties, and 'prefix' does not exist in type 'CacheEvictOptions'.

[7m635[0m     prefix: "kb:categories",
[7m   [0m [91m    ~~~~~~[0m
[96msrc/modules/knowledge/services/knowledge.service.ts[0m:[93m650[0m:[93m5[0m - [91merror[0m[90m TS2353
: [0mObject literal may only specify known properties, and 'prefix' does not exist in type 'CacheEvictOptions'.

[7m650[0m     prefix: "kb:categories",
[7m   [0m [91m    ~~~~~~[0m
[96msrc/modules/knowledge/services/knowledge.service.ts[0m:[93m665[0m:[93m5[0m - [91merror[0m[90m TS2353
: [0mObject literal may only specify known properties, and 'prefix' does not exist in type 'CacheEvictOptions'.

[7m665[0m     prefix: "kb:categories",
[7m   [0m [91m    ~~~~~~[0m
[96msrc/modules/knowledge/services/knowledge.service.ts[0m:[93m700[0m:[93m5[0m - [91merror[0m[90m TS2353
: [0mObject literal may only specify known properties, and 'prefix' does not exist in type 'CacheEvictOptions'.

[7m700[0m     prefix: "kb:docs",
[7m   [0m [91m    ~~~~~~[0m
[96msrc/modules/knowledge/services/knowledge.service.ts[0m:[93m738[0m:[93m5[0m - [91merror[0m[90m TS2353
: [0mObject literal may only specify known properties, and 'prefix' does not exist in type 'CacheEvictOptions'.

[7m738[0m     prefix: "kb:docs",
[7m   [0m [91m    ~~~~~~[0m
[96msrc/modules/knowledge/services/knowledge.service.ts[0m:[93m761[0m:[93m5[0m - [91merror[0m[90m TS2353
: [0mObject literal may only specify known properties, and 'prefix' does not exist in type 'CacheEvictOptions'.

[7m761[0m     prefix: "kb:docs",
[7m   [0m [91m    ~~~~~~[0m
[96msrc/modules/personnel/services/personnel-departments.service.spec.ts[0m:[93m8[0m:[93m1[0m - [91merror
[0m[90m TS2582: [0mCannot find name 'describe'. Do you need to install type definitions for a test runner? Try 
`npm i --save-dev @types/jest` or `npm i --save-dev @types/mocha`.

[7m8[0m describe("PersonnelDepartmentsService", () => {
[7m [0m [91m~~~~~~~~[0m
[96msrc/modules/personnel/services/personnel-departments.service.spec.ts[0m:[93m15[0m:[93m17[0m - [91merro
r[0m[90m TS2304: [0mCannot find name 'jest'.

[7m15[0m       findMany: jest.fn(),
[7m  [0m [91m                ~~~~[0m
[96msrc/modules/personnel/services/personnel-departments.service.spec.ts[0m:[93m16[0m:[93m19[0m - [91merro
r[0m[90m TS2304: [0mCannot find name 'jest'.

[7m16[0m       findUnique: jest.fn(),
[7m  [0m [91m                  ~~~~[0m
[96msrc/modules/personnel/services/personnel-departments.service.spec.ts[0m:[93m17[0m:[93m15[0m - [91merro
r[0m[90m TS2304: [0mCannot find name 'jest'.

[7m17[0m       create: jest.fn(),
[7m  [0m [91m              ~~~~[0m
[96msrc/modules/personnel/services/personnel-departments.service.spec.ts[0m:[93m18[0m:[93m15[0m - [91merro
r[0m[90m TS2304: [0mCannot find name 'jest'.

[7m18[0m       update: jest.fn(),
[7m  [0m [91m              ~~~~[0m
[96msrc/modules/personnel/services/personnel-departments.service.spec.ts[0m:[93m19[0m:[93m15[0m - [91merro
r[0m[90m TS2304: [0mCannot find name 'jest'.

[7m19[0m       delete: jest.fn(),
[7m  [0m [91m              ~~~~[0m
[96msrc/modules/personnel/services/personnel-departments.service.spec.ts[0m:[93m20[0m:[93m14[0m - [91merro
r[0m[90m TS2304: [0mCannot find name 'jest'.

[7m20[0m       count: jest.fn(),
[7m  [0m [91m             ~~~~[0m
[96msrc/modules/personnel/services/personnel-departments.service.spec.ts[0m:[93m22[0m:[93m19[0m - [91merro
r[0m[90m TS2304: [0mCannot find name 'jest'.

[7m22[0m     $transaction: jest.fn((callback) => callback(mockPrisma)),
[7m  [0m [91m                  ~~~~[0m
[96msrc/modules/personnel/services/personnel-departments.service.spec.ts[0m:[93m26[0m:[93m20[0m - [91merro
r[0m[90m TS2304: [0mCannot find name 'jest'.

[7m26[0m     resolveAccess: jest.fn(),
[7m  [0m [91m                   ~~~~[0m
[96msrc/modules/personnel/services/personnel-departments.service.spec.ts[0m:[93m29[0m:[93m3[0m - [91merror
[0m[90m TS2304: [0mCannot find name 'beforeEach'.

[7m29[0m   beforeEach(async () => {
[7m  [0m [91m  ~~~~~~~~~~[0m
[96msrc/modules/personnel/services/personnel-departments.service.spec.ts[0m:[93m51[0m:[93m5[0m - [91merror
[0m[90m TS2304: [0mCannot find name 'jest'.

[7m51[0m     jest.clearAllMocks();
[7m  [0m [91m    ~~~~[0m
[96msrc/modules/personnel/services/personnel-departments.service.spec.ts[0m:[93m54[0m:[93m3[0m - [91merror
[0m[90m TS2304: [0mCannot find name 'afterEach'.

[7m54[0m   afterEach(() => {
[7m  [0m [91m  ~~~~~~~~~[0m
[96msrc/modules/personnel/services/personnel-departments.service.spec.ts[0m:[93m55[0m:[93m5[0m - [91merror
[0m[90m TS2304: [0mCannot find name 'jest'.

[7m55[0m     jest.clearAllMocks();
[7m  [0m [91m    ~~~~[0m
[96msrc/modules/personnel/services/personnel-departments.service.spec.ts[0m:[93m58[0m:[93m3[0m - [91merror
[0m[90m TS2582: [0mCannot find name 'describe'. Do you need to install type definitions for a test runner? Try
 `npm i --save-dev @types/jest` or `npm i --save-dev @types/mocha`.

[7m58[0m   describe("findAll", () => {
[7m  [0m [91m  ~~~~~~~~[0m
[96msrc/modules/personnel/services/personnel-departments.service.spec.ts[0m:[93m59[0m:[93m5[0m - [91merror
[0m[90m TS2582: [0mCannot find name 'it'. Do you need to install type definitions for a test runner? Try `npm 
i --save-dev @types/jest` or `npm i --save-dev @types/mocha`.

[7m59[0m     it("搴旇杩斿洖閮ㄩ棬鍒楄〃", async () => {
[7m  [0m [91m    ~~[0m
[96msrc/modules/personnel/services/personnel-departments.service.spec.ts[0m:[93m86[0m:[93m58[0m - [91merro
r[0m[90m TS2345: [0mArgument of type '{ page: number; pageSize: number; }' is not assignable to parameter of t
ype 'PaginationDto'.
  Type '{ page: number; pageSize: number; }' is missing the following properties from type 'PaginationDto': skip,
 take

[7m86[0m       const result = await service.findAll(mockUser.sub, {
[7m  [0m [91m                                                         ~[0m
[7m87[0m         page: 1,
[7m  [0m [91m~~~~~~~~~~~~~~~~[0m
[7m88[0m         pageSize: 10,
[7m  [0m [91m~~~~~~~~~~~~~~~~~~~~~[0m
[7m89[0m       });
[7m  [0m [91m~~~~~~~[0m
[96msrc/modules/personnel/services/personnel-departments.service.spec.ts[0m:[93m91[0m:[93m7[0m - [91merror
[0m[90m TS2304: [0mCannot find name 'expect'.

[7m91[0m       expect(result).toEqual({
[7m  [0m [91m      ~~~~~~[0m
[96msrc/modules/personnel/services/personnel-departments.service.spec.ts[0m:[93m97[0m:[93m7[0m - [91merror
[0m[90m TS2304: [0mCannot find name 'expect'.

[7m97[0m       expect(scopeService.resolveAccess).toHaveBeenCalledWith(mockUser.sub);
[7m  [0m [91m      ~~~~~~[0m
[96msrc/modules/personnel/services/personnel-departments.service.spec.ts[0m:[93m98[0m:[93m7[0m - [91merror
[0m[90m TS2304: [0mCannot find name 'expect'.

[7m98[0m       expect(prisma.biz_department.findMany).toHaveBeenCalled();
[7m  [0m [91m      ~~~~~~[0m
[96msrc/modules/personnel/services/personnel-departments.service.spec.ts[0m:[93m101[0m:[93m5[0m - [91merro
r[0m[90m TS2582: [0mCannot find name 'it'. Do you need to install type definitions for a test runner? Try `npm
 i --save-dev @types/jest` or `npm i --save-dev @types/mocha`.

[7m101[0m     it("搴旇鏍规嵁鍏抽敭璇嶈繃婊ら儴闂?, async () => {
[7m   [0m [91m    ~~[0m
[96msrc/modules/personnel/services/personnel-departments.service.spec.ts[0m:[93m115[0m:[93m9[0m - [91merro
r[0m[90m TS2353: [0mObject literal may only specify known properties, and 'keyword' does not exist in type 'Pa
ginationDto'.

[7m115[0m         keyword: "鎶€鏈?,
[7m   [0m [91m        ~~~~~~~[0m
[96msrc/modules/personnel/services/personnel-departments.service.spec.ts[0m:[93m118[0m:[93m7[0m - [91merro
r[0m[90m TS2304: [0mCannot find name 'expect'.

[7m118[0m       expect(prisma.biz_department.findMany).toHaveBeenCalledWith(
[7m   [0m [91m      ~~~~~~[0m
[96msrc/modules/personnel/services/personnel-departments.service.spec.ts[0m:[93m119[0m:[93m9[0m - [91merro
r[0m[90m TS2304: [0mCannot find name 'expect'.

[7m119[0m         expect.objectContaining({
[7m   [0m [91m        ~~~~~~[0m
[96msrc/modules/personnel/services/personnel-departments.service.spec.ts[0m:[93m120[0m:[93m18[0m - [91merr
or[0m[90m TS2304: [0mCannot find name 'expect'.

[7m120[0m           where: expect.objectContaining({
[7m   [0m [91m                 ~~~~~~[0m
[96msrc/modules/personnel/services/personnel-departments.service.spec.ts[0m:[93m121[0m:[93m17[0m - [91merr
or[0m[90m TS2304: [0mCannot find name 'expect'.

[7m121[0m             OR: expect.arrayContaining([
[7m   [0m [91m                ~~~~~~[0m
[96msrc/modules/personnel/services/personnel-departments.service.spec.ts[0m:[93m122[0m:[93m15[0m - [91merr
or[0m[90m TS2304: [0mCannot find name 'expect'.

[7m122[0m               expect.objectContaining({
[7m   [0m [91m              ~~~~~~[0m
[96msrc/modules/personnel/services/personnel-departments.service.spec.ts[0m:[93m123[0m:[93m23[0m - [91merr
or[0m[90m TS2304: [0mCannot find name 'expect'.

[7m123[0m                 name: expect.objectContaining({ contains: "鎶€鏈? }),
[7m   [0m [91m                      ~~~~~~[0m
[96msrc/modules/personnel/services/personnel-departments.service.spec.ts[0m:[93m125[0m:[93m15[0m - [91merr
or[0m[90m TS2304: [0mCannot find name 'expect'.

[7m125[0m               expect.objectContaining({
[7m   [0m [91m              ~~~~~~[0m
[96msrc/modules/personnel/services/personnel-departments.service.spec.ts[0m:[93m126[0m:[93m23[0m - [91merr
or[0m[90m TS2304: [0mCannot find name 'expect'.

[7m126[0m                 code: expect.objectContaining({ contains: "鎶€鏈? }),
[7m   [0m [91m                      ~~~~~~[0m
[96msrc/modules/personnel/services/personnel-departments.service.spec.ts[0m:[93m135[0m:[93m3[0m - [91merro
r[0m[90m TS2582: [0mCannot find name 'describe'. Do you need to install type definitions for a test runner? Tr
y `npm i --save-dev @types/jest` or `npm i --save-dev @types/mocha`.

[7m135[0m   describe("findOne", () => {
[7m   [0m [91m  ~~~~~~~~[0m
[96msrc/modules/personnel/services/personnel-departments.service.spec.ts[0m:[93m136[0m:[93m5[0m - [91merro
r[0m[90m TS2582: [0mCannot find name 'it'. Do you need to install type definitions for a test runner? Try `npm
 i --save-dev @types/jest` or `npm i --save-dev @types/mocha`.

[7m136[0m     it("搴旇杩斿洖鎸囧畾閮ㄩ棬璇︽儏", async () => {
[7m   [0m [91m    ~~[0m
[96msrc/modules/personnel/services/personnel-departments.service.spec.ts[0m:[93m155[0m:[93m7[0m - [91merro
r[0m[90m TS2304: [0mCannot find name 'expect'.

[7m155[0m       expect(result).toEqual(mockDepartment);
[7m   [0m [91m      ~~~~~~[0m
[96msrc/modules/personnel/services/personnel-departments.service.spec.ts[0m:[93m156[0m:[93m7[0m - [91merro
r[0m[90m TS2304: [0mCannot find name 'expect'.

[7m156[0m       expect(prisma.biz_department.findUnique).toHaveBeenCalledWith({
[7m   [0m [91m      ~~~~~~[0m
[96msrc/modules/personnel/services/personnel-departments.service.spec.ts[0m:[93m161[0m:[93m5[0m - [91merro
r[0m[90m TS2582: [0mCannot find name 'it'. Do you need to install type definitions for a test runner? Try `npm
 i --save-dev @types/jest` or `npm i --save-dev @types/mocha`.

[7m161[0m     it("褰撻儴闂ㄤ笉瀛樺湪鏃跺簲璇ユ姏鍑?NotFoundException", async () => {
[7m   [0m [91m    ~~[0m
[96msrc/modules/personnel/services/personnel-departments.service.spec.ts[0m:[93m171[0m:[93m13[0m - [91merr
or[0m[90m TS2304: [0mCannot find name 'expect'.

[7m171[0m       await expect(
[7m   [0m [91m            ~~~~~~[0m
[96msrc/modules/personnel/services/personnel-departments.service.spec.ts[0m:[93m177[0m:[93m3[0m - [91merro
r[0m[90m TS2582: [0mCannot find name 'describe'. Do you need to install type definitions for a test runner? Tr
y `npm i --save-dev @types/jest` or `npm i --save-dev @types/mocha`.

[7m177[0m   describe("create", () => {
[7m   [0m [91m  ~~~~~~~~[0m
[96msrc/modules/personnel/services/personnel-departments.service.spec.ts[0m:[93m178[0m:[93m5[0m - [91merro
r[0m[90m TS2582: [0mCannot find name 'it'. Do you need to install type definitions for a test runner? Try `npm
 i --save-dev @types/jest` or `npm i --save-dev @types/mocha`.

[7m178[0m     it("搴旇鍒涘缓鏂伴儴闂?, async () => {
[7m   [0m [91m    ~~[0m
[96msrc/modules/personnel/services/personnel-departments.service.spec.ts[0m:[93m202[0m:[93m57[0m - [91merr
or[0m[90m TS2345: [0mArgument of type '{ name: string; code: string; parent_id: null; sort: number; }' is not 
assignable to parameter of type 'CreateDepartmentDto'.
  Types of property 'parent_id' are incompatible.
    Type 'null' is not assignable to type 'string | undefined'.

[7m202[0m       const result = await service.create(mockUser.sub, createDto);
[7m   [0m [91m                                                        ~~~~~~~~~[0m
[96msrc/modules/personnel/services/personnel-departments.service.spec.ts[0m:[93m204[0m:[93m7[0m - [91merro
r[0m[90m TS2304: [0mCannot find name 'expect'.

[7m204[0m       expect(result).toEqual(mockCreatedDepartment);
[7m   [0m [91m      ~~~~~~[0m
[96msrc/modules/personnel/services/personnel-departments.service.spec.ts[0m:[93m205[0m:[93m7[0m - [91merro
r[0m[90m TS2304: [0mCannot find name 'expect'.

[7m205[0m       expect(prisma.biz_department.create).toHaveBeenCalledWith(
[7m   [0m [91m      ~~~~~~[0m
[96msrc/modules/personnel/services/personnel-departments.service.spec.ts[0m:[93m206[0m:[93m9[0m - [91merro
r[0m[90m TS2304: [0mCannot find name 'expect'.

[7m206[0m         expect.objectContaining({
[7m   [0m [91m        ~~~~~~[0m
[96msrc/modules/personnel/services/personnel-departments.service.spec.ts[0m:[93m207[0m:[93m17[0m - [91merr
or[0m[90m TS2304: [0mCannot find name 'expect'.

[7m207[0m           data: expect.objectContaining({
[7m   [0m [91m                ~~~~~~[0m
[96msrc/modules/personnel/services/personnel-departments.service.spec.ts[0m:[93m217[0m:[93m3[0m - [91merro
r[0m[90m TS2582: [0mCannot find name 'describe'. Do you need to install type definitions for a test runner? Tr
y `npm i --save-dev @types/jest` or `npm i --save-dev @types/mocha`.

[7m217[0m   describe("update", () => {
[7m   [0m [91m  ~~~~~~~~[0m
[96msrc/modules/personnel/services/personnel-departments.service.spec.ts[0m:[93m218[0m:[93m5[0m - [91merro
r[0m[90m TS2582: [0mCannot find name 'it'. Do you need to install type definitions for a test runner? Try `npm
 i --save-dev @types/jest` or `npm i --save-dev @types/mocha`.

[7m218[0m     it("搴旇鏇存柊閮ㄩ棬淇℃伅", async () => {
[7m   [0m [91m    ~~[0m
[96msrc/modules/personnel/services/personnel-departments.service.spec.ts[0m:[93m247[0m:[93m7[0m - [91merro
r[0m[90m TS2304: [0mCannot find name 'expect'.

[7m247[0m       expect(result).toEqual(mockUpdatedDepartment);
[7m   [0m [91m      ~~~~~~[0m
[96msrc/modules/personnel/services/personnel-departments.service.spec.ts[0m:[93m248[0m:[93m7[0m - [91merro
r[0m[90m TS2304: [0mCannot find name 'expect'.

[7m248[0m       expect(prisma.biz_department.update).toHaveBeenCalledWith({
[7m   [0m [91m      ~~~~~~[0m
[96msrc/modules/personnel/services/personnel-departments.service.spec.ts[0m:[93m254[0m:[93m5[0m - [91merro
r[0m[90m TS2582: [0mCannot find name 'it'. Do you need to install type definitions for a test runner? Try `npm
 i --save-dev @types/jest` or `npm i --save-dev @types/mocha`.

[7m254[0m     it("褰撻儴闂ㄤ笉瀛樺湪鏃跺簲璇ユ姏鍑?NotFoundException", async () => {
[7m   [0m [91m    ~~[0m
[96msrc/modules/personnel/services/personnel-departments.service.spec.ts[0m:[93m264[0m:[93m13[0m - [91merr
or[0m[90m TS2304: [0mCannot find name 'expect'.

[7m264[0m       await expect(
[7m   [0m [91m            ~~~~~~[0m
[96msrc/modules/personnel/services/personnel-departments.service.spec.ts[0m:[93m270[0m:[93m3[0m - [91merro
r[0m[90m TS2582: [0mCannot find name 'describe'. Do you need to install type definitions for a test runner? Tr
y `npm i --save-dev @types/jest` or `npm i --save-dev @types/mocha`.

[7m270[0m   describe("remove", () => {
[7m   [0m [91m  ~~~~~~~~[0m
[96msrc/modules/personnel/services/personnel-departments.service.spec.ts[0m:[93m271[0m:[93m5[0m - [91merro
r[0m[90m TS2582: [0mCannot find name 'it'. Do you need to install type definitions for a test runner? Try `npm
 i --save-dev @types/jest` or `npm i --save-dev @types/mocha`.

[7m271[0m     it("搴旇杞垹闄ら儴闂?, async () => {
[7m   [0m [91m    ~~[0m
[96msrc/modules/personnel/services/personnel-departments.service.spec.ts[0m:[93m294[0m:[93m7[0m - [91merro
r[0m[90m TS2304: [0mCannot find name 'expect'.

[7m294[0m       expect(prisma.biz_department.update).toHaveBeenCalledWith({
[7m   [0m [91m      ~~~~~~[0m
[96msrc/modules/personnel/services/personnel-departments.service.ts[0m:[93m64[0m:[93m15[0m - [91merror[0m
[90m TS2353: [0mObject literal may only specify known properties, and 'hr_employee' does not exist in type 'Biz
_departmentCountOutputTypeSelect<DefaultArgs>'.

[7m64[0m               hr_employee: true,
[7m  [0m [91m              ~~~~~~~~~~~[0m
[96msrc/modules/personnel/services/personnel-departments.service.ts[0m:[93m112[0m:[93m7[0m - [91merror[0m
[90m TS2322: [0mType '{ platform_id: string | undefined; status: number; name: string; parent_id?: string; desc
ription?: string; leader_id?: string; platform_ids?: string[]; sort?: number; }' is not assignable to type '(With
out<biz_departmentCreateInput, biz_departmentUncheckedCreateInput> & biz_departmentUncheckedCreateInput) | (Witho
ut<...> & biz_departmentCreateInput)'.
  Type '{ platform_id: string | undefined; status: number; name: string; parent_id?: string; description?: string
; leader_id?: string; platform_ids?: string[]; sort?: number; }' is not assignable to type 'Without<biz_departmen
tUncheckedCreateInput, biz_departmentCreateInput> & biz_departmentCreateInput'.
    Property 'code' is missing in type '{ platform_id: string | undefined; status: number; name: string; parent_i
d?: string; description?: string; leader_id?: string; platform_ids?: string[]; sort?: number; }' but required in 
type 'biz_departmentCreateInput'.

[7m112[0m       data: {
[7m   [0m [91m      ~~~~[0m

  [96mnode_modules/.prisma/client/index.d.ts[0m:[93m120318[0m:[93m5[0m
    [7m120318[0m     code: string
    [7m      [0m [96m    ~~~~[0m
    'code' is declared here.
  [96mnode_modules/.prisma/client/index.d.ts[0m:[93m18257[0m:[93m5[0m
    [7m18257[0m     data: XOR<biz_departmentCreateInput, biz_departmentUncheckedCreateInput>
    [7m     [0m [96m    ~~~~[0m
    The expected type comes from property 'data' which is declared here on type '{ select?: biz_departmentSelect<
DefaultArgs> | null | undefined; omit?: biz_departmentOmit<DefaultArgs> | null | undefined; include?: biz_departm
entInclude<...> | ... 1 more ... | undefined; data: (Without<...> & biz_departmentUncheckedCreateInput) | (Withou
t<...> & biz_departmentCreateInput); }'
[96msrc/modules/personnel/services/personnel-departments.service.ts[0m:[93m178[0m:[93m13[0m - [91merror[0
m[90m TS2353: [0mObject literal may only specify known properties, and 'hr_employee' does not exist in type 'Bi
z_departmentCountOutputTypeSelect<DefaultArgs>'.

[7m178[0m             hr_employee: true,
[7m   [0m [91m            ~~~~~~~~~~~[0m
[96msrc/modules/personnel/services/personnel-departments.service.ts[0m:[93m192[0m:[93m17[0m - [91merror[0
m[90m TS2339: [0mProperty '_count' does not exist on type '{ id: string; create_time: Date; update_time: Date; 
is_deleted: number; platform_id: string | null; sort: number; name: string; status: number; parent_id: string | n
ull; code: string; owner_id: string | null; }'.

[7m192[0m     if (current._count.hr_employee > 0) {
[7m   [0m [91m                ~~~~~~[0m
[96msrc/modules/personnel/services/personnel-departments.service.ts[0m:[93m195[0m:[93m17[0m - [91merror[0
m[90m TS2339: [0mProperty '_count' does not exist on type '{ id: string; create_time: Date; update_time: Date; 
is_deleted: number; platform_id: string | null; sort: number; name: string; status: number; parent_id: string | n
ull; code: string; owner_id: string | null; }'.

[7m195[0m     if (current._count.hr_position > 0) {
[7m   [0m [91m                ~~~~~~[0m
[96msrc/modules/personnel/services/personnel-departments.service.ts[0m:[93m262[0m:[93m36[0m - [91merror[0
m[90m TS2554: [0mExpected 2 arguments, but got 1.

[7m262[0m     const departments = await this.findAll(userId);
[7m   [0m [91m                                   ~~~~~~~[0m

  [96msrc/modules/personnel/services/personnel-departments.service.ts[0m:[93m40[0m:[93m5[0m
    [7m40[0m     pagination: PaginationDto,
    [7m  [0m [96m    ~~~~~~~~~~~~~~~~~~~~~~~~~[0m
    An argument for 'pagination' was not provided.
[96msrc/modules/personnel/services/personnel-departments.service.ts[0m:[93m264[0m:[93m25[0m - [91merror[0
m[90m TS2352: [0mConversion of type 'PaginatedResponse<any>' to type 'any[]' may be a mistake because neither t
ype sufficiently overlaps with the other. If this was intentional, convert the expression to 'unknown' first.
  Type 'PaginatedResponse<any>' is missing the following properties from type 'any[]': length, pop, push, concat,
 and 29 more.

[7m264[0m     const exportData = (departments as any[]).map((dept: any) => ({
[7m   [0m [91m                        ~~~~~~~~~~~~~~~~~~~~[0m
[96msrc/modules/personnel/services/personnel-departments.service.ts[0m:[93m296[0m:[93m13[0m - [91merror[0
m[90m TS2353: [0mObject literal may only specify known properties, and 'hr_employee' does not exist in type 'Bi
z_departmentCountOutputTypeSelect<DefaultArgs>'.

[7m296[0m             hr_employee: true,
[7m   [0m [91m            ~~~~~~~~~~~[0m
[96msrc/modules/personnel/services/personnel-employee-history.service.ts[0m:[93m95[0m:[93m9[0m - [91merror
[0m[90m TS2353: [0mObject literal may only specify known properties, and 'biz_department' does not exist in ty
pe 'hr_employee_historySelect<DefaultArgs>'.

[7m95[0m         biz_department: {
[7m  [0m [91m        ~~~~~~~~~~~~~~[0m
[96msrc/modules/personnel/services/personnel-employees.service.ts[0m:[93m88[0m:[93m9[0m - [91merror[0m[9
0m TS2322: [0mType '{ biz_department: { select: { id: true; name: true; }; }; hr_position: { select: { id: true;
 name: true; }; }; }' is not assignable to type 'never'.

[7m88[0m         include: {
[7m  [0m [91m        ~~~~~~~[0m
[96msrc/modules/personnel/services/personnel-employees.service.ts[0m:[93m124[0m:[93m7[0m - [91merror[0m[
90m TS2322: [0mType '{ biz_department: { select: { id: true; name: true; }; }; hr_position: { select: { id: true
; name: true; code: true; }; }; }' is not assignable to type 'never'.

[7m124[0m       include: {
[7m   [0m [91m      ~~~~~~~[0m

  [96msrc/modules/personnel/services/personnel-employees.service.ts[0m:[93m124[0m:[93m7[0m
    [7m124[0m       include: {
    [7m   [0m [96m      ~~~~~~~~~~[0m
    [7m125[0m         biz_department: {
    [7m   [0m [96m~~~~~~~~~~~~~~~~~~~~~~~~~[0m
    [7m...[0m 
    [7m137[0m         },
    [7m   [0m [96m~~~~~~~~~~[0m
    [7m138[0m       },
    [7m   [0m [96m~~~~~~~[0m
    The expected type comes from property 'include' which is declared here on type '{ where: { id: string; }; inc
lude: never; }'
[96msrc/modules/personnel/services/personnel-employees.service.ts[0m:[93m242[0m:[93m13[0m - [91merror[0m
[90m TS2339: [0mProperty 'employee_no' does not exist on type 'UpdateEmployeeDto'.

[7m242[0m     if (dto.employee_no && dto.employee_no !== current.employee_no) {
[7m   [0m [91m            ~~~~~~~~~~~[0m
[96msrc/modules/personnel/services/personnel-employees.service.ts[0m:[93m242[0m:[93m32[0m - [91merror[0m
[90m TS2339: [0mProperty 'employee_no' does not exist on type 'UpdateEmployeeDto'.

[7m242[0m     if (dto.employee_no && dto.employee_no !== current.employee_no) {
[7m   [0m [91m                               ~~~~~~~~~~~[0m
[96msrc/modules/personnel/services/personnel-employees.service.ts[0m:[93m245[0m:[93m28[0m - [91merror[0m
[90m TS2339: [0mProperty 'employee_no' does not exist on type 'UpdateEmployeeDto'.

[7m245[0m           employee_no: dto.employee_no,
[7m   [0m [91m                           ~~~~~~~~~~~[0m
[96msrc/modules/personnel/services/personnel-employees.service.ts[0m:[93m438[0m:[93m34[0m - [91merror[0m
[90m TS2554: [0mExpected 2-3 arguments, but got 1.

[7m438[0m     const employees = await this.findAll(userId);
[7m   [0m [91m                                 ~~~~~~~[0m

  [96msrc/modules/personnel/services/personnel-employees.service.ts[0m:[93m39[0m:[93m5[0m
    [7m39[0m     pagination: PaginationDto,
    [7m  [0m [96m    ~~~~~~~~~~~~~~~~~~~~~~~~~[0m
    An argument for 'pagination' was not provided.
[96msrc/modules/personnel/services/personnel-employees.service.ts[0m:[93m440[0m:[93m25[0m - [91merror[0m
[90m TS2352: [0mConversion of type 'PaginatedResponse<any>' to type 'any[]' may be a mistake because neither typ
e sufficiently overlaps with the other. If this was intentional, convert the expression to 'unknown' first.
  Type 'PaginatedResponse<any>' is missing the following properties from type 'any[]': length, pop, push, concat,
 and 29 more.

[7m440[0m     const exportData = (employees as any[]).map((emp: any) => ({
[7m   [0m [91m                        ~~~~~~~~~~~~~~~~~~[0m
[96msrc/modules/personnel/services/personnel-employees.service.ts[0m:[93m579[0m:[93m15[0m - [91merror[0m
[90m TS2353: [0mObject literal may only specify known properties, and 'badge_photo_file' does not exist in type 
'(Without<hr_employeeUpdateInput, hr_employeeUncheckedUpdateInput> & hr_employeeUncheckedUpdateInput) | (Without<
...> & hr_employeeUpdateInput)'.

[7m579[0m       data: { badge_photo_file: uploadResult.objectName },
[7m   [0m [91m              ~~~~~~~~~~~~~~~~[0m

  [96mnode_modules/.prisma/client/index.d.ts[0m:[93m34770[0m:[93m5[0m
    [7m34770[0m     data: XOR<hr_employeeUpdateInput, hr_employeeUncheckedUpdateInput>
    [7m     [0m [96m    ~~~~[0m
    The expected type comes from property 'data' which is declared here on type '{ select?: hr_employeeSelect<Def
aultArgs> | null | undefined; omit?: hr_employeeOmit<DefaultArgs> | null | undefined; data: (Without<...> & hr_em
ployeeUncheckedUpdateInput) | (Without<...> & hr_employeeUpdateInput); where: hr_employeeWhereUniqueInput; }'
[96msrc/modules/personnel/services/personnel-positions.service.ts[0m:[93m66[0m:[93m11[0m - [91merror[0m[
90m TS2353: [0mObject literal may only specify known properties, and 'sort' does not exist in type 'hr_positionS
elect<DefaultArgs>'.

[7m66[0m           sort: true,
[7m  [0m [91m          ~~~~[0m
[96msrc/modules/personnel/services/personnel-positions.service.ts[0m:[93m156[0m:[93m13[0m - [91merror[0m
[90m TS2339: [0mProperty 'code' does not exist on type 'UpdatePositionDto'.

[7m156[0m     if (dto.code && dto.code !== current.code) {
[7m   [0m [91m            ~~~~[0m
[96msrc/modules/personnel/services/personnel-positions.service.ts[0m:[93m156[0m:[93m25[0m - [91merror[0m
[90m TS2339: [0mProperty 'code' does not exist on type 'UpdatePositionDto'.

[7m156[0m     if (dto.code && dto.code !== current.code) {
[7m   [0m [91m                        ~~~~[0m
[96msrc/modules/personnel/services/personnel-positions.service.ts[0m:[93m159[0m:[93m21[0m - [91merror[0m
[90m TS2339: [0mProperty 'code' does not exist on type 'UpdatePositionDto'.

[7m159[0m           code: dto.code,
[7m   [0m [91m                    ~~~~[0m
[96msrc/modules/personnel/services/personnel-positions.service.ts[0m:[93m187[0m:[93m7[0m - [91merror[0m[
90m TS2322: [0mType '{ _count: { select: { hr_employee: true; }; }; }' is not assignable to type 'never'.

[7m187[0m       include: {
[7m   [0m [91m      ~~~~~~~[0m

  [96msrc/modules/personnel/services/personnel-positions.service.ts[0m:[93m187[0m:[93m7[0m
    [7m187[0m       include: {
    [7m   [0m [96m      ~~~~~~~~~~[0m
    [7m188[0m         _count: {
    [7m   [0m [96m~~~~~~~~~~~~~~~~~[0m
    [7m...[0m 
    [7m192[0m         },
    [7m   [0m [96m~~~~~~~~~~[0m
    [7m193[0m       },
    [7m   [0m [96m~~~~~~~[0m
    The expected type comes from property 'include' which is declared here on type '{ where: { id: string; }; inc
lude: never; }'
[96msrc/modules/personnel/services/personnel-positions.service.ts[0m:[93m248[0m:[93m13[0m - [91merror[0m
[90m TS2353: [0mObject literal may only specify known properties, and 'sort' does not exist in type '(Without<hr
_positionUpdateInput, hr_positionUncheckedUpdateInput> & hr_positionUncheckedUpdateInput) | (Without<...> & hr_po
sitionUpdateInput)'.

[7m248[0m             sort: item.sort,
[7m   [0m [91m            ~~~~[0m

  [96mnode_modules/.prisma/client/index.d.ts[0m:[93m51233[0m:[93m5[0m
    [7m51233[0m     data: XOR<hr_positionUpdateInput, hr_positionUncheckedUpdateInput>
    [7m     [0m [96m    ~~~~[0m
    The expected type comes from property 'data' which is declared here on type '{ select?: hr_positionSelect<Def
aultArgs> | null | undefined; omit?: hr_positionOmit<DefaultArgs> | null | undefined; data: (Without<...> & hr_po
sitionUncheckedUpdateInput) | (Without<...> & hr_positionUpdateInput); where: hr_positionWhereUniqueInput; }'
[96msrc/modules/personnel/services/personnel-positions.service.ts[0m:[93m262[0m:[93m34[0m - [91merror[0m
[90m TS2554: [0mExpected 2 arguments, but got 1.

[7m262[0m     const positions = await this.findAll(userId);
[7m   [0m [91m                                 ~~~~~~~[0m

  [96msrc/modules/personnel/services/personnel-positions.service.ts[0m:[93m39[0m:[93m5[0m
    [7m39[0m     pagination: PaginationDto,
    [7m  [0m [96m    ~~~~~~~~~~~~~~~~~~~~~~~~~[0m
    An argument for 'pagination' was not provided.
[96msrc/modules/personnel/services/personnel-positions.service.ts[0m:[93m264[0m:[93m25[0m - [91merror[0m
[90m TS2352: [0mConversion of type 'PaginatedResponse<any>' to type 'any[]' may be a mistake because neither typ
e sufficiently overlaps with the other. If this was intentional, convert the expression to 'unknown' first.
  Type 'PaginatedResponse<any>' is missing the following properties from type 'any[]': length, pop, push, concat,
 and 29 more.

[7m264[0m     const exportData = (positions as any[]).map((pos: any) => ({
[7m   [0m [91m                        ~~~~~~~~~~~~~~~~~~[0m
[96msrc/modules/personnel/services/personnel-positions.service.ts[0m:[93m344[0m:[93m7[0m - [91merror[0m[
90m TS2322: [0mType '{ biz_department: { select: { id: true; name: true; parent_id: true; }; }; _count: { select
: { hr_employee: true; }; }; }' is not assignable to type 'never'.

[7m344[0m       include: {
[7m   [0m [91m      ~~~~~~~[0m

  [96msrc/modules/personnel/services/personnel-positions.service.ts[0m:[93m344[0m:[93m7[0m
    [7m344[0m       include: {
    [7m   [0m [96m      ~~~~~~~~~~[0m
    [7m345[0m         biz_department: {
    [7m   [0m [96m~~~~~~~~~~~~~~~~~~~~~~~~~[0m
    [7m...[0m 
    [7m356[0m         },
    [7m   [0m [96m~~~~~~~~~~[0m
    [7m357[0m       },
    [7m   [0m [96m~~~~~~~[0m
    The expected type comes from property 'include' which is declared here on type '{ where: { id: string; }; inc
lude: never; }'
[96msrc/modules/personnel/services/personnel-positions.service.ts[0m:[93m459[0m:[93m13[0m - [91merror[0m
[90m TS2322: [0mType 'string | undefined' is not assignable to type 'string'.
  Type 'undefined' is not assignable to type 'string'.

[7m459[0m             code: row["宀椾綅缂栫爜"] ? String(row["宀椾綅缂栫爜"]) : undefined,
[7m   [0m [91m            ~~~~[0m

  [96mnode_modules/.prisma/client/index.d.ts[0m:[93m124102[0m:[93m5[0m
    [7m124102[0m     code: string
    [7m      [0m [96m    ~~~~[0m
    The expected type comes from property 'code' which is declared here on type '(Without<hr_positionCreateInput,
 hr_positionUncheckedCreateInput> & hr_positionUncheckedCreateInput) | (Without<...> & hr_positionCreateInput)'
[96msrc/modules/personnel/services/personnel-positions.service.ts[0m:[93m460[0m:[93m13[0m - [91merror[0m
[90m TS2322: [0mType 'string | undefined' is not assignable to type 'string'.
  Type 'undefined' is not assignable to type 'string'.

[7m460[0m             department_id: departmentId ?? scope.dept_id ?? undefined,
[7m   [0m [91m            ~~~~~~~~~~~~~[0m

  [96mnode_modules/.prisma/client/index.d.ts[0m:[93m124104[0m:[93m5[0m
    [7m124104[0m     department_id: string
    [7m      [0m [96m    ~~~~~~~~~~~~~[0m
    The expected type comes from property 'department_id' which is declared here on type '(Without<hr_positionCre
ateInput, hr_positionUncheckedCreateInput> & hr_positionUncheckedCreateInput) | (Without<...> & hr_positionCreate
Input)'
[96msrc/modules/personnel/services/personnel-positions.service.ts[0m:[93m461[0m:[93m13[0m - [91merror[0m
[90m TS2322: [0mType 'string | undefined' is not assignable to type 'number | null | undefined'.
  Type 'string' is not assignable to type 'number'.

[7m461[0m             level: row["宀椾綅绛夌骇"] ? String(row["宀椾綅绛夌骇"]) : undefined,
[7m   [0m [91m            ~~~~~[0m

  [96mnode_modules/.prisma/client/index.d.ts[0m:[93m124105[0m:[93m5[0m
    [7m124105[0m     level?: number | null
    [7m      [0m [96m    ~~~~~[0m
    The expected type comes from property 'level' which is declared here on type '(Without<hr_positionCreateInput
, hr_positionUncheckedCreateInput> & hr_positionUncheckedCreateInput) | (Without<...> & hr_positionCreateInput)'
[96msrc/modules/personnel/services/personnel-positions.service.ts[0m:[93m509[0m:[93m9[0m - [91merror[0m[
90m TS2353: [0mObject literal may only specify known properties, and 'status' does not exist in type '(Without<h
r_positionUpdateManyMutationInput, hr_positionUncheckedUpdateManyInput> & hr_positionUncheckedUpdateManyInput) | 
(Without<...> & hr_positionUpdateManyMutationInput)'.

[7m509[0m         status,
[7m   [0m [91m        ~~~~~~[0m

  [96mnode_modules/.prisma/client/index.d.ts[0m:[93m51247[0m:[93m5[0m
    [7m51247[0m     data: XOR<hr_positionUpdateManyMutationInput, hr_positionUncheckedUpdateManyInput>
    [7m     [0m [96m    ~~~~[0m
    The expected type comes from property 'data' which is declared here on type '{ data: (Without<hr_positionUpda
teManyMutationInput, hr_positionUncheckedUpdateManyInput> & hr_positionUncheckedUpdateManyInput) | (Without<...> 
& hr_positionUpdateManyMutationInput); where?: hr_positionWhereInput | undefined; limit?: number | undefined; }'
[96msrc/modules/service/controllers/service.controller.ts[0m:[93m47[0m:[93m14[0m - [91merror[0m[90m TS23
45: [0mArgument of type '{ limit: number; window: number; }' is not assignable to parameter of type 'RateLimitOp
tions'.
  Property 'type' is missing in type '{ limit: number; window: number; }' but required in type 'RateLimitOptions'
.

[7m47[0m   @RateLimit({ limit: 30, window: 60 })
[7m  [0m [91m             ~~~~~~~~~~~~~~~~~~~~~~~~~[0m

  [96msrc/common/decorators/rate-limiter.decorator.ts[0m:[93m17[0m:[93m3[0m
    [7m17[0m   type: RateLimitType; // 闄愭祦绫诲瀷
    [7m  [0m [96m  ~~~~[0m
    'type' is declared here.
[96msrc/modules/service/controllers/service.controller.ts[0m:[93m48[0m:[93m12[0m - [91merror[0m[90m TS23
53: [0mObject literal may only specify known properties, and 'key' does not exist in type 'CacheOptions'.

[7m48[0m   @Cache({ key: "service:sessions", ttl: 300 })
[7m  [0m [91m           ~~~[0m
[96msrc/modules/service/controllers/service.controller.ts[0m:[93m59[0m:[93m14[0m - [91merror[0m[90m TS23
45: [0mArgument of type '{ limit: number; window: number; }' is not assignable to parameter of type 'RateLimitOp
tions'.
  Property 'type' is missing in type '{ limit: number; window: number; }' but required in type 'RateLimitOptions'
.

[7m59[0m   @RateLimit({ limit: 50, window: 60 })
[7m  [0m [91m             ~~~~~~~~~~~~~~~~~~~~~~~~~[0m

  [96msrc/common/decorators/rate-limiter.decorator.ts[0m:[93m17[0m:[93m3[0m
    [7m17[0m   type: RateLimitType; // 闄愭祦绫诲瀷
    [7m  [0m [96m  ~~~~[0m
    'type' is declared here.
[96msrc/modules/service/controllers/service.controller.ts[0m:[93m60[0m:[93m12[0m - [91merror[0m[90m TS23
53: [0mObject literal may only specify known properties, and 'key' does not exist in type 'CacheOptions'.

[7m60[0m   @Cache({ key: "service:session:detail", ttl: 300 })
[7m  [0m [91m           ~~~[0m
[96msrc/modules/service/controllers/service.controller.ts[0m:[93m69[0m:[93m14[0m - [91merror[0m[90m TS23
45: [0mArgument of type '{ limit: number; window: number; }' is not assignable to parameter of type 'RateLimitOp
tions'.
  Property 'type' is missing in type '{ limit: number; window: number; }' but required in type 'RateLimitOptions'
.

[7m69[0m   @RateLimit({ limit: 10, window: 60 })
[7m  [0m [91m             ~~~~~~~~~~~~~~~~~~~~~~~~~[0m

  [96msrc/common/decorators/rate-limiter.decorator.ts[0m:[93m17[0m:[93m3[0m
    [7m17[0m   type: RateLimitType; // 闄愭祦绫诲瀷
    [7m  [0m [96m  ~~~~[0m
    'type' is declared here.
[96msrc/modules/service/controllers/service.controller.ts[0m:[93m70[0m:[93m17[0m - [91merror[0m[90m TS23
53: [0mObject literal may only specify known properties, and 'keys' does not exist in type 'CacheEvictOptions'.

[7m70[0m   @CacheEvict({ keys: ["service:sessions:*", "service:quality:*"] })
[7m  [0m [91m                ~~~~[0m
[96msrc/modules/service/controllers/service.controller.ts[0m:[93m82[0m:[93m14[0m - [91merror[0m[90m TS23
45: [0mArgument of type '{ limit: number; window: number; }' is not assignable to parameter of type 'RateLimitOp
tions'.
  Property 'type' is missing in type '{ limit: number; window: number; }' but required in type 'RateLimitOptions'
.

[7m82[0m   @RateLimit({ limit: 10, window: 60 })
[7m  [0m [91m             ~~~~~~~~~~~~~~~~~~~~~~~~~[0m

  [96msrc/common/decorators/rate-limiter.decorator.ts[0m:[93m17[0m:[93m3[0m
    [7m17[0m   type: RateLimitType; // 闄愭祦绫诲瀷
    [7m  [0m [96m  ~~~~[0m
    'type' is declared here.
[96msrc/modules/service/controllers/service.controller.ts[0m:[93m95[0m:[93m14[0m - [91merror[0m[90m TS23
45: [0mArgument of type '{ limit: number; window: number; }' is not assignable to parameter of type 'RateLimitOp
tions'.
  Property 'type' is missing in type '{ limit: number; window: number; }' but required in type 'RateLimitOptions'
.

[7m95[0m   @RateLimit({ limit: 10, window: 60 })
[7m  [0m [91m             ~~~~~~~~~~~~~~~~~~~~~~~~~[0m

  [96msrc/common/decorators/rate-limiter.decorator.ts[0m:[93m17[0m:[93m3[0m
    [7m17[0m   type: RateLimitType; // 闄愭祦绫诲瀷
    [7m  [0m [96m  ~~~~[0m
    'type' is declared here.
[96msrc/modules/service/controllers/service.controller.ts[0m:[93m96[0m:[93m17[0m - [91merror[0m[90m TS23
53: [0mObject literal may only specify known properties, and 'keys' does not exist in type 'CacheEvictOptions'.

[7m96[0m   @CacheEvict({ keys: ["service:sessions:*", "knowledge:articles:*"] })
[7m  [0m [91m                ~~~~[0m
[96msrc/modules/service/controllers/service.controller.ts[0m:[93m107[0m:[93m14[0m - [91merror[0m[90m TS2
345: [0mArgument of type '{ limit: number; window: number; }' is not assignable to parameter of type 'RateLimitO
ptions'.
  Property 'type' is missing in type '{ limit: number; window: number; }' but required in type 'RateLimitOptions'
.

[7m107[0m   @RateLimit({ limit: 30, window: 60 })
[7m   [0m [91m             ~~~~~~~~~~~~~~~~~~~~~~~~~[0m

  [96msrc/common/decorators/rate-limiter.decorator.ts[0m:[93m17[0m:[93m3[0m
    [7m17[0m   type: RateLimitType; // 闄愭祦绫诲瀷
    [7m  [0m [96m  ~~~~[0m
    'type' is declared here.
[96msrc/modules/service/controllers/service.controller.ts[0m:[93m108[0m:[93m12[0m - [91merror[0m[90m TS2
353: [0mObject literal may only specify known properties, and 'key' does not exist in type 'CacheOptions'.

[7m108[0m   @Cache({ key: "service:quality-rules", ttl: 600 })
[7m   [0m [91m           ~~~[0m
[96msrc/modules/service/controllers/service.controller.ts[0m:[93m118[0m:[93m14[0m - [91merror[0m[90m TS2
345: [0mArgument of type '{ limit: number; window: number; }' is not assignable to parameter of type 'RateLimitO
ptions'.
  Property 'type' is missing in type '{ limit: number; window: number; }' but required in type 'RateLimitOptions'
.

[7m118[0m   @RateLimit({ limit: 10, window: 60 })
[7m   [0m [91m             ~~~~~~~~~~~~~~~~~~~~~~~~~[0m

  [96msrc/common/decorators/rate-limiter.decorator.ts[0m:[93m17[0m:[93m3[0m
    [7m17[0m   type: RateLimitType; // 闄愭祦绫诲瀷
    [7m  [0m [96m  ~~~~[0m
    'type' is declared here.
[96msrc/modules/service/controllers/service.controller.ts[0m:[93m119[0m:[93m17[0m - [91merror[0m[90m TS2
353: [0mObject literal may only specify known properties, and 'keys' does not exist in type 'CacheEvictOptions'.

[7m119[0m   @CacheEvict({ keys: ["service:quality-rules:*"] })
[7m   [0m [91m                ~~~~[0m
[96msrc/modules/service/controllers/service.controller.ts[0m:[93m130[0m:[93m14[0m - [91merror[0m[90m TS2
345: [0mArgument of type '{ limit: number; window: number; }' is not assignable to parameter of type 'RateLimitO
ptions'.
  Property 'type' is missing in type '{ limit: number; window: number; }' but required in type 'RateLimitOptions'
.

[7m130[0m   @RateLimit({ limit: 20, window: 60 })
[7m   [0m [91m             ~~~~~~~~~~~~~~~~~~~~~~~~~[0m

  [96msrc/common/decorators/rate-limiter.decorator.ts[0m:[93m17[0m:[93m3[0m
    [7m17[0m   type: RateLimitType; // 闄愭祦绫诲瀷
    [7m  [0m [96m  ~~~~[0m
    'type' is declared here.
[96msrc/modules/service/controllers/service.controller.ts[0m:[93m131[0m:[93m17[0m - [91merror[0m[90m TS2
353: [0mObject literal may only specify known properties, and 'keys' does not exist in type 'CacheEvictOptions'.

[7m131[0m   @CacheEvict({ keys: ["service:quality-rules:*"] })
[7m   [0m [91m                ~~~~[0m
[96msrc/modules/service/controllers/service.controller.ts[0m:[93m143[0m:[93m14[0m - [91merror[0m[90m TS2
345: [0mArgument of type '{ limit: number; window: number; }' is not assignable to parameter of type 'RateLimitO
ptions'.
  Property 'type' is missing in type '{ limit: number; window: number; }' but required in type 'RateLimitOptions'
.

[7m143[0m   @RateLimit({ limit: 20, window: 60 })
[7m   [0m [91m             ~~~~~~~~~~~~~~~~~~~~~~~~~[0m

  [96msrc/common/decorators/rate-limiter.decorator.ts[0m:[93m17[0m:[93m3[0m
    [7m17[0m   type: RateLimitType; // 闄愭祦绫诲瀷
    [7m  [0m [96m  ~~~~[0m
    'type' is declared here.
[96msrc/modules/service/controllers/service.controller.ts[0m:[93m144[0m:[93m17[0m - [91merror[0m[90m TS2
353: [0mObject literal may only specify known properties, and 'keys' does not exist in type 'CacheEvictOptions'.

[7m144[0m   @CacheEvict({ keys: ["service:quality-rules:*"] })
[7m   [0m [91m                ~~~~[0m
[96msrc/modules/service/controllers/service.controller.ts[0m:[93m155[0m:[93m14[0m - [91merror[0m[90m TS2
345: [0mArgument of type '{ limit: number; window: number; }' is not assignable to parameter of type 'RateLimitO
ptions'.
  Property 'type' is missing in type '{ limit: number; window: number; }' but required in type 'RateLimitOptions'
.

[7m155[0m   @RateLimit({ limit: 20, window: 60 })
[7m   [0m [91m             ~~~~~~~~~~~~~~~~~~~~~~~~~[0m

  [96msrc/common/decorators/rate-limiter.decorator.ts[0m:[93m17[0m:[93m3[0m
    [7m17[0m   type: RateLimitType; // 闄愭祦绫诲瀷
    [7m  [0m [96m  ~~~~[0m
    'type' is declared here.
[96msrc/modules/service/controllers/service.controller.ts[0m:[93m156[0m:[93m17[0m - [91merror[0m[90m TS2
353: [0mObject literal may only specify known properties, and 'keys' does not exist in type 'CacheEvictOptions'.

[7m156[0m   @CacheEvict({ keys: ["service:quality-rules:*"] })
[7m   [0m [91m                ~~~~[0m
[96msrc/modules/service/controllers/service.controller.ts[0m:[93m167[0m:[93m14[0m - [91merror[0m[90m TS2
345: [0mArgument of type '{ limit: number; window: number; }' is not assignable to parameter of type 'RateLimitO
ptions'.
  Property 'type' is missing in type '{ limit: number; window: number; }' but required in type 'RateLimitOptions'
.

[7m167[0m   @RateLimit({ limit: 20, window: 60 })
[7m   [0m [91m             ~~~~~~~~~~~~~~~~~~~~~~~~~[0m

  [96msrc/common/decorators/rate-limiter.decorator.ts[0m:[93m17[0m:[93m3[0m
    [7m17[0m   type: RateLimitType; // 闄愭祦绫诲瀷
    [7m  [0m [96m  ~~~~[0m
    'type' is declared here.
[96msrc/modules/service/controllers/service.controller.ts[0m:[93m168[0m:[93m17[0m - [91merror[0m[90m TS2
353: [0mObject literal may only specify known properties, and 'keys' does not exist in type 'CacheEvictOptions'.

[7m168[0m   @CacheEvict({ keys: ["service:quality-rules:*"] })
[7m   [0m [91m                ~~~~[0m
[96msrc/modules/service/controllers/service.controller.ts[0m:[93m178[0m:[93m14[0m - [91merror[0m[90m TS2
345: [0mArgument of type '{ limit: number; window: number; }' is not assignable to parameter of type 'RateLimitO
ptions'.
  Property 'type' is missing in type '{ limit: number; window: number; }' but required in type 'RateLimitOptions'
.

[7m178[0m   @RateLimit({ limit: 30, window: 60 })
[7m   [0m [91m             ~~~~~~~~~~~~~~~~~~~~~~~~~[0m

  [96msrc/common/decorators/rate-limiter.decorator.ts[0m:[93m17[0m:[93m3[0m
    [7m17[0m   type: RateLimitType; // 闄愭祦绫诲瀷
    [7m  [0m [96m  ~~~~[0m
    'type' is declared here.
[96msrc/modules/service/controllers/service.controller.ts[0m:[93m179[0m:[93m12[0m - [91merror[0m[90m TS2
353: [0mObject literal may only specify known properties, and 'key' does not exist in type 'CacheOptions'.

[7m179[0m   @Cache({ key: "service:sensitive-terms", ttl: 600 })
[7m   [0m [91m           ~~~[0m
[96msrc/modules/service/controllers/service.controller.ts[0m:[93m189[0m:[93m14[0m - [91merror[0m[90m TS2
345: [0mArgument of type '{ limit: number; window: number; }' is not assignable to parameter of type 'RateLimitO
ptions'.
  Property 'type' is missing in type '{ limit: number; window: number; }' but required in type 'RateLimitOptions'
.

[7m189[0m   @RateLimit({ limit: 10, window: 60 })
[7m   [0m [91m             ~~~~~~~~~~~~~~~~~~~~~~~~~[0m

  [96msrc/common/decorators/rate-limiter.decorator.ts[0m:[93m17[0m:[93m3[0m
    [7m17[0m   type: RateLimitType; // 闄愭祦绫诲瀷
    [7m  [0m [96m  ~~~~[0m
    'type' is declared here.
[96msrc/modules/service/controllers/service.controller.ts[0m:[93m190[0m:[93m17[0m - [91merror[0m[90m TS2
353: [0mObject literal may only specify known properties, and 'keys' does not exist in type 'CacheEvictOptions'.

[7m190[0m   @CacheEvict({ keys: ["service:sensitive-terms:*"] })
[7m   [0m [91m                ~~~~[0m
[96msrc/modules/service/controllers/service.controller.ts[0m:[93m201[0m:[93m14[0m - [91merror[0m[90m TS2
345: [0mArgument of type '{ limit: number; window: number; }' is not assignable to parameter of type 'RateLimitO
ptions'.
  Property 'type' is missing in type '{ limit: number; window: number; }' but required in type 'RateLimitOptions'
.

[7m201[0m   @RateLimit({ limit: 20, window: 60 })
[7m   [0m [91m             ~~~~~~~~~~~~~~~~~~~~~~~~~[0m

  [96msrc/common/decorators/rate-limiter.decorator.ts[0m:[93m17[0m:[93m3[0m
    [7m17[0m   type: RateLimitType; // 闄愭祦绫诲瀷
    [7m  [0m [96m  ~~~~[0m
    'type' is declared here.
[96msrc/modules/service/controllers/service.controller.ts[0m:[93m202[0m:[93m17[0m - [91merror[0m[90m TS2
353: [0mObject literal may only specify known properties, and 'keys' does not exist in type 'CacheEvictOptions'.

[7m202[0m   @CacheEvict({ keys: ["service:sensitive-terms:*"] })
[7m   [0m [91m                ~~~~[0m
[96msrc/modules/service/controllers/service.controller.ts[0m:[93m213[0m:[93m14[0m - [91merror[0m[90m TS2
345: [0mArgument of type '{ limit: number; window: number; }' is not assignable to parameter of type 'RateLimitO
ptions'.
  Property 'type' is missing in type '{ limit: number; window: number; }' but required in type 'RateLimitOptions'
.

[7m213[0m   @RateLimit({ limit: 30, window: 60 })
[7m   [0m [91m             ~~~~~~~~~~~~~~~~~~~~~~~~~[0m

  [96msrc/common/decorators/rate-limiter.decorator.ts[0m:[93m17[0m:[93m3[0m
    [7m17[0m   type: RateLimitType; // 闄愭祦绫诲瀷
    [7m  [0m [96m  ~~~~[0m
    'type' is declared here.
[96msrc/modules/service/controllers/service.controller.ts[0m:[93m214[0m:[93m12[0m - [91merror[0m[90m TS2
353: [0mObject literal may only specify known properties, and 'key' does not exist in type 'CacheOptions'.

[7m214[0m   @Cache({ key: "service:ai-overview", ttl: 600 })
[7m   [0m [91m           ~~~[0m
[96msrc/modules/service/controllers/service.controller.ts[0m:[93m225[0m:[93m14[0m - [91merror[0m[90m TS2
345: [0mArgument of type '{ limit: number; window: number; }' is not assignable to parameter of type 'RateLimitO
ptions'.
  Property 'type' is missing in type '{ limit: number; window: number; }' but required in type 'RateLimitOptions'
.

[7m225[0m   @RateLimit({ limit: 30, window: 60 })
[7m   [0m [91m             ~~~~~~~~~~~~~~~~~~~~~~~~~[0m

  [96msrc/common/decorators/rate-limiter.decorator.ts[0m:[93m17[0m:[93m3[0m
    [7m17[0m   type: RateLimitType; // 闄愭祦绫诲瀷
    [7m  [0m [96m  ~~~~[0m
    'type' is declared here.
[96msrc/modules/service/controllers/service.controller.ts[0m:[93m226[0m:[93m12[0m - [91merror[0m[90m TS2
353: [0mObject literal may only specify known properties, and 'key' does not exist in type 'CacheOptions'.

[7m226[0m   @Cache({ key: "service:dashboard-metrics", ttl: 600 })
[7m   [0m [91m           ~~~[0m
[96msrc/modules/service/controllers/service.controller.ts[0m:[93m237[0m:[93m14[0m - [91merror[0m[90m TS2
345: [0mArgument of type '{ limit: number; window: number; }' is not assignable to parameter of type 'RateLimitO
ptions'.
  Property 'type' is missing in type '{ limit: number; window: number; }' but required in type 'RateLimitOptions'
.

[7m237[0m   @RateLimit({ limit: 30, window: 60 })
[7m   [0m [91m             ~~~~~~~~~~~~~~~~~~~~~~~~~[0m

  [96msrc/common/decorators/rate-limiter.decorator.ts[0m:[93m17[0m:[93m3[0m
    [7m17[0m   type: RateLimitType; // 闄愭祦绫诲瀷
    [7m  [0m [96m  ~~~~[0m
    'type' is declared here.
[96msrc/modules/service/controllers/service.controller.ts[0m:[93m238[0m:[93m12[0m - [91merror[0m[90m TS2
353: [0mObject literal may only specify known properties, and 'key' does not exist in type 'CacheOptions'.

[7m238[0m   @Cache({ key: "service:loss-inquiries", ttl: 300 })
[7m   [0m [91m           ~~~[0m
[96msrc/modules/service/controllers/service.controller.ts[0m:[93m250[0m:[93m14[0m - [91merror[0m[90m TS2
345: [0mArgument of type '{ limit: number; window: number; }' is not assignable to parameter of type 'RateLimitO
ptions'.
  Property 'type' is missing in type '{ limit: number; window: number; }' but required in type 'RateLimitOptions'
.

[7m250[0m   @RateLimit({ limit: 20, window: 60 })
[7m   [0m [91m             ~~~~~~~~~~~~~~~~~~~~~~~~~[0m

  [96msrc/common/decorators/rate-limiter.decorator.ts[0m:[93m17[0m:[93m3[0m
    [7m17[0m   type: RateLimitType; // 闄愭祦绫诲瀷
    [7m  [0m [96m  ~~~~[0m
    'type' is declared here.
[96msrc/modules/service/controllers/service.controller.ts[0m:[93m251[0m:[93m17[0m - [91merror[0m[90m TS2
353: [0mObject literal may only specify known properties, and 'keys' does not exist in type 'CacheEvictOptions'.

[7m251[0m   @CacheEvict({ keys: ["service:loss-inquiries:*"] })
[7m   [0m [91m                ~~~~[0m
[96msrc/modules/service/controllers/service.controller.ts[0m:[93m262[0m:[93m14[0m - [91merror[0m[90m TS2
345: [0mArgument of type '{ limit: number; window: number; }' is not assignable to parameter of type 'RateLimitO
ptions'.
  Property 'type' is missing in type '{ limit: number; window: number; }' but required in type 'RateLimitOptions'
.

[7m262[0m   @RateLimit({ limit: 30, window: 60 })
[7m   [0m [91m             ~~~~~~~~~~~~~~~~~~~~~~~~~[0m

  [96msrc/common/decorators/rate-limiter.decorator.ts[0m:[93m17[0m:[93m3[0m
    [7m17[0m   type: RateLimitType; // 闄愭祦绫诲瀷
    [7m  [0m [96m  ~~~~[0m
    'type' is declared here.
[96msrc/modules/service/controllers/service.controller.ts[0m:[93m263[0m:[93m12[0m - [91merror[0m[90m TS2
353: [0mObject literal may only specify known properties, and 'key' does not exist in type 'CacheOptions'.

[7m263[0m   @Cache({ key: "service:faqs", ttl: 600 })
[7m   [0m [91m           ~~~[0m
[96msrc/modules/service/controllers/service.controller.ts[0m:[93m275[0m:[93m14[0m - [91merror[0m[90m TS2
345: [0mArgument of type '{ limit: number; window: number; }' is not assignable to parameter of type 'RateLimitO
ptions'.
  Property 'type' is missing in type '{ limit: number; window: number; }' but required in type 'RateLimitOptions'
.

[7m275[0m   @RateLimit({ limit: 10, window: 60 })
[7m   [0m [91m             ~~~~~~~~~~~~~~~~~~~~~~~~~[0m

  [96msrc/common/decorators/rate-limiter.decorator.ts[0m:[93m17[0m:[93m3[0m
    [7m17[0m   type: RateLimitType; // 闄愭祦绫诲瀷
    [7m  [0m [96m  ~~~~[0m
    'type' is declared here.
[96msrc/modules/service/controllers/service.controller.ts[0m:[93m276[0m:[93m17[0m - [91merror[0m[90m TS2
353: [0mObject literal may only specify known properties, and 'keys' does not exist in type 'CacheEvictOptions'.

[7m276[0m   @CacheEvict({ keys: ["service:faqs:*", "knowledge:articles:*"] })
[7m   [0m [91m                ~~~~[0m
[96msrc/modules/service/controllers/service.controller.ts[0m:[93m286[0m:[93m14[0m - [91merror[0m[90m TS2
345: [0mArgument of type '{ limit: number; window: number; }' is not assignable to parameter of type 'RateLimitO
ptions'.
  Property 'type' is missing in type '{ limit: number; window: number; }' but required in type 'RateLimitOptions'
.

[7m286[0m   @RateLimit({ limit: 30, window: 60 })
[7m   [0m [91m             ~~~~~~~~~~~~~~~~~~~~~~~~~[0m

  [96msrc/common/decorators/rate-limiter.decorator.ts[0m:[93m17[0m:[93m3[0m
    [7m17[0m   type: RateLimitType; // 闄愭祦绫诲瀷
    [7m  [0m [96m  ~~~~[0m
    'type' is declared here.
[96msrc/modules/service/controllers/service.controller.ts[0m:[93m287[0m:[93m12[0m - [91merror[0m[90m TS2
353: [0mObject literal may only specify known properties, and 'key' does not exist in type 'CacheOptions'.

[7m287[0m   @Cache({ key: "service:tags:audit", ttl: 300 })
[7m   [0m [91m           ~~~[0m
[96msrc/modules/service/controllers/service.controller.ts[0m:[93m299[0m:[93m14[0m - [91merror[0m[90m TS2
345: [0mArgument of type '{ limit: number; window: number; }' is not assignable to parameter of type 'RateLimitO
ptions'.
  Property 'type' is missing in type '{ limit: number; window: number; }' but required in type 'RateLimitOptions'
.

[7m299[0m   @RateLimit({ limit: 10, window: 60 })
[7m   [0m [91m             ~~~~~~~~~~~~~~~~~~~~~~~~~[0m

  [96msrc/common/decorators/rate-limiter.decorator.ts[0m:[93m17[0m:[93m3[0m
    [7m17[0m   type: RateLimitType; // 闄愭祦绫诲瀷
    [7m  [0m [96m  ~~~~[0m
    'type' is declared here.
[96msrc/modules/service/controllers/service.controller.ts[0m:[93m300[0m:[93m17[0m - [91merror[0m[90m TS2
353: [0mObject literal may only specify known properties, and 'keys' does not exist in type 'CacheEvictOptions'.

[7m300[0m   @CacheEvict({ keys: ["service:tags:*", "service:sessions:*"] })
[7m   [0m [91m                ~~~~[0m
[96msrc/modules/service/controllers/service.controller.ts[0m:[93m311[0m:[93m14[0m - [91merror[0m[90m TS2
345: [0mArgument of type '{ limit: number; window: number; }' is not assignable to parameter of type 'RateLimitO
ptions'.
  Property 'type' is missing in type '{ limit: number; window: number; }' but required in type 'RateLimitOptions'
.

[7m311[0m   @RateLimit({ limit: 10, window: 60 })
[7m   [0m [91m             ~~~~~~~~~~~~~~~~~~~~~~~~~[0m

  [96msrc/common/decorators/rate-limiter.decorator.ts[0m:[93m17[0m:[93m3[0m
    [7m17[0m   type: RateLimitType; // 闄愭祦绫诲瀷
    [7m  [0m [96m  ~~~~[0m
    'type' is declared here.
[96msrc/modules/service/controllers/service.controller.ts[0m:[93m312[0m:[93m17[0m - [91merror[0m[90m TS2
353: [0mObject literal may only specify known properties, and 'keys' does not exist in type 'CacheEvictOptions'.

[7m312[0m   @CacheEvict({ keys: ["service:tags:*", "service:sessions:*"] })
[7m   [0m [91m                ~~~~[0m
[96msrc/modules/service/controllers/service.controller.ts[0m:[93m323[0m:[93m14[0m - [91merror[0m[90m TS2
345: [0mArgument of type '{ limit: number; window: number; }' is not assignable to parameter of type 'RateLimitO
ptions'.
  Property 'type' is missing in type '{ limit: number; window: number; }' but required in type 'RateLimitOptions'
.

[7m323[0m   @RateLimit({ limit: 5, window: 60 })
[7m   [0m [91m             ~~~~~~~~~~~~~~~~~~~~~~~~[0m

  [96msrc/common/decorators/rate-limiter.decorator.ts[0m:[93m17[0m:[93m3[0m
    [7m17[0m   type: RateLimitType; // 闄愭祦绫诲瀷
    [7m  [0m [96m  ~~~~[0m
    'type' is declared here.
[96msrc/modules/service/controllers/service.controller.ts[0m:[93m324[0m:[93m17[0m - [91merror[0m[90m TS2
353: [0mObject literal may only specify known properties, and 'keys' does not exist in type 'CacheEvictOptions'.

[7m324[0m   @CacheEvict({ keys: ["service:tags:*", "service:sessions:*"] })
[7m   [0m [91m                ~~~~[0m
[96msrc/modules/service/services/service.service.ts[0m:[93m774[0m:[93m30[0m - [91merror[0m[90m TS2345: 
[0mArgument of type 'any' is not assignable to parameter of type 'never'.

[7m774[0m           uniqueNewTags.push(nt);
[7m   [0m [91m                             ~~[0m
[96msrc/modules/shop/services/product.service.ts[0m:[93m105[0m:[93m9[0m - [91merror[0m[90m TS2353: [0mO
bject literal may only specify known properties, and 'biz_product_category' does not exist in type 'biz_productIn
clude<DefaultArgs>'.

[7m105[0m         biz_product_category: {
[7m   [0m [91m        ~~~~~~~~~~~~~~~~~~~~[0m

  [96mnode_modules/.prisma/client/index.d.ts[0m:[93m55156[0m:[93m5[0m
    [7m55156[0m     include?: biz_productInclude<ExtArgs> | null
    [7m     [0m [96m    ~~~~~~~[0m
    The expected type comes from property 'include' which is declared here on type '{ select?: biz_productSelect<
DefaultArgs> | null | undefined; omit?: biz_productOmit<DefaultArgs> | null | undefined; include?: biz_productInc
lude<...> | ... 1 more ... | undefined; where: biz_productWhereUniqueInput; }'
[96msrc/modules/shop/services/product.service.ts[0m:[93m286[0m:[93m19[0m - [91merror[0m[90m TS2353: [0m
Object literal may only specify known properties, and 'sort' does not exist in type '(Without<biz_productUpdateIn
put, biz_productUncheckedUpdateInput> & biz_productUncheckedUpdateInput) | (Without<...> & biz_productUpdateInput
)'.

[7m286[0m           data: { sort: item.sort, update_time: new Date() },
[7m   [0m [91m                  ~~~~[0m

  [96mnode_modules/.prisma/client/index.d.ts[0m:[93m55388[0m:[93m5[0m
    [7m55388[0m     data: XOR<biz_productUpdateInput, biz_productUncheckedUpdateInput>
    [7m     [0m [96m    ~~~~[0m
    The expected type comes from property 'data' which is declared here on type '{ select?: biz_productSelect<Def
aultArgs> | null | undefined; omit?: biz_productOmit<DefaultArgs> | null | undefined; include?: biz_productInclud
e<...> | ... 1 more ... | undefined; data: (Without<...> & biz_productUncheckedUpdateInput) | (Without<...> & biz
_productUpdateInput); where: biz_productWhereUniqueInput; }'
[96msrc/modules/shop/services/product.service.ts[0m:[93m367[0m:[93m33[0m - [91merror[0m[90m TS2554: [0m
Expected 3 arguments, but got 2.

[7m367[0m     const products = await this.findAll(userId, params);
[7m   [0m [91m                                ~~~~~~~[0m

  [96msrc/modules/shop/services/product.service.ts[0m:[93m44[0m:[93m5[0m
    [7m44[0m     params: { keyword?: string; platform_id?: string; category_id?: string },
    [7m  [0m [96m    ~~~~~~~~~~~~~~~~~~~~~~~~~~~~~~~~~~~~~~~~~~~~~~~~~~~~~~~~~~~~~~~~~~~~~~~~[0m
    An argument for 'params' was not provided.
[96msrc/modules/shop/services/product.service.ts[0m:[93m369[0m:[93m25[0m - [91merror[0m[90m TS2352: [0m
Conversion of type 'PaginatedResponse<any>' to type 'any[]' may be a mistake because neither type sufficiently ov
erlaps with the other. If this was intentional, convert the expression to 'unknown' first.
  Type 'PaginatedResponse<any>' is missing the following properties from type 'any[]': length, pop, push, concat,
 and 29 more.

[7m369[0m     const exportData = (products as any[]).map((product: any) => ({
[7m   [0m [91m                        ~~~~~~~~~~~~~~~~~[0m
[96msrc/modules/system/controllers/dashboard.controller.ts[0m:[93m3[0m:[93m30[0m - [91merror[0m[90m TS23
07: [0mCannot find module '../../auth/guards/jwt-auth.guard' or its corresponding type declarations.

[7m3[0m import { JwtAuthGuard } from '../../auth/guards/jwt-auth.guard';
[7m [0m [91m                             ~~~~~~~~~~~~~~~~~~~~~~~~~~~~~~~~~~[0m
[96msrc/modules/system/controllers/dashboard.controller.ts[0m:[93m4[0m:[93m29[0m - [91merror[0m[90m TS23
07: [0mCannot find module '../../../common/decorators/current-user.decorator' or its corresponding type declarat
ions.

[7m4[0m import { CurrentUser } from '../../../common/decorators/current-user.decorator';
[7m [0m [91m                            ~~~~~~~~~~~~~~~~~~~~~~~~~~~~~~~~~~~~~~~~~~~~~~~~~~~[0m
[96msrc/modules/system/controllers/dashboard.controller.ts[0m:[93m5[0m:[93m36[0m - [91merror[0m[90m TS23
07: [0mCannot find module '../../../common/interfaces/current-user.interface' or its corresponding type declarat
ions.

[7m5[0m import { CurrentUserPayload } from '../../../common/interfaces/current-user.interface';
[7m [0m [91m                                   ~~~~~~~~~~~~~~~~~~~~~~~~~~~~~~~~~~~~~~~~~~~~~~~~~~~[0m
[96msrc/modules/system/controllers/system-departments.controller.ts[0m:[93m106[0m:[93m42[0m - [91merror[0
m[90m TS2339: [0mProperty 'sort' does not exist on type 'SystemDepartmentsService'.

[7m106[0m     return this.systemDepartmentsService.sort(user.sub, dto.items);
[7m   [0m [91m                                         ~~~~[0m
[96msrc/modules/system/controllers/system-mapping.controller.ts[0m:[93m3[0m:[93m10[0m - [91merror[0m[90m
 TS2305: [0mModule '"../../auth/strategies/jwt.strategy"' has no exported member 'JwtAuthGuard'.

[7m3[0m import { JwtAuthGuard } from '../../auth/strategies/jwt.strategy';
[7m [0m [91m         ~~~~~~~~~~~~[0m
[96msrc/modules/system/controllers/system-mapping.controller.ts[0m:[93m62[0m:[93m46[0m - [91merror[0m[90
m TS2339: [0mProperty 'name' does not exist on type 'CurrentUserPayload'.

[7m62[0m       this.logger.log(`馃洜锔?[AUDIT] 鐢ㄦ埛 ${user.name} 姝ｅ湪鏇存柊闆嗘垚閾捐矾: ${dto.id}`);
[7m  [0m [91m                                             ~~~~[0m
[96msrc/modules/system/controllers/system-mapping.controller.ts[0m:[93m68[0m:[93m44[0m - [91merror[0m[90
m TS2339: [0mProperty 'name' does not exist on type 'CurrentUserPayload'.

[7m68[0m       this.logger.log(`鉁?[AUDIT] 鐢ㄦ埛 ${user.name} 姝ｅ湪寤虹珛鏂伴泦鎴愰摼璺? ${dto.platform_id}`);
[7m  [0m [91m                                           ~~~~[0m
[96msrc/modules/system/controllers/system-menus.controller.ts[0m:[93m31[0m:[93m14[0m - [91merror[0m[90m 
TS2345: [0mArgument of type '{ limit: number; window: number; }' is not assignable to parameter of type 'RateLim
itOptions'.
  Property 'type' is missing in type '{ limit: number; window: number; }' but required in type 'RateLimitOptions'
.

[7m31[0m   @RateLimit({ limit: 30, window: 60 })
[7m  [0m [91m             ~~~~~~~~~~~~~~~~~~~~~~~~~[0m

  [96msrc/common/decorators/rate-limiter.decorator.ts[0m:[93m17[0m:[93m3[0m
    [7m17[0m   type: RateLimitType; // 闄愭祦绫诲瀷
    [7m  [0m [96m  ~~~~[0m
    'type' is declared here.
[96msrc/modules/system/controllers/system-menus.controller.ts[0m:[93m32[0m:[93m12[0m - [91merror[0m[90m 
TS2353: [0mObject literal may only specify known properties, and 'key' does not exist in type 'CacheOptions'.

[7m32[0m   @Cache({ key: "system:menus", ttl: 600 })
[7m  [0m [91m           ~~~[0m
[96msrc/modules/system/controllers/system-menus.controller.ts[0m:[93m40[0m:[93m14[0m - [91merror[0m[90m 
TS2345: [0mArgument of type '{ limit: number; window: number; }' is not assignable to parameter of type 'RateLim
itOptions'.
  Property 'type' is missing in type '{ limit: number; window: number; }' but required in type 'RateLimitOptions'
.

[7m40[0m   @RateLimit({ limit: 30, window: 60 })
[7m  [0m [91m             ~~~~~~~~~~~~~~~~~~~~~~~~~[0m

  [96msrc/common/decorators/rate-limiter.decorator.ts[0m:[93m17[0m:[93m3[0m
    [7m17[0m   type: RateLimitType; // 闄愭祦绫诲瀷
    [7m  [0m [96m  ~~~~[0m
    'type' is declared here.
[96msrc/modules/system/controllers/system-menus.controller.ts[0m:[93m41[0m:[93m12[0m - [91merror[0m[90m 
TS2353: [0mObject literal may only specify known properties, and 'key' does not exist in type 'CacheOptions'.

[7m41[0m   @Cache({ key: "system:menus:tree", ttl: 600 })
[7m  [0m [91m           ~~~[0m
[96msrc/modules/system/controllers/system-menus.controller.ts[0m:[93m51[0m:[93m14[0m - [91merror[0m[90m 
TS2345: [0mArgument of type '{ limit: number; window: number; }' is not assignable to parameter of type 'RateLim
itOptions'.
  Property 'type' is missing in type '{ limit: number; window: number; }' but required in type 'RateLimitOptions'
.

[7m51[0m   @RateLimit({ limit: 10, window: 60 })
[7m  [0m [91m             ~~~~~~~~~~~~~~~~~~~~~~~~~[0m

  [96msrc/common/decorators/rate-limiter.decorator.ts[0m:[93m17[0m:[93m3[0m
    [7m17[0m   type: RateLimitType; // 闄愭祦绫诲瀷
    [7m  [0m [96m  ~~~~[0m
    'type' is declared here.
[96msrc/modules/system/controllers/system-menus.controller.ts[0m:[93m52[0m:[93m17[0m - [91merror[0m[90m 
TS2353: [0mObject literal may only specify known properties, and 'keys' does not exist in type 'CacheEvictOption
s'.

[7m52[0m   @CacheEvict({ keys: ["system:menus:*"] })
[7m  [0m [91m                ~~~~[0m
[96msrc/modules/system/controllers/system-menus.controller.ts[0m:[93m60[0m:[93m14[0m - [91merror[0m[90m 
TS2345: [0mArgument of type '{ limit: number; window: number; }' is not assignable to parameter of type 'RateLim
itOptions'.
  Property 'type' is missing in type '{ limit: number; window: number; }' but required in type 'RateLimitOptions'
.

[7m60[0m   @RateLimit({ limit: 20, window: 60 })
[7m  [0m [91m             ~~~~~~~~~~~~~~~~~~~~~~~~~[0m

  [96msrc/common/decorators/rate-limiter.decorator.ts[0m:[93m17[0m:[93m3[0m
    [7m17[0m   type: RateLimitType; // 闄愭祦绫诲瀷
    [7m  [0m [96m  ~~~~[0m
    'type' is declared here.
[96msrc/modules/system/controllers/system-menus.controller.ts[0m:[93m61[0m:[93m17[0m - [91merror[0m[90m 
TS2353: [0mObject literal may only specify known properties, and 'keys' does not exist in type 'CacheEvictOption
s'.

[7m61[0m   @CacheEvict({ keys: ["system:menus:*"] })
[7m  [0m [91m                ~~~~[0m
[96msrc/modules/system/controllers/system-menus.controller.ts[0m:[93m69[0m:[93m14[0m - [91merror[0m[90m 
TS2345: [0mArgument of type '{ limit: number; window: number; }' is not assignable to parameter of type 'RateLim
itOptions'.
  Property 'type' is missing in type '{ limit: number; window: number; }' but required in type 'RateLimitOptions'
.

[7m69[0m   @RateLimit({ limit: 20, window: 60 })
[7m  [0m [91m             ~~~~~~~~~~~~~~~~~~~~~~~~~[0m

  [96msrc/common/decorators/rate-limiter.decorator.ts[0m:[93m17[0m:[93m3[0m
    [7m17[0m   type: RateLimitType; // 闄愭祦绫诲瀷
    [7m  [0m [96m  ~~~~[0m
    'type' is declared here.
[96msrc/modules/system/controllers/system-menus.controller.ts[0m:[93m70[0m:[93m17[0m - [91merror[0m[90m 
TS2353: [0mObject literal may only specify known properties, and 'keys' does not exist in type 'CacheEvictOption
s'.

[7m70[0m   @CacheEvict({ keys: ["system:menus:*"] })
[7m  [0m [91m                ~~~~[0m
[96msrc/modules/system/controllers/system-menus.controller.ts[0m:[93m78[0m:[93m14[0m - [91merror[0m[90m 
TS2345: [0mArgument of type '{ limit: number; window: number; }' is not assignable to parameter of type 'RateLim
itOptions'.
  Property 'type' is missing in type '{ limit: number; window: number; }' but required in type 'RateLimitOptions'
.

[7m78[0m   @RateLimit({ limit: 10, window: 60 })
[7m  [0m [91m             ~~~~~~~~~~~~~~~~~~~~~~~~~[0m

  [96msrc/common/decorators/rate-limiter.decorator.ts[0m:[93m17[0m:[93m3[0m
    [7m17[0m   type: RateLimitType; // 闄愭祦绫诲瀷
    [7m  [0m [96m  ~~~~[0m
    'type' is declared here.
[96msrc/modules/system/controllers/system-menus.controller.ts[0m:[93m79[0m:[93m17[0m - [91merror[0m[90m 
TS2353: [0mObject literal may only specify known properties, and 'keys' does not exist in type 'CacheEvictOption
s'.

[7m79[0m   @CacheEvict({ keys: ["system:menus:*"] })
[7m  [0m [91m                ~~~~[0m
[96msrc/modules/system/controllers/system-messages.controller.ts[0m:[93m12[0m:[93m30[0m - [91merror[0m[9
0m TS2307: [0mCannot find module '../../auth/guards/jwt-auth.guard' or its corresponding type declarations.

[7m12[0m import { JwtAuthGuard } from "../../auth/guards/jwt-auth.guard";
[7m  [0m [91m                             ~~~~~~~~~~~~~~~~~~~~~~~~~~~~~~~~~~[0m
[96msrc/modules/system/controllers/system-messages.controller.ts[0m:[93m13[0m:[93m29[0m - [91merror[0m[9
0m TS2307: [0mCannot find module '../../../common/decorators/current-user.decorator' or its corresponding type d
eclarations.

[7m13[0m import { CurrentUser } from "../../../common/decorators/current-user.decorator";
[7m  [0m [91m                            ~~~~~~~~~~~~~~~~~~~~~~~~~~~~~~~~~~~~~~~~~~~~~~~~~~~[0m
[96msrc/modules/system/controllers/system-messages.controller.ts[0m:[93m14[0m:[93m36[0m - [91merror[0m[9
0m TS2307: [0mCannot find module '../../../common/interfaces/current-user.interface' or its corresponding type d
eclarations.

[7m14[0m import { CurrentUserPayload } from "../../../common/interfaces/current-user.interface";
[7m  [0m [91m                                   ~~~~~~~~~~~~~~~~~~~~~~~~~~~~~~~~~~~~~~~~~~~~~~~~~~~[0m
[96msrc/modules/system/controllers/system-roles.controller.ts[0m:[93m30[0m:[93m14[0m - [91merror[0m[90m 
TS2345: [0mArgument of type '{ limit: number; window: number; }' is not assignable to parameter of type 'RateLim
itOptions'.
  Property 'type' is missing in type '{ limit: number; window: number; }' but required in type 'RateLimitOptions'
.

[7m30[0m   @RateLimit({ limit: 30, window: 60 })
[7m  [0m [91m             ~~~~~~~~~~~~~~~~~~~~~~~~~[0m

  [96msrc/common/decorators/rate-limiter.decorator.ts[0m:[93m17[0m:[93m3[0m
    [7m17[0m   type: RateLimitType; // 闄愭祦绫诲瀷
    [7m  [0m [96m  ~~~~[0m
    'type' is declared here.
[96msrc/modules/system/controllers/system-roles.controller.ts[0m:[93m31[0m:[93m12[0m - [91merror[0m[90m 
TS2353: [0mObject literal may only specify known properties, and 'key' does not exist in type 'CacheOptions'.

[7m31[0m   @Cache({ key: "system:roles", ttl: 600 })
[7m  [0m [91m           ~~~[0m
[96msrc/modules/system/controllers/system-roles.controller.ts[0m:[93m41[0m:[93m14[0m - [91merror[0m[90m 
TS2345: [0mArgument of type '{ limit: number; window: number; }' is not assignable to parameter of type 'RateLim
itOptions'.
  Property 'type' is missing in type '{ limit: number; window: number; }' but required in type 'RateLimitOptions'
.

[7m41[0m   @RateLimit({ limit: 10, window: 60 })
[7m  [0m [91m             ~~~~~~~~~~~~~~~~~~~~~~~~~[0m

  [96msrc/common/decorators/rate-limiter.decorator.ts[0m:[93m17[0m:[93m3[0m
    [7m17[0m   type: RateLimitType; // 闄愭祦绫诲瀷
    [7m  [0m [96m  ~~~~[0m
    'type' is declared here.
[96msrc/modules/system/controllers/system-roles.controller.ts[0m:[93m42[0m:[93m17[0m - [91merror[0m[90m 
TS2353: [0mObject literal may only specify known properties, and 'keys' does not exist in type 'CacheEvictOption
s'.

[7m42[0m   @CacheEvict({ keys: ["system:roles:*"] })
[7m  [0m [91m                ~~~~[0m
[96msrc/modules/system/controllers/system-roles.controller.ts[0m:[93m50[0m:[93m14[0m - [91merror[0m[90m 
TS2345: [0mArgument of type '{ limit: number; window: number; }' is not assignable to parameter of type 'RateLim
itOptions'.
  Property 'type' is missing in type '{ limit: number; window: number; }' but required in type 'RateLimitOptions'
.

[7m50[0m   @RateLimit({ limit: 10, window: 60 })
[7m  [0m [91m             ~~~~~~~~~~~~~~~~~~~~~~~~~[0m

  [96msrc/common/decorators/rate-limiter.decorator.ts[0m:[93m17[0m:[93m3[0m
    [7m17[0m   type: RateLimitType; // 闄愭祦绫诲瀷
    [7m  [0m [96m  ~~~~[0m
    'type' is declared here.
[96msrc/modules/system/controllers/system-roles.controller.ts[0m:[93m51[0m:[93m17[0m - [91merror[0m[90m 
TS2353: [0mObject literal may only specify known properties, and 'keys' does not exist in type 'CacheEvictOption
s'.

[7m51[0m   @CacheEvict({ keys: ["system:roles:*"] })
[7m  [0m [91m                ~~~~[0m
[96msrc/modules/system/controllers/system-roles.controller.ts[0m:[93m59[0m:[93m14[0m - [91merror[0m[90m 
TS2345: [0mArgument of type '{ limit: number; window: number; }' is not assignable to parameter of type 'RateLim
itOptions'.
  Property 'type' is missing in type '{ limit: number; window: number; }' but required in type 'RateLimitOptions'
.

[7m59[0m   @RateLimit({ limit: 20, window: 60 })
[7m  [0m [91m             ~~~~~~~~~~~~~~~~~~~~~~~~~[0m

  [96msrc/common/decorators/rate-limiter.decorator.ts[0m:[93m17[0m:[93m3[0m
    [7m17[0m   type: RateLimitType; // 闄愭祦绫诲瀷
    [7m  [0m [96m  ~~~~[0m
    'type' is declared here.
[96msrc/modules/system/controllers/system-roles.controller.ts[0m:[93m60[0m:[93m17[0m - [91merror[0m[90m 
TS2353: [0mObject literal may only specify known properties, and 'keys' does not exist in type 'CacheEvictOption
s'.

[7m60[0m   @CacheEvict({ keys: ["system:roles:*"] })
[7m  [0m [91m                ~~~~[0m
[96msrc/modules/system/controllers/system-roles.controller.ts[0m:[93m68[0m:[93m14[0m - [91merror[0m[90m 
TS2345: [0mArgument of type '{ limit: number; window: number; }' is not assignable to parameter of type 'RateLim
itOptions'.
  Property 'type' is missing in type '{ limit: number; window: number; }' but required in type 'RateLimitOptions'
.

[7m68[0m   @RateLimit({ limit: 10, window: 60 })
[7m  [0m [91m             ~~~~~~~~~~~~~~~~~~~~~~~~~[0m

  [96msrc/common/decorators/rate-limiter.decorator.ts[0m:[93m17[0m:[93m3[0m
    [7m17[0m   type: RateLimitType; // 闄愭祦绫诲瀷
    [7m  [0m [96m  ~~~~[0m
    'type' is declared here.
[96msrc/modules/system/controllers/system-roles.controller.ts[0m:[93m69[0m:[93m17[0m - [91merror[0m[90m 
TS2353: [0mObject literal may only specify known properties, and 'keys' does not exist in type 'CacheEvictOption
s'.

[7m69[0m   @CacheEvict({ keys: ["system:roles:*"] })
[7m  [0m [91m                ~~~~[0m
[96msrc/modules/system/controllers/system-users.controller.ts[0m:[93m48[0m:[93m14[0m - [91merror[0m[90m 
TS2345: [0mArgument of type '{ limit: number; window: number; }' is not assignable to parameter of type 'RateLim
itOptions'.
  Property 'type' is missing in type '{ limit: number; window: number; }' but required in type 'RateLimitOptions'
.

[7m48[0m   @RateLimit({ limit: 30, window: 60 })
[7m  [0m [91m             ~~~~~~~~~~~~~~~~~~~~~~~~~[0m

  [96msrc/common/decorators/rate-limiter.decorator.ts[0m:[93m17[0m:[93m3[0m
    [7m17[0m   type: RateLimitType; // 闄愭祦绫诲瀷
    [7m  [0m [96m  ~~~~[0m
    'type' is declared here.
[96msrc/modules/system/controllers/system-users.controller.ts[0m:[93m49[0m:[93m12[0m - [91merror[0m[90m 
TS2353: [0mObject literal may only specify known properties, and 'key' does not exist in type 'CacheOptions'.

[7m49[0m   @Cache({ key: "system:users", ttl: 300 })
[7m  [0m [91m           ~~~[0m
[96msrc/modules/system/controllers/system-users.controller.ts[0m:[93m65[0m:[93m14[0m - [91merror[0m[90m 
TS2345: [0mArgument of type '{ limit: number; window: number; }' is not assignable to parameter of type 'RateLim
itOptions'.
  Property 'type' is missing in type '{ limit: number; window: number; }' but required in type 'RateLimitOptions'
.

[7m65[0m   @RateLimit({ limit: 10, window: 60 })
[7m  [0m [91m             ~~~~~~~~~~~~~~~~~~~~~~~~~[0m

  [96msrc/common/decorators/rate-limiter.decorator.ts[0m:[93m17[0m:[93m3[0m
    [7m17[0m   type: RateLimitType; // 闄愭祦绫诲瀷
    [7m  [0m [96m  ~~~~[0m
    'type' is declared here.
[96msrc/modules/system/controllers/system-users.controller.ts[0m:[93m66[0m:[93m17[0m - [91merror[0m[90m 
TS2353: [0mObject literal may only specify known properties, and 'keys' does not exist in type 'CacheEvictOption
s'.

[7m66[0m   @CacheEvict({ keys: ["system:users:*"] })
[7m  [0m [91m                ~~~~[0m
[96msrc/modules/system/controllers/system-users.controller.ts[0m:[93m77[0m:[93m14[0m - [91merror[0m[90m 
TS2345: [0mArgument of type '{ limit: number; window: number; }' is not assignable to parameter of type 'RateLim
itOptions'.
  Property 'type' is missing in type '{ limit: number; window: number; }' but required in type 'RateLimitOptions'
.

[7m77[0m   @RateLimit({ limit: 20, window: 60 })
[7m  [0m [91m             ~~~~~~~~~~~~~~~~~~~~~~~~~[0m

  [96msrc/common/decorators/rate-limiter.decorator.ts[0m:[93m17[0m:[93m3[0m
    [7m17[0m   type: RateLimitType; // 闄愭祦绫诲瀷
    [7m  [0m [96m  ~~~~[0m
    'type' is declared here.
[96msrc/modules/system/controllers/system-users.controller.ts[0m:[93m78[0m:[93m17[0m - [91merror[0m[90m 
TS2353: [0mObject literal may only specify known properties, and 'keys' does not exist in type 'CacheEvictOption
s'.

[7m78[0m   @CacheEvict({ keys: ["system:users:*"] })
[7m  [0m [91m                ~~~~[0m
[96msrc/modules/system/controllers/system-users.controller.ts[0m:[93m85[0m:[93m14[0m - [91merror[0m[90m 
TS2345: [0mArgument of type '{ limit: number; window: number; }' is not assignable to parameter of type 'RateLim
itOptions'.
  Property 'type' is missing in type '{ limit: number; window: number; }' but required in type 'RateLimitOptions'
.

[7m85[0m   @RateLimit({ limit: 20, window: 60 })
[7m  [0m [91m             ~~~~~~~~~~~~~~~~~~~~~~~~~[0m

  [96msrc/common/decorators/rate-limiter.decorator.ts[0m:[93m17[0m:[93m3[0m
    [7m17[0m   type: RateLimitType; // 闄愭祦绫诲瀷
    [7m  [0m [96m  ~~~~[0m
    'type' is declared here.
[96msrc/modules/system/controllers/system-users.controller.ts[0m:[93m86[0m:[93m17[0m - [91merror[0m[90m 
TS2353: [0mObject literal may only specify known properties, and 'keys' does not exist in type 'CacheEvictOption
s'.

[7m86[0m   @CacheEvict({ keys: ["system:users:*"] })
[7m  [0m [91m                ~~~~[0m
[96msrc/modules/system/controllers/system-users.controller.ts[0m:[93m96[0m:[93m14[0m - [91merror[0m[90m 
TS2345: [0mArgument of type '{ limit: number; window: number; }' is not assignable to parameter of type 'RateLim
itOptions'.
  Property 'type' is missing in type '{ limit: number; window: number; }' but required in type 'RateLimitOptions'
.

[7m96[0m   @RateLimit({ limit: 5, window: 60 })
[7m  [0m [91m             ~~~~~~~~~~~~~~~~~~~~~~~~[0m

  [96msrc/common/decorators/rate-limiter.decorator.ts[0m:[93m17[0m:[93m3[0m
    [7m17[0m   type: RateLimitType; // 闄愭祦绫诲瀷
    [7m  [0m [96m  ~~~~[0m
    'type' is declared here.
[96msrc/modules/system/controllers/system-users.controller.ts[0m:[93m104[0m:[93m14[0m - [91merror[0m[90m
 TS2345: [0mArgument of type '{ limit: number; window: number; }' is not assignable to parameter of type 'RateLi
mitOptions'.
  Property 'type' is missing in type '{ limit: number; window: number; }' but required in type 'RateLimitOptions'
.

[7m104[0m   @RateLimit({ limit: 10, window: 60 })
[7m   [0m [91m             ~~~~~~~~~~~~~~~~~~~~~~~~~[0m

  [96msrc/common/decorators/rate-limiter.decorator.ts[0m:[93m17[0m:[93m3[0m
    [7m17[0m   type: RateLimitType; // 闄愭祦绫诲瀷
    [7m  [0m [96m  ~~~~[0m
    'type' is declared here.
[96msrc/modules/system/controllers/system-users.controller.ts[0m:[93m112[0m:[93m14[0m - [91merror[0m[90m
 TS2345: [0mArgument of type '{ limit: number; window: number; }' is not assignable to parameter of type 'RateLi
mitOptions'.
  Property 'type' is missing in type '{ limit: number; window: number; }' but required in type 'RateLimitOptions'
.

[7m112[0m   @RateLimit({ limit: 5, window: 60 })
[7m   [0m [91m             ~~~~~~~~~~~~~~~~~~~~~~~~[0m

  [96msrc/common/decorators/rate-limiter.decorator.ts[0m:[93m17[0m:[93m3[0m
    [7m17[0m   type: RateLimitType; // 闄愭祦绫诲瀷
    [7m  [0m [96m  ~~~~[0m
    'type' is declared here.
[96msrc/modules/system/controllers/system-users.controller.ts[0m:[93m113[0m:[93m17[0m - [91merror[0m[90m
 TS2353: [0mObject literal may only specify known properties, and 'keys' does not exist in type 'CacheEvictOptio
ns'.

[7m113[0m   @CacheEvict({ keys: ["system:users:*"] })
[7m   [0m [91m                ~~~~[0m
[96msrc/modules/system/controllers/system-users.controller.ts[0m:[93m121[0m:[93m14[0m - [91merror[0m[90m
 TS2345: [0mArgument of type '{ limit: number; window: number; }' is not assignable to parameter of type 'RateLi
mitOptions'.
  Property 'type' is missing in type '{ limit: number; window: number; }' but required in type 'RateLimitOptions'
.

[7m121[0m   @RateLimit({ limit: 5, window: 60 })
[7m   [0m [91m             ~~~~~~~~~~~~~~~~~~~~~~~~[0m

  [96msrc/common/decorators/rate-limiter.decorator.ts[0m:[93m17[0m:[93m3[0m
    [7m17[0m   type: RateLimitType; // 闄愭祦绫诲瀷
    [7m  [0m [96m  ~~~~[0m
    'type' is declared here.
[96msrc/modules/system/controllers/system-users.controller.ts[0m:[93m129[0m:[93m14[0m - [91merror[0m[90m
 TS2345: [0mArgument of type '{ limit: number; window: number; }' is not assignable to parameter of type 'RateLi
mitOptions'.
  Property 'type' is missing in type '{ limit: number; window: number; }' but required in type 'RateLimitOptions'
.

[7m129[0m   @RateLimit({ limit: 5, window: 60 })
[7m   [0m [91m             ~~~~~~~~~~~~~~~~~~~~~~~~[0m

  [96msrc/common/decorators/rate-limiter.decorator.ts[0m:[93m17[0m:[93m3[0m
    [7m17[0m   type: RateLimitType; // 闄愭祦绫诲瀷
    [7m  [0m [96m  ~~~~[0m
    'type' is declared here.
[96msrc/modules/system/controllers/system-users.controller.ts[0m:[93m130[0m:[93m17[0m - [91merror[0m[90m
 TS2353: [0mObject literal may only specify known properties, and 'keys' does not exist in type 'CacheEvictOptio
ns'.

[7m130[0m   @CacheEvict({ keys: ["system:users:*", "system:roles:*"] })
[7m   [0m [91m                ~~~~[0m
[96msrc/modules/system/controllers/system-users.controller.ts[0m:[93m138[0m:[93m14[0m - [91merror[0m[90m
 TS2345: [0mArgument of type '{ limit: number; window: number; }' is not assignable to parameter of type 'RateLi
mitOptions'.
  Property 'type' is missing in type '{ limit: number; window: number; }' but required in type 'RateLimitOptions'
.

[7m138[0m   @RateLimit({ limit: 10, window: 60 })
[7m   [0m [91m             ~~~~~~~~~~~~~~~~~~~~~~~~~[0m

  [96msrc/common/decorators/rate-limiter.decorator.ts[0m:[93m17[0m:[93m3[0m
    [7m17[0m   type: RateLimitType; // 闄愭祦绫诲瀷
    [7m  [0m [96m  ~~~~[0m
    'type' is declared here.
[96msrc/modules/system/controllers/system-users.controller.ts[0m:[93m139[0m:[93m17[0m - [91merror[0m[90m
 TS2353: [0mObject literal may only specify known properties, and 'keys' does not exist in type 'CacheEvictOptio
ns'.

[7m139[0m   @CacheEvict({ keys: ["system:users:*"] })
[7m   [0m [91m                ~~~~[0m
[96msrc/modules/system/services/archive.service.ts[0m:[93m73[0m:[93m51[0m - [91merror[0m[90m TS18046: [
0m'error' is of type 'unknown'.

[7m73[0m       this.logger.error(`[V5.0 Archive] 褰掓。浠诲姟澶辫触: ${error.message}`, error.stack);
[7m  [0m [91m                                                  ~~~~~[0m
[96msrc/modules/system/services/archive.service.ts[0m:[93m73[0m:[93m68[0m - [91merror[0m[90m TS18046: [
0m'error' is of type 'unknown'.

[7m73[0m       this.logger.error(`[V5.0 Archive] 褰掓。浠诲姟澶辫触: ${error.message}`, error.stack);
[7m  [0m [91m                                                                   ~~~~~[0m
[96msrc/modules/system/services/dashboard.service.ts[0m:[93m60[0m:[93m25[0m - [91merror[0m[90m TS2353: 
[0mObject literal may only specify known properties, and 'has' does not exist in type 'JsonNullableFilter<"sys_da
shboard_template">'.

[7m60[0m         platform_ids: { has: scope.platform_id },
[7m  [0m [91m                        ~~~[0m
[96msrc/modules/system/services/dashboard.service.ts[0m:[93m102[0m:[93m7[0m - [91merror[0m[90m TS2322: 
[0mType '{ name: string; created_by: string; is_deleted: number; status: number; description: string | null; type
: string; platform_ids: JsonValue | null; dept_ids: JsonValue | null; layout_config: JsonValue | null; }' is not 
assignable to type '(Without<sys_dashboard_templateCreateInput, sys_dashboard_templateUncheckedCreateInput> & sys
_dashboard_templateUncheckedCreateInput) | (Without<...> & sys_dashboard_templateCreateInput)'.
  Type '{ name: string; created_by: string; is_deleted: number; status: number; description: string | null; type:
 string; platform_ids: JsonValue | null; dept_ids: JsonValue | null; layout_config: JsonValue | null; }' is not a
ssignable to type 'Without<sys_dashboard_templateUncheckedCreateInput, sys_dashboard_templateCreateInput> & sys_d
ashboard_templateCreateInput'.
    Type '{ name: string; created_by: string; is_deleted: number; status: number; description: string | null; typ
e: string; platform_ids: JsonValue | null; dept_ids: JsonValue | null; layout_config: JsonValue | null; }' is not
 assignable to type 'sys_dashboard_templateCreateInput'.
      Types of property 'platform_ids' are incompatible.
        Type 'JsonValue' is not assignable to type 'NullableJsonNullValueInput | InputJsonValue | undefined'.
          Type 'null' is not assignable to type 'NullableJsonNullValueInput | InputJsonValue | undefined'.

[7m102[0m       data: {
[7m   [0m [91m      ~~~~[0m

  [96mnode_modules/.prisma/client/index.d.ts[0m:[93m82800[0m:[93m5[0m
    [7m82800[0m     data: XOR<sys_dashboard_templateCreateInput, sys_dashboard_templateUncheckedCreateInput>
    [7m     [0m [96m    ~~~~[0m
    The expected type comes from property 'data' which is declared here on type '{ select?: sys_dashboard_templat
eSelect<DefaultArgs> | null | undefined; omit?: sys_dashboard_templateOmit<DefaultArgs> | null | undefined; data:
 (Without<...> & sys_dashboard_templateUncheckedCreateInput) | (Without<...> & sys_dashboard_templateCreateInput)
; }'
[96msrc/modules/system/services/dashboard.service.ts[0m:[93m189[0m:[93m38[0m - [91merror[0m[90m TS1005: 
[0m',' expected.

[7m189[0m         this.serviceSessionDelegate()_analysis.aggregate({
[7m   [0m [91m                                     ~~~~~~~~~[0m
[96msrc/modules/system/services/dashboard.service.ts[0m:[93m189[0m:[93m38[0m - [91merror[0m[90m TS2304: 
[0mCannot find name '_analysis'.

[7m189[0m         this.serviceSessionDelegate()_analysis.aggregate({
[7m   [0m [91m                                     ~~~~~~~~~[0m
[96msrc/modules/system/services/dashboard.service.ts[0m:[93m200[0m:[93m38[0m - [91merror[0m[90m TS1005: 
[0m',' expected.

[7m200[0m         this.serviceSessionDelegate()_analysis.count({
[7m   [0m [91m                                     ~~~~~~~~~[0m
[96msrc/modules/system/services/dashboard.service.ts[0m:[93m200[0m:[93m38[0m - [91merror[0m[90m TS2304: 
[0mCannot find name '_analysis'.

[7m200[0m         this.serviceSessionDelegate()_analysis.count({
[7m   [0m [91m                                     ~~~~~~~~~[0m
[96msrc/modules/system/services/integration-monitor.service.ts[0m:[93m4[0m:[93m24[0m - [91merror[0m[90m 
TS2307: [0mCannot find module 'dayjs' or its corresponding type declarations.

[7m4[0m import * as dayjs from "dayjs";
[7m [0m [91m                       ~~~~~~~[0m
[96msrc/modules/system/services/mapping.service.ts[0m:[93m166[0m:[93m51[0m - [91merror[0m[90m TS18046: 
[0m'error' is of type 'unknown'.

[7m166[0m         this.logger.error(`Upsert order failed: ${error.message}`);
[7m   [0m [91m                                                  ~~~~~[0m
[96msrc/modules/system/services/mapping.service.ts[0m:[93m217[0m:[93m53[0m - [91merror[0m[90m TS18046: 
[0m'error' is of type 'unknown'.

[7m217[0m         this.logger.error(`Upsert product failed: ${error.message}`);
[7m   [0m [91m                                                    ~~~~~[0m
[96msrc/modules/system/services/permission-cleanup.service.ts[0m:[93m135[0m:[93m16[0m - [91merror[0m[90m
 TS18046: [0m'error' is of type 'unknown'.

[7m135[0m         error: error.message,
[7m   [0m [91m               ~~~~~[0m
[96msrc/modules/system/services/permission-cleanup.service.ts[0m:[93m166[0m:[93m38[0m - [91merror[0m[90m
 TS2345: [0mArgument of type '{ resourceId: string; resourceName: string; count: number; }' is not assignable to
 parameter of type 'never'.

[7m166[0m           issues.redundantMenus.push({
[7m   [0m [91m                                     ~[0m
[7m167[0m             resourceId: config.resource_id,
[7m   [0m [91m~~~~~~~~~~~~~~~~~~~~~~~~~~~~~~~~~~~~~~~~~~~[0m
[7m...[0m 
[7m169[0m             count,
[7m   [0m [91m~~~~~~~~~~~~~~~~~~[0m
[7m170[0m           });
[7m   [0m [91m~~~~~~~~~~~[0m
[96msrc/modules/system/services/permission-cleanup.service.ts[0m:[93m177[0m:[93m40[0m - [91merror[0m[90m
 TS2345: [0mArgument of type '{ resourceId: string; resourceName: string; count: number; }' is not assignable to
 parameter of type 'never'.

[7m177[0m           issues.redundantButtons.push({
[7m   [0m [91m                                       ~[0m
[7m178[0m             resourceId: config.resource_id,
[7m   [0m [91m~~~~~~~~~~~~~~~~~~~~~~~~~~~~~~~~~~~~~~~~~~~[0m
[7m...[0m 
[7m180[0m             count,
[7m   [0m [91m~~~~~~~~~~~~~~~~~~[0m
[7m181[0m           });
[7m   [0m [91m~~~~~~~~~~~[0m
[96msrc/modules/system/services/permission-cleanup.service.ts[0m:[93m200[0m:[93m34[0m - [91merror[0m[90m
 TS2345: [0mArgument of type '{ roleId: string; roleName: string; count: number; }' is not assignable to paramet
er of type 'never'.

[7m200[0m         issues.invalidRoles.push({
[7m   [0m [91m                                 ~[0m
[7m201[0m           roleId: role.id,
[7m   [0m [91m~~~~~~~~~~~~~~~~~~~~~~~~~~[0m
[7m...[0m 
[7m203[0m           count: menuCount + buttonCount,
[7m   [0m [91m~~~~~~~~~~~~~~~~~~~~~~~~~~~~~~~~~~~~~~~~~[0m
[7m204[0m         });
[7m   [0m [91m~~~~~~~~~[0m
[96msrc/modules/system/services/permission-cleanup.service.ts[0m:[93m234[0m:[93m39[0m - [91merror[0m[90m
 TS2345: [0mArgument of type '{ type: string; menuCount: number; buttonCount: number; total: number; }' is not a
ssignable to parameter of type 'never'.

[7m234[0m       issues.orphanedPermissions.push({
[7m   [0m [91m                                      ~[0m
[7m235[0m         type: "orphaned",
[7m   [0m [91m~~~~~~~~~~~~~~~~~~~~~~~~~[0m
[7m...[0m 
[7m238[0m         total: orphanedMenuCount + orphanedButtonCount,
[7m   [0m [91m~~~~~~~~~~~~~~~~~~~~~~~~~~~~~~~~~~~~~~~~~~~~~~~~~~~~~~~[0m
[7m239[0m       });
[7m   [0m [91m~~~~~~~[0m
[96msrc/modules/system/services/permission-cleanup.service.ts[0m:[93m262[0m:[93m11[0m - [91merror[0m[90m
 TS2353: [0mObject literal may only specify known properties, and 'module' does not exist in type '(Without<sys_
operation_logCreateInput, sys_operation_logUncheckedCreateInput> & sys_operation_logUncheckedCreateInput) | (With
out<...> & sys_operation_logCreateInput)'.

[7m262[0m           module: "permission",
[7m   [0m [91m          ~~~~~~[0m

  [96mnode_modules/.prisma/client/index.d.ts[0m:[93m28420[0m:[93m5[0m
    [7m28420[0m     data: XOR<sys_operation_logCreateInput, sys_operation_logUncheckedCreateInput>
    [7m     [0m [96m    ~~~~[0m
    The expected type comes from property 'data' which is declared here on type '{ select?: sys_operation_logSele
ct<DefaultArgs> | null | undefined; omit?: sys_operation_logOmit<DefaultArgs> | null | undefined; data: (Without<
...> & sys_operation_logUncheckedCreateInput) | (Without<...> & sys_operation_logCreateInput); }'
[96msrc/modules/system/services/permission-template.service.ts[0m:[93m37[0m:[93m4[0m - [91merror[0m[90m 
TS2304: [0mCannot find name 'QueryOptimize'.

[7m37[0m   @QueryOptimize({ timeout: 3000, slowQueryThreshold: 200 })
[7m  [0m [91m   ~~~~~~~~~~~~~[0m
[96msrc/modules/system/services/permission-template.service.ts[0m:[93m65[0m:[93m9[0m - [91merror[0m[90m 
TS2353: [0mObject literal may only specify known properties, and 'status' does not exist in type 'sys_permission
_templateSelect<DefaultArgs>'.

[7m65[0m         status: true,
[7m  [0m [91m        ~~~~~~[0m
[96msrc/modules/system/services/permission-template.service.ts[0m:[93m256[0m:[93m13[0m - [91merror[0m[90
m TS18048: [0m'dto.selectedPermissionIds' is possibly 'undefined'.

[7m256[0m             dto.selectedPermissionIds.includes(id),
[7m   [0m [91m            ~~~~~~~~~~~~~~~~~~~~~~~~~[0m
[96msrc/modules/system/services/permission-template.service.ts[0m:[93m259[0m:[93m13[0m - [91merror[0m[90
m TS18048: [0m'dto.selectedPermissionIds' is possibly 'undefined'.

[7m259[0m             dto.selectedPermissionIds.includes(id),
[7m   [0m [91m            ~~~~~~~~~~~~~~~~~~~~~~~~~[0m
[96msrc/modules/system/services/permission-template.service.ts[0m:[93m357[0m:[93m26[0m - [91merror[0m[90
m TS2345: [0mArgument of type '{ name: any; status: string; }' is not assignable to parameter of type 'never'.

[7m357[0m             results.push({ name: template.template_name, status: "updated" });
[7m   [0m [91m                         ~~~~~~~~~~~~~~~~~~~~~~~~~~~~~~~~~~~~~~~~~~~~~~~~~~~[0m
[96msrc/modules/system/services/permission-template.service.ts[0m:[93m359[0m:[93m26[0m - [91merror[0m[90
m TS2345: [0mArgument of type '{ name: any; status: string; }' is not assignable to parameter of type 'never'.

[7m359[0m             results.push({ name: template.template_name, status: "skipped" });
[7m   [0m [91m                         ~~~~~~~~~~~~~~~~~~~~~~~~~~~~~~~~~~~~~~~~~~~~~~~~~~~[0m
[96msrc/modules/system/services/permission-template.service.ts[0m:[93m373[0m:[93m24[0m - [91merror[0m[90
m TS2345: [0mArgument of type '{ name: any; status: string; }' is not assignable to parameter of type 'never'.

[7m373[0m           results.push({ name: template.template_name, status: "created" });
[7m   [0m [91m                       ~~~~~~~~~~~~~~~~~~~~~~~~~~~~~~~~~~~~~~~~~~~~~~~~~~~[0m
[96msrc/modules/system/services/permission-template.service.ts[0m:[93m376[0m:[93m22[0m - [91merror[0m[90
m TS2345: [0mArgument of type '{ name: any; status: string; error: any; }' is not assignable to parameter of typ
e 'never'.

[7m376[0m         results.push({
[7m   [0m [91m                     ~[0m
[7m377[0m           name: template.template_name,
[7m   [0m [91m~~~~~~~~~~~~~~~~~~~~~~~~~~~~~~~~~~~~~~~[0m
[7m...[0m 
[7m379[0m           error: error.message,
[7m   [0m [91m~~~~~~~~~~~~~~~~~~~~~~~~~~~~~~~[0m
[7m380[0m         });
[7m   [0m [91m~~~~~~~~~[0m
[96msrc/modules/system/services/permission-template.service.ts[0m:[93m379[0m:[93m18[0m - [91merror[0m[90
m TS18046: [0m'error' is of type 'unknown'.

[7m379[0m           error: error.message,
[7m   [0m [91m                 ~~~~~[0m
[96msrc/modules/system/services/permission-template.service.ts[0m:[93m415[0m:[93m9[0m - [91merror[0m[90m
 TS2322: [0mType 'JsonValue' is not assignable to type 'JsonNull | InputJsonValue'.
  Type 'null' is not assignable to type 'JsonNull | InputJsonValue'.

[7m415[0m         permission_config: template.permission_config,
[7m   [0m [91m        ~~~~~~~~~~~~~~~~~[0m

  [96mnode_modules/.prisma/client/index.d.ts[0m:[93m130450[0m:[93m5[0m
    [7m130450[0m     permission_config: JsonNullValueInput | InputJsonValue
    [7m      [0m [96m    ~~~~~~~~~~~~~~~~~[0m
    The expected type comes from property 'permission_config' which is declared here on type '(Without<sys_permis
sion_templateCreateInput, sys_permission_templateUncheckedCreateInput> & sys_permission_templateUncheckedCreateIn
put) | (Without<...> & sys_permission_templateCreateInput)'
[96msrc/modules/system/services/platform-integration-adapter.service.ts[0m:[93m61[0m:[93m43[0m - [91merror
[0m[90m TS2304: [0mCannot find name 'resolve'.

[7m61[0m       await new Promise((r) => setTimeout(resolve, 300));
[7m  [0m [91m                                          ~~~~~~~[0m
[96msrc/modules/system/services/system-departments.service.ts[0m:[93m96[0m:[93m30[0m - [91merror[0m[90m 
TS2554: [0mExpected 2 arguments, but got 1.

[7m96[0m     const items = await this.findAll(userId);
[7m  [0m [91m                             ~~~~~~~[0m

  [96msrc/modules/system/services/system-departments.service.ts[0m:[93m60[0m:[93m5[0m
    [7m60[0m     pagination: PaginationDto,
    [7m  [0m [96m    ~~~~~~~~~~~~~~~~~~~~~~~~~[0m
    An argument for 'pagination' was not provided.
[96msrc/modules/system/services/system-departments.service.ts[0m:[93m97[0m:[93m46[0m - [91merror[0m[90m 
TS2537: [0mType 'PaginatedResponse<any>' has no matching index signature for type 'number'.

[7m97[0m     type DepartmentTreeNode = (typeof items)[number] & { children: DepartmentTreeNode[] };
[7m  [0m [91m                                             ~~~~~~[0m
[96msrc/modules/system/services/system-departments.service.ts[0m:[93m99[0m:[93m13[0m - [91merror[0m[90m 
TS2339: [0mProperty 'map' does not exist on type 'PaginatedResponse<any>'.

[7m99[0m       items.map((item) => [item.id, { ...item, children: [] as DepartmentTreeNode[] }])
[7m  [0m [91m            ~~~[0m
[96msrc/modules/system/services/system-departments.service.ts[0m:[93m190[0m:[93m8[0m - [91merror[0m[90m 
TS1146: [0mDeclaration expected.

[7m190[0m   async sort(userId: string, items: Array<{ id: string; parent_id?: string | null; sort: number }>) {
[7m   [0m [91m       [0m
[96msrc/modules/system/services/system-departments.service.ts[0m:[93m190[0m:[93m9[0m - [91merror[0m[90m 
TS2304: [0mCannot find name 'sort'.

[7m190[0m   async sort(userId: string, items: Array<{ id: string; parent_id?: string | null; sort: number }>) {
[7m   [0m [91m        ~~~~[0m
[96msrc/modules/system/services/system-departments.service.ts[0m:[93m190[0m:[93m14[0m - [91merror[0m[90m
 TS2304: [0mCannot find name 'userId'.

[7m190[0m   async sort(userId: string, items: Array<{ id: string; parent_id?: string | null; sort: number }>) {
[7m   [0m [91m             ~~~~~~[0m
[96msrc/modules/system/services/system-departments.service.ts[0m:[93m190[0m:[93m20[0m - [91merror[0m[90m
 TS1005: [0m',' expected.

[7m190[0m   async sort(userId: string, items: Array<{ id: string; parent_id?: string | null; sort: number }>) {
[7m   [0m [91m                   ~[0m
[96msrc/modules/system/services/system-departments.service.ts[0m:[93m190[0m:[93m22[0m - [91merror[0m[90m
 TS2693: [0m'string' only refers to a type, but is being used as a value here.

[7m190[0m   async sort(userId: string, items: Array<{ id: string; parent_id?: string | null; sort: number }>) {
[7m   [0m [91m                     ~~~~~~[0m
[96msrc/modules/system/services/system-departments.service.ts[0m:[93m190[0m:[93m30[0m - [91merror[0m[90m
 TS2304: [0mCannot find name 'items'.

[7m190[0m   async sort(userId: string, items: Array<{ id: string; parent_id?: string | null; sort: number }>) {
[7m   [0m [91m                             ~~~~~[0m
[96msrc/modules/system/services/system-departments.service.ts[0m:[93m190[0m:[93m35[0m - [91merror[0m[90m
 TS1005: [0m',' expected.

[7m190[0m   async sort(userId: string, items: Array<{ id: string; parent_id?: string | null; sort: number }>) {
[7m   [0m [91m                                  ~[0m
[96msrc/modules/system/services/system-departments.service.ts[0m:[93m190[0m:[93m101[0m - [91merror[0m[90
m TS1005: [0m';' expected.

[7m190[0m   async sort(userId: string, items: Array<{ id: string; parent_id?: string | null; sort: number }>) {
[7m   [0m [91m                                                                                                
    ~[0m
[96msrc/modules/system/services/system-departments.service.ts[0m:[93m191[0m:[93m25[0m - [91merror[0m[90m
 TS2532: [0mObject is possibly 'undefined'.

[7m191[0m     const scope = await this.scopeService.resolveAccess(userId);
[7m   [0m [91m                        ~~~~[0m
[96msrc/modules/system/services/system-departments.service.ts[0m:[93m191[0m:[93m57[0m - [91merror[0m[90m
 TS2304: [0mCannot find name 'userId'.

[7m191[0m     const scope = await this.scopeService.resolveAccess(userId);
[7m   [0m [91m                                                        ~~~~~~[0m
[96msrc/modules/system/services/system-departments.service.ts[0m:[93m194[0m:[93m27[0m - [91merror[0m[90m
 TS2304: [0mCannot find name 'items'.

[7m194[0m     const departmentIds = items.map(item => item.id);
[7m   [0m [91m                          ~~~~~[0m
[96msrc/modules/system/services/system-departments.service.ts[0m:[93m195[0m:[93m31[0m - [91merror[0m[90m
 TS2532: [0mObject is possibly 'undefined'.

[7m195[0m     const departments = await this.prisma.biz_department.findMany({
[7m   [0m [91m                              ~~~~[0m
[96msrc/modules/system/services/system-departments.service.ts[0m:[93m198[0m:[93m12[0m - [91merror[0m[90m
 TS2532: [0mObject is possibly 'undefined'.

[7m198[0m         ...this.scopeService.applyScope(scope, { is_deleted: 0 }, { platform: 'platform_id' })
[7m   [0m [91m           ~~~~[0m
[96msrc/modules/system/services/system-departments.service.ts[0m:[93m207[0m:[93m11[0m - [91merror[0m[90m
 TS2532: [0mObject is possibly 'undefined'.

[7m207[0m     await this.prisma.$transaction(
[7m   [0m [91m          ~~~~[0m
[96msrc/modules/system/services/system-departments.service.ts[0m:[93m208[0m:[93m7[0m - [91merror[0m[90m 
TS2304: [0mCannot find name 'items'.

[7m208[0m       items.map((item) =>
[7m   [0m [91m      ~~~~~[0m
[96msrc/modules/system/services/system-departments.service.ts[0m:[93m209[0m:[93m9[0m - [91merror[0m[90m 
TS2532: [0mObject is possibly 'undefined'.

[7m209[0m         this.prisma.biz_department.update({
[7m   [0m [91m        ~~~~[0m
[96msrc/modules/system/services/system-logs.service.ts[0m:[93m9[0m:[93m19[0m - [91merror[0m[90m TS2307: 
[0mCannot find module 'dayjs' or its corresponding type declarations.

[7m9[0m import dayjs from "dayjs";
[7m [0m [91m                  ~~~~~~~[0m
[96msrc/modules/system/services/system-logs.service.ts[0m:[93m287[0m:[93m76[0m - [91merror[0m[90m TS1804
6: [0m'error' is of type 'unknown'.

[7m287[0m         operation_message: `瀵煎嚭${type === "login" ? "鐧诲綍" : "鎿嶄綔"}鏃ュ織鎶ヨ〃澶辫触锛屽師鍥狅細${error.message}`,
[7m   [0m [91m                                                                           ~~~~~[0m
[96msrc/modules/system/services/system-menus.service.ts[0m:[93m73[0m:[93m30[0m - [91merror[0m[90m TS2554
: [0mExpected 1 arguments, but got 0.

[7m73[0m     const items = await this.findAll();
[7m  [0m [91m                             ~~~~~~~[0m

  [96msrc/modules/system/services/system-menus.service.ts[0m:[93m27[0m:[93m17[0m
    [7m27[0m   async findAll(pagination: PaginationDto): Promise<PaginatedResponse<any>> {
    [7m  [0m [96m                ~~~~~~~~~~~~~~~~~~~~~~~~~[0m
    An argument for 'pagination' was not provided.
[96msrc/modules/system/services/system-menus.service.ts[0m:[93m82[0m:[93m40[0m - [91merror[0m[90m TS2537
: [0mType 'PaginatedResponse<any>' has no matching index signature for type 'number'.

[7m82[0m     type MenuTreeNode = (typeof items)[number] & { children: MenuTreeNode[] };
[7m  [0m [91m                                       ~~~~~~[0m
[96msrc/modules/system/services/system-menus.service.ts[0m:[93m84[0m:[93m13[0m - [91merror[0m[90m TS2339
: [0mProperty 'map' does not exist on type 'PaginatedResponse<any>'.

[7m84[0m       items.map((item) => [
[7m  [0m [91m            ~~~[0m
[96msrc/modules/system/services/system-permission-control.service.ts[0m:[93m74[0m:[93m24[0m - [91merror[0
m[90m TS2345: [0mArgument of type '{ roleId: string; action: string; menuCount: number; buttonCount: number; }'
 is not assignable to parameter of type 'never'.

[7m 74[0m           results.push({
[7m   [0m [91m                       ~[0m
[7m 75[0m             roleId,
[7m   [0m [91m~~~~~~~~~~~~~~~~~~~[0m
[7m...[0m 
[7m 78[0m             buttonCount: buttons.length,
[7m   [0m [91m~~~~~~~~~~~~~~~~~~~~~~~~~~~~~~~~~~~~~~~~[0m
[7m 79[0m           });
[7m   [0m [91m~~~~~~~~~~~[0m
[96msrc/modules/system/services/system-permission-control.service.ts[0m:[93m96[0m:[93m24[0m - [91merror[0
m[90m TS2345: [0mArgument of type '{ roleId: string; action: string; menuCount: number; buttonCount: number; }'
 is not assignable to parameter of type 'never'.

[7m 96[0m           results.push({
[7m   [0m [91m                       ~[0m
[7m 97[0m             roleId,
[7m   [0m [91m~~~~~~~~~~~~~~~~~~~[0m
[7m...[0m 
[7m100[0m             buttonCount: deletedButtons.count,
[7m   [0m [91m~~~~~~~~~~~~~~~~~~~~~~~~~~~~~~~~~~~~~~~~~~~~~~[0m
[7m101[0m           });
[7m   [0m [91m~~~~~~~~~~~[0m
[96msrc/modules/system/services/system-permission-control.service.ts[0m:[93m295[0m:[93m24[0m - [91merror[
0m[90m TS2345: [0mArgument of type '{ id: string; create_time: Date; update_time: Date; is_deleted: number; res
ource_type: string; resource_id: string; resource_name: string; need_control: number; exception_roles: JsonValue;
 }' is not assignable to parameter of type 'never'.

[7m295[0m           results.push(updated);
[7m   [0m [91m                       ~~~~~~~[0m
[96msrc/modules/system/services/system-permission-control.service.ts[0m:[93m306[0m:[93m24[0m - [91merror[
0m[90m TS2345: [0mArgument of type '{ id: string; create_time: Date; update_time: Date; is_deleted: number; res
ource_type: string; resource_id: string; resource_name: string; need_control: number; exception_roles: JsonValue;
 }' is not assignable to parameter of type 'never'.

[7m306[0m           results.push(created);
[7m   [0m [91m                       ~~~~~~~[0m
[96msrc/modules/system/services/system-permission-control.service.ts[0m:[93m372[0m:[93m11[0m - [91merror[
0m[90m TS2322: [0mType 'string | undefined' is not assignable to type 'string'.
  Type 'undefined' is not assignable to type 'string'.

[7m372[0m           config_type: configType,
[7m   [0m [91m          ~~~~~~~~~~~[0m

  [96mnode_modules/.prisma/client/index.d.ts[0m:[93m130372[0m:[93m5[0m
    [7m130372[0m     config_type: string
    [7m      [0m [96m    ~~~~~~~~~~~[0m
    The expected type comes from property 'config_type' which is declared here on type '(Without<sys_permission_c
onfigCreateInput, sys_permission_configUncheckedCreateInput> & sys_permission_configUncheckedCreateInput) | (With
out<...> & sys_permission_configCreateInput)'
[96msrc/modules/system/workers/cron.worker.ts[0m:[93m7[0m:[93m24[0m - [91merror[0m[90m TS2307: [0mCanno
t find module 'dayjs' or its corresponding type declarations.

[7m7[0m import * as dayjs from 'dayjs';
[7m [0m [91m                       ~~~~~~~[0m
[96msrc/modules/system/workers/cron.worker.ts[0m:[93m55[0m:[93m58[0m - [91merror[0m[90m TS18046: [0m'er
ror' is of type 'unknown'.

[7m55[0m       this.logger.error(`Integration cron tick failed: ${error.message}`);
[7m  [0m [91m                                                         ~~~~~[0m
[96msrc/modules/system/workers/cron.worker.ts[0m:[93m74[0m:[93m48[0m - [91merror[0m[90m TS18046: [0m'er
ror' is of type 'unknown'.

[7m74[0m       this.logger.error(`Maintenance failed: ${error.message}`);
[7m  [0m [91m                                               ~~~~~[0m
[96msrc/modules/system/workers/cron.worker.ts[0m:[93m91[0m:[93m62[0m - [91merror[0m[90m TS18046: [0m'er
ror' is of type 'unknown'.

[7m91[0m       this.logger.error(`Message retention cleanup failed: ${error.message}`);
[7m  [0m [91m                                                             ~~~~~[0m
[96msrc/modules/system/workers/cron.worker.ts[0m:[93m120[0m:[93m53[0m - [91merror[0m[90m TS2339: [0mPro
perty 'fetchData' does not exist on type 'PlatformIntegrationAdapterService'.

[7m120[0m       const rawData = await this.integrationAdapter.fetchData(job.job_type, config);
[7m   [0m [91m                                                    ~~~~~~~~~[0m
[96msrc/modules/system/workers/cron.worker.ts[0m:[93m144[0m:[93m55[0m - [91merror[0m[90m TS18046: [0m'e
rror' is of type 'unknown'.

[7m144[0m       this.logger.error(`Job [${job.name}] failure: ${error.message}`);
[7m   [0m [91m                                                      ~~~~~[0m
[96msrc/modules/system/workers/cron.worker.ts[0m:[93m155[0m:[93m23[0m - [91merror[0m[90m TS18046: [0m'e
rror' is of type 'unknown'.

[7m155[0m           last_error: error.message,
[7m   [0m [91m                      ~~~~~[0m
[96msrc/modules/system/workers/cron.worker.ts[0m:[93m166[0m:[93m9[0m - [91merror[0m[90m TS18046: [0m'er
ror' is of type 'unknown'.

[7m166[0m         error.message,
[7m   [0m [91m        ~~~~~[0m
[96msrc/modules/system/workers/cron.worker.ts[0m:[93m178[0m:[93m63[0m - [91merror[0m[90m TS18046: [0m'e
rr' is of type 'unknown'.

[7m178[0m       this.logger.error(`Invalid Cron Expression [${cron}]: ${err.message}`);
[7m   [0m [91m                                                              ~~~[0m
[96msrc/prisma/prisma.service.ts[0m:[93m51[0m:[93m26[0m - [91merror[0m[90m TS2339: [0mProperty 'where' 
does not exist on type 'attendance_leaveCountArgs<InternalArgs & DefaultArgs> | attendance_leaveFindManyArgs<Inte
rnalArgs & DefaultArgs> | ... 1407 more ... | sys_user_registerGroupByArgs<...>'.
  Property 'where' does not exist on type 'attendance_leaveCreateArgs<InternalArgs & DefaultArgs>'.

[7m51[0m                 if (args.where?.includeDeleted) {
[7m  [0m [91m                         ~~~~~[0m
[96msrc/prisma/prisma.service.ts[0m:[93m52[0m:[93m67[0m - [91merror[0m[90m TS2339: [0mProperty 'where' 
does not exist on type 'attendance_leaveCountArgs<InternalArgs & DefaultArgs> | attendance_leaveFindManyArgs<Inte
rnalArgs & DefaultArgs> | ... 1407 more ... | sys_user_registerGroupByArgs<...>'.
  Property 'where' does not exist on type 'attendance_leaveCreateArgs<InternalArgs & DefaultArgs>'.

[7m52[0m                   const { includeDeleted, ...actualWhere } = args.where;
[7m  [0m [91m                                                                  ~~~~~[0m
[96msrc/prisma/prisma.service.ts[0m:[93m53[0m:[93m24[0m - [91merror[0m[90m TS2339: [0mProperty 'where' 
does not exist on type 'attendance_leaveCountArgs<InternalArgs & DefaultArgs> | attendance_leaveFindManyArgs<Inte
rnalArgs & DefaultArgs> | ... 1407 more ... | sys_user_registerGroupByArgs<...>'.
  Property 'where' does not exist on type 'attendance_leaveCreateArgs<InternalArgs & DefaultArgs>'.

[7m53[0m                   args.where = actualWhere;
[7m  [0m [91m                       ~~~~~[0m
[96msrc/prisma/prisma.service.ts[0m:[93m55[0m:[93m24[0m - [91merror[0m[90m TS2339: [0mProperty 'where' 
does not exist on type 'attendance_leaveCountArgs<InternalArgs & DefaultArgs> | attendance_leaveFindManyArgs<Inte
rnalArgs & DefaultArgs> | ... 1407 more ... | sys_user_registerGroupByArgs<...>'.
  Property 'where' does not exist on type 'attendance_leaveCreateArgs<InternalArgs & DefaultArgs>'.

[7m55[0m                   args.where = { ...args.where, is_deleted: 0 };
[7m  [0m [91m                       ~~~~~[0m
[96msrc/prisma/prisma.service.ts[0m:[93m55[0m:[93m42[0m - [91merror[0m[90m TS2339: [0mProperty 'where' 
does not exist on type 'attendance_leaveCountArgs<InternalArgs & DefaultArgs> | attendance_leaveFindManyArgs<Inte
rnalArgs & DefaultArgs> | ... 1407 more ... | sys_user_registerGroupByArgs<...>'.
  Property 'where' does not exist on type 'attendance_leaveCreateArgs<InternalArgs & DefaultArgs>'.

[7m55[0m                   args.where = { ...args.where, is_deleted: 0 };
[7m  [0m [91m                                         ~~~~~[0m
Found 1127 error(s).

[96mtest/helpers/test-utils.ts[0m:[93m34[0m:[93m15[0m - [91merror[0m[90m TS2304: [0mCannot find name 'j
est'.

[7m34[0m     $connect: jest.fn(),
[7m  [0m [91m              ~~~~[0m
[96mtest/helpers/test-utils.ts[0m:[93m35[0m:[93m18[0m - [91merror[0m[90m TS2304: [0mCannot find name 'j
est'.

[7m35[0m     $disconnect: jest.fn(),
[7m  [0m [91m                 ~~~~[0m
[96mtest/helpers/test-utils.ts[0m:[93m36[0m:[93m19[0m - [91merror[0m[90m TS2304: [0mCannot find name 'j
est'.

[7m36[0m     $transaction: jest.fn((callback) => callback({})),
[7m  [0m [91m                  ~~~~[0m
[96mtest/helpers/test-utils.ts[0m:[93m37[0m:[93m16[0m - [91merror[0m[90m TS2304: [0mCannot find name 'j
est'.

[7m37[0m     $queryRaw: jest.fn(),
[7m  [0m [91m               ~~~~[0m
[96mtest/helpers/test-utils.ts[0m:[93m38[0m:[93m18[0m - [91merror[0m[90m TS2304: [0mCannot find name 'j
est'.

[7m38[0m     $executeRaw: jest.fn(),
[7m  [0m [91m                 ~~~~[0m
[96mtest/helpers/test-utils.ts[0m:[93m76[0m:[93m13[0m - [91merror[0m[90m TS2304: [0mCannot find name 'j
est'.

[7m76[0m     status: jest.fn().mockReturnThis(),
[7m  [0m [91m            ~~~~[0m
[96mtest/helpers/test-utils.ts[0m:[93m77[0m:[93m11[0m - [91merror[0m[90m TS2304: [0mCannot find name 'j
est'.

[7m77[0m     json: jest.fn().mockReturnThis(),
[7m  [0m [91m          ~~~~[0m
[96mtest/helpers/test-utils.ts[0m:[93m78[0m:[93m11[0m - [91merror[0m[90m TS2304: [0mCannot find name 'j
est'.

[7m78[0m     send: jest.fn().mockReturnThis(),
[7m  [0m [91m          ~~~~[0m
[96mtest/helpers/test-utils.ts[0m:[93m79[0m:[93m16[0m - [91merror[0m[90m TS2304: [0mCannot find name 'j
est'.

[7m79[0m     setHeader: jest.fn().mockReturnThis(),
[7m  [0m [91m               ~~~~[0m
[96mtest/setup.ts[0m:[93m11[0m:[93m1[0m - [91merror[0m[90m TS2304: [0mCannot find name 'jest'.

[7m11[0m jest.setTimeout(30000);
[7m  [0m [91m~~~~[0m
[96mtest/setup.ts[0m:[93m17[0m:[93m8[0m - [91merror[0m[90m TS2304: [0mCannot find name 'jest'.

[7m17[0m   log: jest.fn(),
[7m  [0m [91m       ~~~~[0m
[96mtest/setup.ts[0m:[93m18[0m:[93m10[0m - [91merror[0m[90m TS2304: [0mCannot find name 'jest'.

[7m18[0m   debug: jest.fn(),
[7m  [0m [91m         ~~~~[0m
[96mtest/setup.ts[0m:[93m19[0m:[93m9[0m - [91merror[0m[90m TS2304: [0mCannot find name 'jest'.

[7m19[0m   info: jest.fn(),
[7m  [0m [91m        ~~~~[0m
[96mtest/setup.ts[0m:[93m20[0m:[93m9[0m - [91merror[0m[90m TS2304: [0mCannot find name 'jest'.

[7m20[0m   warn: jest.fn(),
[7m  [0m [91m        ~~~~[0m
[96mtest/setup.ts[0m:[93m21[0m:[93m10[0m - [91merror[0m[90m TS2304: [0mCannot find name 'jest'.

[7m21[0m   error: jest.fn(),
[7m  [0m [91m         ~~~~[0m

